VERIFY certs/j1_tuple4.json
Built J1 from certificate generators, order = 175560
Tuple length = 4
orders = [ 2, 2, 2, 2 ]
Generated order = 175560
Expected generated order = 175560
Omitting 1: generated order = 60 structure = A5
Omitting 2: generated order = 20 structure = D20
Omitting 3: generated order = 20 structure = D20
Omitting 4: generated order = 120 structure = C2 x A5
SUCCESS: irredundant generating tuple for J1.
VERIFY certs/j2_tuple5.json
Built J2 from certificate generators, order = 604800
Tuple length = 5
orders = [ 2, 2, 2, 2, 2 ]
Generated order = 604800
Expected generated order = 604800
Omitting 1: generated order = 6048 structure = PSU(3,3)
Omitting 2: generated order = 6048 structure = PSU(3,3)
Omitting 3: generated order = 1080 structure = C3 . A6
Omitting 4: generated order = 1080 structure = C3 . A6
Omitting 5: generated order = 1080 structure = C3 . A6
SUCCESS: irredundant generating tuple for J2.
VERIFY certs/j3_tuple4.json
Built J3 from certificate generators, order = 50232960
Tuple length = 4
orders = [ 2, 2, 2, 2 ]
Generated order = 50232960
Expected generated order = 50232960
Omitting 1: generated order = 8160 structure = PSL(2,16) : C2
Omitting 2: generated order = 8160 structure = PSL(2,16) : C2
Omitting 3: generated order = 8160 structure = PSL(2,16) : C2
Omitting 4: generated order = 8160 structure = PSL(2,16) : C2
SUCCESS: irredundant generating tuple for J3.
VERIFY certs/j3_i5_irredundant_tuple.json
Built J3 from certificate generators, order = 50232960
Tuple length = 5
orders = [ 3, 2, 3, 3, 2 ]
Generated order = 2880
Expected generated order = 2880
Omitting 1: generated order = 960 structure = (C2 x C2 x C2 x C2) : A5
Omitting 2: generated order = 180 structure = GL(2,4)
Omitting 3: generated order = 
288 structure = (((C2 x C2 x C2 x C2) : C3) : C2) : C3
Omitting 4: generated order = 
576 structure = (((C2 x C2 x C2 x C2) : C2) : C2) : (C3 x C3)
Omitting 5: generated order = 
576 structure = (((C2 x C2 x C2 x C2) : C2) : C2) : (C3 x C3)
SUCCESS: irredundant tuple for J3.
VERIFY certs/m22_tuple6.json
Built M22 from certificate generators, order = 443520
Tuple length = 6
orders = [ 2, 3, 2, 3, 2, 3 ]
Generated order = 443520
Expected generated order = 443520
Omitting 1: generated order = 20160 structure = PSL(3,4)
Omitting 2: generated order = 20160 structure = PSL(3,4)
Omitting 3: generated order = 5760 structure = (C2 x C2 x C2 x C2) : A6
Omitting 4: generated order = 20160 structure = PSL(3,4)
Omitting 5: generated order = 5760 structure = (C2 x C2 x C2 x C2) : A6
Omitting 6: generated order = 5760 structure = (C2 x C2 x C2 x C2) : A6
SUCCESS: irredundant generating tuple for M22.
VERIFY certs/m23_tuple6.json
Built M23 from certificate generators, order = 10200960
Tuple length = 6
orders = [ 2, 2, 3, 3, 2, 3 ]
Generated order = 10200960
Expected generated order = 10200960
Omitting 1: generated order = 443520 structure = M22
Omitting 2: generated order = 443520 structure = M22
Omitting 3: generated order = 443520 structure = M22
Omitting 4: generated order = 443520 structure = M22
Omitting 5: generated order = 443520 structure = M22
Omitting 6: generated order = 40320 structure = (C2 x C2 x C2 x C2) : A7
SUCCESS: irredundant generating tuple for M23.
VERIFY certs/m24_tuple7.json
Built M24 from certificate generators, order = 244823040
Tuple length = 7
orders = [ 2, 2, 2, 2, 3, 3, 3 ]
Generated order = 244823040
Expected generated order = 244823040
Omitting 1: generated order = 10200960 structure = M23
Omitting 2: generated order = 10200960 structure = M23
Omitting 3: generated order = 10200960 structure = M23
Omitting 4: generated order = 10200960 structure = M23
Omitting 5: generated order = 10200960 structure = M23
Omitting 6: generated order = 10200960 structure = M23
Omitting 7: generated order = 322560 structure = (C2 x C2 x C2 x C2) : A8
SUCCESS: irredundant generating tuple for M24.
VERIFY certs/hs_tuple7.json
Built HS from certificate generators, order = 44352000
Tuple length = 7
orders = [ 3, 3, 3, 2, 2, 2, 2 ]
Generated order = 44352000
Expected generated order = 44352000
Omitting 1: generated order = 443520 structure = M22
Omitting 2: generated order = 443520 structure = M22
Omitting 3: generated order = 443520 structure = M22
Omitting 4: generated order = 443520 structure = M22
Omitting 5: generated order = 443520 structure = M22
Omitting 6: generated order = 443520 structure = M22
Omitting 7: generated order = 443520 structure = M22
SUCCESS: irredundant generating tuple for HS.
VERIFY certs/mcl_tuple6.json
Built McL from certificate generators, order = 898128000
Tuple length = 6
orders = [ 2, 2, 2, 3, 2, 2 ]
Generated order = 898128000
Expected generated order = 898128000
Omitting 1: generated order = 3265920 structure = PSU(4,3)
Omitting 2: generated order = 3265920 structure = PSU(4,3)
Omitting 3: generated order = 3265920 structure = PSU(4,3)
Omitting 4: generated order = 3265920 structure = PSU(4,3)
Omitting 5: generated order = 5760 structure = (C2 x C2 x C2 x C2) : A6
Omitting 6: generated order = 20160 structure = PSL(3,4)
SUCCESS: irredundant generating tuple for McL.
