Built HS, order = 44352000, degree = 100
GAP version = 4.15.1
Signature framework version = 2026-05-12-cleanup
Target proper-subgroup weak-GP exclusion length = 8
Subgroup index range = [1, infinity]
UseKnownSubgroupShortcuts = true
DeduplicateBySizeStructure = false
Maximal subgroup classes = 12
1: size=443520 index=100 struct=M22
2: size=252000 index=176 struct=PSU(3,5) : C2
3: size=252000 index=176 struct=PSU(3,5) : C2
4: size=40320 index=1100 struct=PSL(3,4) : C2
5: size=40320 index=1100 struct=S8
6: size=11520 index=3850 struct=((C2 x C2 x C2 x C2) : A6) : C2
7: size=10752 index=4125 struct=(C4 x C4 x C4) : PSL(3,2)
8: size=7920 index=5600 struct=M11
9: size=7920 index=5600 struct=M11
10: size=7680 index=5775 struct=(((C2 x D8) : (C2 x C2)) : A5) : C2
11: size=2880 index=15400 struct=C2 x ((A6 : C2) : C2)
12: size=1200 index=36960 struct=(C5 : C4) x A5
Selected top maximal classes = [ 1 .. 12 ]
Checking HS maximal class 1: size=443520 struct=M22 target_no_weakGP=8
    shortcut: known_i_upper group=M22 i_upper=
6
  dependency=regenerate M22 certificates from data/computation_specs.json exclu\
des weak-GP8.
  shortcut: top maximal class 1 has certified no weak-GP8 in all subgroups.
Checking HS maximal class 2: size=
252000 struct=PSU(3,5) : C2 target_no_weakGP=8
  subgroup class representatives = 148 enumeration_ms=970
Checking HS maximal class 3: size=
252000 struct=PSU(3,5) : C2 target_no_weakGP=8
  subgroup class representatives = 148 enumeration_ms=583
Checking HS maximal class 4: size=40320 struct=PSL(3,4) : C2 target_no_weakGP=
8
  subgroup class representatives = 151 enumeration_ms=926
Checking HS maximal class 5: size=40320 struct=S8 target_no_weakGP=8
  subgroup class representatives = 296 enumeration_ms=1195
Checking HS maximal class 6: size=
11520 struct=((C2 x C2 x C2 x C2) : A6) : C2 target_no_weakGP=8
  subgroup class representatives = 455 enumeration_ms=2264
Checking HS maximal class 7: size=
10752 struct=(C4 x C4 x C4) : PSL(3,2) target_no_weakGP=8
  subgroup class representatives = 422 enumeration_ms=2496
Checking HS maximal class 8: size=7920 struct=M11 target_no_weakGP=8
    shortcut: known_i_upper group=M11 i_upper=
5 dependency=Brooks/GAP certificate excludes weak-GP8.
  shortcut: top maximal class 8 has certified no weak-GP8 in all subgroups.
Checking HS maximal class 9: size=7920 struct=M11 target_no_weakGP=8
    shortcut: known_i_upper group=M11 i_upper=
5 dependency=Brooks/GAP certificate excludes weak-GP8.
  shortcut: top maximal class 9 has certified no weak-GP8 in all subgroups.
Checking HS maximal class 10: size=
7680 struct=(((C2 x D8) : (C2 x C2)) : A5) : C2 target_no_weakGP=8
  subgroup class representatives = 533 enumeration_ms=2628
Checking HS maximal class 11: size=
2880 struct=C2 x ((A6 : C2) : C2) target_no_weakGP=8
  subgroup class representatives = 244 enumeration_ms=760
Checking HS maximal class 12: size=
1200 struct=(C5 : C4) x A5 target_no_weakGP=8
  subgroup class representatives = 72 enumeration_ms=235
Checked subgroup-class representatives = 0
SUCCESS: no proper subgroup of HS has weak-GP
8; hence every proper subgroup has i <= 7.
