Built HS, order = 44352000, degree = 100
GAP version = 4.15.1
Target proper-subgroup weak-GP exclusion length = 8
Selected top maximal classes = [ 7 ]
Subgroup index range = [326, 350]
UseKnownSubgroupShortcuts = true
DeduplicateBySizeStructure = false
HS maximal subgroup classes = 12
1: size=443520 index=100 struct=M22
2: size=252000 index=176 struct=PSU(3,5) : C2
3: size=252000 index=176 struct=PSU(3,5) : C2
4: size=40320 index=1100 struct=PSL(3,4) : C2
5: size=40320 index=1100 struct=S8
6: size=11520 index=3850 struct=((C2 x C2 x C2 x C2) : A6) : C2
7: size=10752 index=4125 struct=(C4 x C4 x C4) : PSL(3,2)
8: size=7920 index=5600 struct=M11
9: size=7920 index=5600 struct=M11
10: size=7680 index=
5775 struct=((((C2 x C2 x C2) : (C2 x C2)) : C2) : A5) : C2
11: size=2880 index=15400 struct=C2 x ((A6 : C2) : C2)
12: size=1200 index=36960 struct=A5 x (C5 : C4)
Checking HS maximal class 7: size=
10752 struct=(C4 x C4 x C4) : PSL(3,2) target_no_weakGP=8
  subgroup class representatives = 422 enumeration_ms=3837
  checking local_subgroup_index=326 checked_in_range=1 size=
64 struct=C2 x ((C4 x C4) : C2)
  checking local_subgroup_index=335 checked_in_range=10 size=
64 struct=((C2 x C2 x C2) : (C2 x C2)) : C2
  checking local_subgroup_index=345 checked_in_range=20 size=
96 struct=((C4 x C4) : C3) : C2
  completed HS maximal class 7 checked=25 requested_range=[326, 
350] no weak-GP8 found.
SUCCESS: selected HS maximal classes have no subgroup with weak-GP
8 in the checked ranges.
When run for all classes 1..12 with TargetProperUpper=8, this proves every pro\
per subgroup of HS has i <= 7. Combined with m(HS)=7, this gives i(HS)=7.
