Built J1, order = 175560, degree = 266
GAP version = 4.15.1
Mode = exist, target length = 5
Enumerating elements...
Element count = 175560 runtime_ms=184
Building maximal subgroup conjugates and element overgroup signatures...
Max class 1: 266 conjugates, size 660, PSL(2,11)
  cumulative maximals=266 elapsed_ms=334
Max class 2: 1045 conjugates, size 168, (C2 x C2 x C2) : (C7 : C3)
  cumulative maximals=1311 elapsed_ms=837
Max class 3: 1463 conjugates, size 120, C2 x A5
  cumulative maximals=2774 elapsed_ms=1232
Max class 4: 1540 conjugates, size 114, C19 : C6
  cumulative maximals=4314 elapsed_ms=1663
Max class 5: 1596 conjugates, size 110, C11 : C10
  cumulative maximals=5910 elapsed_ms=2088
Max class 6: 2926 conjugates, size 60, S3 x D10
  cumulative maximals=8836 elapsed_ms=2658
Max class 7: 4180 conjugates, size 42, C7 : C6
  cumulative maximals=13016 elapsed_ms=3206
Total maximal subgroups = 13016
Eligible private-witness elements = 83391
Distinct overgroup signatures = 30723
Eligible signature length histogram = 
[ [ 4, 35112 ], [ 9, 29260 ], [ 16, 11704 ], [ 41, 5852 ], [ 144, 1463 ] ]
Building signature incidence blists...
Signature blists runtime_ms=149
Building conjugation action on maximal subgroups...
Action degree = 13016 size = 175560 build_ms = 3379
Branch minimum_class=1 first_index=1
progress nodes=1000 depth=3 classes=[ 1, 5, 6 ] possible_sizes=[ 1, 6, 1 ]
progress nodes=2000 depth=3 classes=[ 1, 6, 6 ] possible_sizes=[ 1, 1, 1 ]
progress nodes=3000 depth=3 classes=[ 1, 4, 4 ] possible_sizes=[ 1, 1, 1 ]
progress nodes=4000 depth=3 classes=[ 1, 4, 6 ] possible_sizes=[ 1, 1, 1 ]
progress nodes=5000 depth=3 classes=[ 1, 4, 6 ] possible_sizes=[ 1, 1, 1 ]
progress nodes=6000 depth=3 classes=[ 1, 3, 5 ] possible_sizes=[ 1, 1, 3 ]
progress nodes=7000 depth=3 classes=[ 1, 3, 5 ] possible_sizes=[ 1, 1, 1 ]
progress nodes=8000 depth=4 classes=[ 1, 1, 1, 6 ] possible_sizes=
[ 1, 1, 1, 1 ]
progress nodes=9000 depth=3 classes=[ 1, 1, 4 ] possible_sizes=[ 1, 1, 1 ]
Completed branch minimum_class=1 nodes=9722 nodes_by_depth=
[ 1, 46, 9513, 162, 0 ] orbit_reps_by_next_depth=[ 0, 46, 9513, 162, 0 ]
Branch minimum_class=2 first_index=267
progress nodes=1000 depth=3 classes=[ 2, 3, 5 ] possible_sizes=[ 1, 1, 1 ]
Completed branch minimum_class=2 nodes=1607 nodes_by_depth=
[ 1, 96, 1510, 0, 0 ] orbit_reps_by_next_depth=[ 0, 96, 1510, 0, 0 ]
Branch minimum_class=3 first_index=1312
progress nodes=1000 depth=3 classes=[ 3, 5, 6 ] possible_sizes=[ 1, 1, 1 ]
progress nodes=2000 depth=3 classes=[ 3, 6, 6 ] possible_sizes=[ 1, 1, 1 ]
progress nodes=3000 depth=3 classes=[ 3, 6, 6 ] possible_sizes=[ 1, 1, 1 ]
progress nodes=4000 depth=3 classes=[ 3, 4, 6 ] possible_sizes=[ 1, 1, 3 ]
progress nodes=5000 depth=3 classes=[ 3, 4, 4 ] possible_sizes=[ 1, 1, 1 ]
progress nodes=6000 depth=3 classes=[ 3, 4, 5 ] possible_sizes=[ 1, 1, 1 ]
progress nodes=7000 depth=3 classes=[ 3, 4, 6 ] possible_sizes=[ 1, 1, 1 ]
progress nodes=8000 depth=3 classes=[ 3, 3, 4 ] possible_sizes=[ 1, 1, 1 ]
progress nodes=9000 depth=3 classes=[ 3, 3, 4 ] possible_sizes=[ 1, 1, 1 ]
progress nodes=10000 depth=3 classes=[ 3, 3, 4 ] possible_sizes=[ 1, 1, 1 ]
progress nodes=11000 depth=3 classes=[ 3, 3, 4 ] possible_sizes=[ 1, 1, 1 ]
progress nodes=12000 depth=3 classes=[ 3, 3, 4 ] possible_sizes=[ 1, 1, 1 ]
Completed branch minimum_class=3 nodes=12278 nodes_by_depth=
[ 1, 138, 12133, 6, 0 ] orbit_reps_by_next_depth=[ 0, 138, 12133, 6, 0 ]
Branch minimum_class=4 first_index=2775
progress nodes=1000 depth=3 classes=[ 4, 6, 6 ] possible_sizes=[ 1, 1, 1 ]
progress nodes=2000 depth=3 classes=[ 4, 6, 6 ] possible_sizes=[ 1, 1, 1 ]
progress nodes=3000 depth=3 classes=[ 4, 4, 4 ] possible_sizes=[ 1, 1, 1 ]
progress nodes=4000 depth=3 classes=[ 4, 4, 5 ] possible_sizes=[ 1, 1, 1 ]
Completed branch minimum_class=4 nodes=4765 nodes_by_depth=
[ 1, 114, 4650, 0, 0 ] orbit_reps_by_next_depth=[ 0, 114, 4650, 0, 0 ]
Branch minimum_class=5 first_index=4315
Completed branch minimum_class=5 nodes=930 nodes_by_depth=[ 1, 90, 839, 0, 0 
 ] orbit_reps_by_next_depth=[ 0, 90, 839, 0, 0 ]
Branch minimum_class=6 first_index=5911
progress nodes=1000 depth=3 classes=[ 6, 6, 6 ] possible_sizes=[ 1, 1, 1 ]
progress nodes=2000 depth=3 classes=[ 6, 6, 7 ] possible_sizes=[ 1, 1, 1 ]
progress nodes=3000 depth=3 classes=[ 6, 6, 7 ] possible_sizes=[ 1, 1, 1 ]
Completed branch minimum_class=6 nodes=3841 nodes_by_depth=
[ 1, 144, 3696, 0, 0 ] orbit_reps_by_next_depth=[ 0, 144, 3696, 0, 0 ]
Branch minimum_class=7 first_index=8837
Completed branch minimum_class=7 nodes=121 nodes_by_depth=[ 1, 106, 14, 0, 0 
 ] orbit_reps_by_next_depth=[ 0, 106, 14, 0, 0 ]
SUCCESS: no weak-GP5 family exists in J1 for branches [ 1 .. 7 ].
