Built J2, order = 604800, degree = 100
GAP version = 4.15.1
Signature framework version = 2026-05-12-cleanup
Target proper-subgroup weak-GP exclusion length = 6
Subgroup index range = [1, infinity]
UseKnownSubgroupShortcuts = true
DeduplicateBySizeStructure = false
Strong-flat probe exclusion length = 5
Maximal subgroup classes = 9
1: size=6048 index=100 struct=PSU(3,3)
2: size=2160 index=280 struct=(C3 . A6) : C2
3: size=1920 index=315 struct=((C2 x Q8) : C2) : A5
4: size=1152 index=525 struct=((C2 x Q8) : (C2 x C2)) : (C3 x S3)
5: size=720 index=840 struct=A5 x A4
6: size=600 index=1008 struct=D10 x A5
7: size=336 index=1800 struct=PSL(3,2) : C2
8: size=300 index=2016 struct=(C5 x C5) : D12
9: size=60 index=10080 struct=A5
Selected top maximal classes = [ 1 .. 9 ]
Checking J2 maximal class 1: size=6048 struct=PSU(3,3) target_no_weakGP=6
  subgroup class representatives = 36 enumeration_ms=110
  checked=1 top_class=1 local_index=1 size=1 struct=1
    shortcut: order_bound dependency=Size(K) < 2^target excludes weak-GP6.
    shortcut: order_bound dependency=Size(K) < 2^target excludes weak-GP6.
    shortcut: order_bound dependency=Size(K) < 2^target excludes weak-GP6.
    shortcut: order_bound dependency=Size(K) < 2^target excludes weak-GP6.
    shortcut: order_bound dependency=Size(K) < 2^target excludes weak-GP6.
    shortcut: order_bound dependency=Size(K) < 2^target excludes weak-GP6.
    shortcut: order_bound dependency=Size(K) < 2^target excludes weak-GP6.
    shortcut: order_bound dependency=Size(K) < 2^target excludes weak-GP6.
    shortcut: order_bound dependency=Size(K) < 2^target excludes weak-GP6.
    shortcut: order_bound dependency=Size(K) < 2^target excludes weak-GP6.
    shortcut: order_bound dependency=Size(K) < 2^target excludes weak-GP6.
    shortcut: order_bound dependency=Size(K) < 2^target excludes weak-GP6.
    shortcut: order_bound dependency=Size(K) < 2^target excludes weak-GP6.
    shortcut: order_bound dependency=Size(K) < 2^target excludes weak-GP6.
    shortcut: order_bound dependency=Size(K) < 2^target excludes weak-GP6.
    shortcut: order_bound dependency=Size(K) < 2^target excludes weak-GP6.
    shortcut: order_bound dependency=Size(K) < 2^target excludes weak-GP6.
    shortcut: order_bound dependency=Size(K) < 2^target excludes weak-GP6.
    shortcut: order_bound dependency=Size(K) < 2^target excludes weak-GP6.
    shortcut: order_bound dependency=Size(K) < 2^target excludes weak-GP6.
    shortcut: order_bound dependency=Size(K) < 2^target excludes weak-GP6.
    shortcut: order_bound dependency=Size(K) < 2^target excludes weak-GP6.
    shortcut: order_bound dependency=Size(K) < 2^target excludes weak-GP6.
    shortcut: order_bound dependency=Size(K) < 2^target excludes weak-GP6.
  checked=25 top_class=1 local_index=25 size=24 struct=C3 : C8
    shortcut: order_bound dependency=Size(K) < 2^target excludes weak-GP6.
    shortcut: order_bound dependency=Size(K) < 2^target excludes weak-GP6.
    shortcut: order_bound dependency=Size(K) < 2^target excludes weak-GP6.
    shortcut: order_bound dependency=Size(K) < 2^target excludes weak-GP6.
    shortcut: order_bound dependency=Size(K) < 2^target excludes weak-GP6.
    shortcut: order_bound dependency=Size(K) < 2^target excludes weak-GP6.
  completed J2 maximal class 1 checked=36 requested_range=[1, 36] no weak-GP
6 found.
Checking J2 maximal class 2: size=2160 struct=(C3 . A6) : C2 target_no_weakGP=
6
  subgroup class representatives = 47 enumeration_ms=157
    shortcut: order_bound dependency=Size(K) < 2^target excludes weak-GP6.
    shortcut: order_bound dependency=Size(K) < 2^target excludes weak-GP6.
    shortcut: order_bound dependency=Size(K) < 2^target excludes weak-GP6.
    shortcut: order_bound dependency=Size(K) < 2^target excludes weak-GP6.
    shortcut: order_bound dependency=Size(K) < 2^target excludes weak-GP6.
    shortcut: order_bound dependency=Size(K) < 2^target excludes weak-GP6.
    shortcut: order_bound dependency=Size(K) < 2^target excludes weak-GP6.
    shortcut: order_bound dependency=Size(K) < 2^target excludes weak-GP6.
    shortcut: order_bound dependency=Size(K) < 2^target excludes weak-GP6.
    shortcut: order_bound dependency=Size(K) < 2^target excludes weak-GP6.
    shortcut: order_bound dependency=Size(K) < 2^target excludes weak-GP6.
    shortcut: order_bound dependency=Size(K) < 2^target excludes weak-GP6.
    shortcut: order_bound dependency=Size(K) < 2^target excludes weak-GP6.
  checked=50 top_class=2 local_index=14 size=8 struct=C8
    shortcut: order_bound dependency=Size(K) < 2^target excludes weak-GP6.
    shortcut: order_bound dependency=Size(K) < 2^target excludes weak-GP6.
    shortcut: order_bound dependency=Size(K) < 2^target excludes weak-GP6.
    shortcut: order_bound dependency=Size(K) < 2^target excludes weak-GP6.
    shortcut: order_bound dependency=Size(K) < 2^target excludes weak-GP6.
    shortcut: order_bound dependency=Size(K) < 2^target excludes weak-GP6.
    shortcut: order_bound dependency=Size(K) < 2^target excludes weak-GP6.
    shortcut: order_bound dependency=Size(K) < 2^target excludes weak-GP6.
    shortcut: order_bound dependency=Size(K) < 2^target excludes weak-GP6.
    shortcut: order_bound dependency=Size(K) < 2^target excludes weak-GP6.
    shortcut: order_bound dependency=Size(K) < 2^target excludes weak-GP6.
    shortcut: order_bound dependency=Size(K) < 2^target excludes weak-GP6.
    shortcut: order_bound dependency=Size(K) < 2^target excludes weak-GP6.
    shortcut: order_bound dependency=Size(K) < 2^target excludes weak-GP6.
    shortcut: order_bound dependency=Size(K) < 2^target excludes weak-GP6.
    shortcut: order_bound dependency=Size(K) < 2^target excludes weak-GP6.
    shortcut: order_bound dependency=Size(K) < 2^target excludes weak-GP6.
    shortcut: order_bound dependency=Size(K) < 2^target excludes weak-GP6.
    shortcut: order_bound dependency=Size(K) < 2^target excludes weak-GP6.
    shortcut: order_bound dependency=Size(K) < 2^target excludes weak-GP6.
    shortcut: order_bound dependency=Size(K) < 2^target excludes weak-GP6.
    shortcut: order_bound dependency=Size(K) < 2^target excludes weak-GP6.
    shortcut: order_bound dependency=Size(K) < 2^target excludes weak-GP6.
    shortcut: order_bound dependency=Size(K) < 2^target excludes weak-GP6.
    shortcut: order_bound dependency=Size(K) < 2^target excludes weak-GP6.
  checked=75 top_class=2 local_index=39 size=54 struct=((C3 x C3) : C3) : C2
    shortcut: order_bound dependency=Size(K) < 2^target excludes weak-GP6.
    shortcut: order_bound dependency=Size(K) < 2^target excludes weak-GP6.
    shortcut: order_bound dependency=Size(K) < 2^target excludes weak-GP6.
  completed J2 maximal class 2 checked=47 requested_range=[1, 47] no weak-GP
6 found.
Checking J2 maximal class 3: size=
1920 struct=((C2 x Q8) : C2) : A5 target_no_weakGP=6
  subgroup class representatives = 86 enumeration_ms=179
    shortcut: order_bound dependency=Size(K) < 2^target excludes weak-GP6.
    shortcut: order_bound dependency=Size(K) < 2^target excludes weak-GP6.
    shortcut: order_bound dependency=Size(K) < 2^target excludes weak-GP6.
    shortcut: order_bound dependency=Size(K) < 2^target excludes weak-GP6.
    shortcut: order_bound dependency=Size(K) < 2^target excludes weak-GP6.
    shortcut: order_bound dependency=Size(K) < 2^target excludes weak-GP6.
    shortcut: order_bound dependency=Size(K) < 2^target excludes weak-GP6.
    shortcut: order_bound dependency=Size(K) < 2^target excludes weak-GP6.
    shortcut: order_bound dependency=Size(K) < 2^target excludes weak-GP6.
    shortcut: order_bound dependency=Size(K) < 2^target excludes weak-GP6.
    shortcut: order_bound dependency=Size(K) < 2^target excludes weak-GP6.
    shortcut: order_bound dependency=Size(K) < 2^target excludes weak-GP6.
    shortcut: order_bound dependency=Size(K) < 2^target excludes weak-GP6.
    shortcut: order_bound dependency=Size(K) < 2^target excludes weak-GP6.
    shortcut: order_bound dependency=Size(K) < 2^target excludes weak-GP6.
    shortcut: order_bound dependency=Size(K) < 2^target excludes weak-GP6.
  checked=100 top_class=3 local_index=17 size=6 struct=S3
    shortcut: order_bound dependency=Size(K) < 2^target excludes weak-GP6.
    shortcut: order_bound dependency=Size(K) < 2^target excludes weak-GP6.
    shortcut: order_bound dependency=Size(K) < 2^target excludes weak-GP6.
    shortcut: order_bound dependency=Size(K) < 2^target excludes weak-GP6.
    shortcut: order_bound dependency=Size(K) < 2^target excludes weak-GP6.
    shortcut: order_bound dependency=Size(K) < 2^target excludes weak-GP6.
    shortcut: order_bound dependency=Size(K) < 2^target excludes weak-GP6.
    shortcut: order_bound dependency=Size(K) < 2^target excludes weak-GP6.
    shortcut: order_bound dependency=Size(K) < 2^target excludes weak-GP6.
    shortcut: order_bound dependency=Size(K) < 2^target excludes weak-GP6.
    shortcut: order_bound dependency=Size(K) < 2^target excludes weak-GP6.
    shortcut: order_bound dependency=Size(K) < 2^target excludes weak-GP6.
    shortcut: order_bound dependency=Size(K) < 2^target excludes weak-GP6.
    shortcut: order_bound dependency=Size(K) < 2^target excludes weak-GP6.
    shortcut: order_bound dependency=Size(K) < 2^target excludes weak-GP6.
    shortcut: order_bound dependency=Size(K) < 2^target excludes weak-GP6.
    shortcut: order_bound dependency=Size(K) < 2^target excludes weak-GP6.
    shortcut: order_bound dependency=Size(K) < 2^target excludes weak-GP6.
    shortcut: order_bound dependency=Size(K) < 2^target excludes weak-GP6.
    shortcut: order_bound dependency=Size(K) < 2^target excludes weak-GP6.
    shortcut: order_bound dependency=Size(K) < 2^target excludes weak-GP6.
    shortcut: order_bound dependency=Size(K) < 2^target excludes weak-GP6.
    shortcut: order_bound dependency=Size(K) < 2^target excludes weak-GP6.
    shortcut: order_bound dependency=Size(K) < 2^target excludes weak-GP6.
    shortcut: order_bound dependency=Size(K) < 2^target excludes weak-GP6.
  checked=125 top_class=3 local_index=42 size=16 struct=C2 x D8
    shortcut: order_bound dependency=Size(K) < 2^target excludes weak-GP6.
    shortcut: order_bound dependency=Size(K) < 2^target excludes weak-GP6.
    shortcut: order_bound dependency=Size(K) < 2^target excludes weak-GP6.
    shortcut: order_bound dependency=Size(K) < 2^target excludes weak-GP6.
    shortcut: order_bound dependency=Size(K) < 2^target excludes weak-GP6.
    shortcut: order_bound dependency=Size(K) < 2^target excludes weak-GP6.
    shortcut: order_bound dependency=Size(K) < 2^target excludes weak-GP6.
    shortcut: order_bound dependency=Size(K) < 2^target excludes weak-GP6.
    shortcut: order_bound dependency=Size(K) < 2^target excludes weak-GP6.
    shortcut: order_bound dependency=Size(K) < 2^target excludes weak-GP6.
    shortcut: order_bound dependency=Size(K) < 2^target excludes weak-GP6.
    shortcut: order_bound dependency=Size(K) < 2^target excludes weak-GP6.
    shortcut: order_bound dependency=Size(K) < 2^target excludes weak-GP6.
    shortcut: order_bound dependency=Size(K) < 2^target excludes weak-GP6.
    shortcut: order_bound dependency=Size(K) < 2^target excludes weak-GP6.
    shortcut: order_bound dependency=Size(K) < 2^target excludes weak-GP6.
    shortcut: order_bound dependency=Size(K) < 2^target excludes weak-GP6.
    shortcut: order_bound dependency=Size(K) < 2^target excludes weak-GP6.
    shortcut: order_bound dependency=Size(K) < 2^target excludes weak-GP6.
    shortcut: order_bound dependency=Size(K) < 2^target excludes weak-GP6.
    shortcut: order_bound dependency=Size(K) < 2^target excludes weak-GP6.
    shortcut: order_bound dependency=Size(K) < 2^target excludes weak-GP6.
    shortcut: order_bound dependency=Size(K) < 2^target excludes weak-GP6.
    shortcut: order_bound dependency=Size(K) < 2^target excludes weak-GP6.
    shortcut: order_bound dependency=Size(K) < 2^target excludes weak-GP6.
  checked=150 top_class=3 local_index=67 size=48 struct=C2 x SL(2,3)
    shortcut: order_bound dependency=Size(K) < 2^target excludes weak-GP6.
    shortcut: order_bound dependency=Size(K) < 2^target excludes weak-GP6.
    shortcut: order_bound dependency=Size(K) < 2^target excludes weak-GP6.
    shortcut: order_bound dependency=Size(K) < 2^target excludes weak-GP6.
    shortcut: order_bound dependency=Size(K) < 2^target excludes weak-GP6.
    shortcut: order_bound dependency=Size(K) < 2^target excludes weak-GP6.
  completed J2 maximal class 3 checked=86 requested_range=[1, 86] no weak-GP
6 found.
Checking J2 maximal class 4: size=
1152 struct=((C2 x Q8) : (C2 x C2)) : (C3 x S3) target_no_weakGP=6
  subgroup class representatives = 88 enumeration_ms=130
    shortcut: order_bound dependency=Size(K) < 2^target excludes weak-GP6.
    shortcut: order_bound dependency=Size(K) < 2^target excludes weak-GP6.
    shortcut: order_bound dependency=Size(K) < 2^target excludes weak-GP6.
    shortcut: order_bound dependency=Size(K) < 2^target excludes weak-GP6.
    shortcut: order_bound dependency=Size(K) < 2^target excludes weak-GP6.
  checked=175 top_class=4 local_index=6 size=3 struct=C3
    shortcut: order_bound dependency=Size(K) < 2^target excludes weak-GP6.
    shortcut: order_bound dependency=Size(K) < 2^target excludes weak-GP6.
    shortcut: order_bound dependency=Size(K) < 2^target excludes weak-GP6.
    shortcut: order_bound dependency=Size(K) < 2^target excludes weak-GP6.
    shortcut: order_bound dependency=Size(K) < 2^target excludes weak-GP6.
    shortcut: order_bound dependency=Size(K) < 2^target excludes weak-GP6.
    shortcut: order_bound dependency=Size(K) < 2^target excludes weak-GP6.
    shortcut: order_bound dependency=Size(K) < 2^target excludes weak-GP6.
    shortcut: order_bound dependency=Size(K) < 2^target excludes weak-GP6.
    shortcut: order_bound dependency=Size(K) < 2^target excludes weak-GP6.
    shortcut: order_bound dependency=Size(K) < 2^target excludes weak-GP6.
    shortcut: order_bound dependency=Size(K) < 2^target excludes weak-GP6.
    shortcut: order_bound dependency=Size(K) < 2^target excludes weak-GP6.
    shortcut: order_bound dependency=Size(K) < 2^target excludes weak-GP6.
    shortcut: order_bound dependency=Size(K) < 2^target excludes weak-GP6.
    shortcut: order_bound dependency=Size(K) < 2^target excludes weak-GP6.
    shortcut: order_bound dependency=Size(K) < 2^target excludes weak-GP6.
    shortcut: order_bound dependency=Size(K) < 2^target excludes weak-GP6.
    shortcut: order_bound dependency=Size(K) < 2^target excludes weak-GP6.
    shortcut: order_bound dependency=Size(K) < 2^target excludes weak-GP6.
    shortcut: order_bound dependency=Size(K) < 2^target excludes weak-GP6.
    shortcut: order_bound dependency=Size(K) < 2^target excludes weak-GP6.
    shortcut: order_bound dependency=Size(K) < 2^target excludes weak-GP6.
    shortcut: order_bound dependency=Size(K) < 2^target excludes weak-GP6.
    shortcut: order_bound dependency=Size(K) < 2^target excludes weak-GP6.
  checked=200 top_class=4 local_index=31 size=12 struct=C6 x C2
    shortcut: order_bound dependency=Size(K) < 2^target excludes weak-GP6.
    shortcut: order_bound dependency=Size(K) < 2^target excludes weak-GP6.
    shortcut: order_bound dependency=Size(K) < 2^target excludes weak-GP6.
    shortcut: order_bound dependency=Size(K) < 2^target excludes weak-GP6.
    shortcut: order_bound dependency=Size(K) < 2^target excludes weak-GP6.
    shortcut: order_bound dependency=Size(K) < 2^target excludes weak-GP6.
    shortcut: order_bound dependency=Size(K) < 2^target excludes weak-GP6.
    shortcut: order_bound dependency=Size(K) < 2^target excludes weak-GP6.
    shortcut: order_bound dependency=Size(K) < 2^target excludes weak-GP6.
    shortcut: order_bound dependency=Size(K) < 2^target excludes weak-GP6.
    shortcut: order_bound dependency=Size(K) < 2^target excludes weak-GP6.
    shortcut: order_bound dependency=Size(K) < 2^target excludes weak-GP6.
    shortcut: order_bound dependency=Size(K) < 2^target excludes weak-GP6.
    shortcut: order_bound dependency=Size(K) < 2^target excludes weak-GP6.
    shortcut: order_bound dependency=Size(K) < 2^target excludes weak-GP6.
    shortcut: order_bound dependency=Size(K) < 2^target excludes weak-GP6.
    shortcut: order_bound dependency=Size(K) < 2^target excludes weak-GP6.
    shortcut: order_bound dependency=Size(K) < 2^target excludes weak-GP6.
    shortcut: order_bound dependency=Size(K) < 2^target excludes weak-GP6.
    shortcut: order_bound dependency=Size(K) < 2^target excludes weak-GP6.
    shortcut: order_bound dependency=Size(K) < 2^target excludes weak-GP6.
    shortcut: order_bound dependency=Size(K) < 2^target excludes weak-GP6.
    shortcut: order_bound dependency=Size(K) < 2^target excludes weak-GP6.
    shortcut: order_bound dependency=Size(K) < 2^target excludes weak-GP6.
    shortcut: order_bound dependency=Size(K) < 2^target excludes weak-GP6.
  checked=225 top_class=4 local_index=56 size=24 struct=C2 x A4
    shortcut: order_bound dependency=Size(K) < 2^target excludes weak-GP6.
    shortcut: order_bound dependency=Size(K) < 2^target excludes weak-GP6.
    shortcut: order_bound dependency=Size(K) < 2^target excludes weak-GP6.
    shortcut: order_bound dependency=Size(K) < 2^target excludes weak-GP6.
    shortcut: order_bound dependency=Size(K) < 2^target excludes weak-GP6.
    shortcut: order_bound dependency=Size(K) < 2^target excludes weak-GP6.
    shortcut: order_bound dependency=Size(K) < 2^target excludes weak-GP6.
    shortcut: order_bound dependency=Size(K) < 2^target excludes weak-GP6.
    shortcut: order_bound dependency=Size(K) < 2^target excludes weak-GP6.
    shortcut: order_bound dependency=Size(K) < 2^target excludes weak-GP6.
    shortcut: order_bound dependency=Size(K) < 2^target excludes weak-GP6.
    shortcut: order_bound dependency=Size(K) < 2^target excludes weak-GP6.
    shortcut: order_bound dependency=Size(K) < 2^target excludes weak-GP6.
    shortcut: order_bound dependency=Size(K) < 2^target excludes weak-GP6.
    shortcut: order_bound dependency=Size(K) < 2^target excludes weak-GP6.
    shortcut: order_bound dependency=Size(K) < 2^target excludes weak-GP6.
    shortcut: order_bound dependency=Size(K) < 2^target excludes weak-GP6.
  checked=250 top_class=4 local_index=81 size=144 struct=A4 x A4
  completed J2 maximal class 4 checked=88 requested_range=[1, 88] no weak-GP
6 found.
Checking J2 maximal class 5: size=720 struct=A5 x A4 target_no_weakGP=6
  subgroup class representatives = 63 enumeration_ms=124
    shortcut: order_bound dependency=Size(K) < 2^target excludes weak-GP6.
    shortcut: order_bound dependency=Size(K) < 2^target excludes weak-GP6.
    shortcut: order_bound dependency=Size(K) < 2^target excludes weak-GP6.
    shortcut: order_bound dependency=Size(K) < 2^target excludes weak-GP6.
    shortcut: order_bound dependency=Size(K) < 2^target excludes weak-GP6.
    shortcut: order_bound dependency=Size(K) < 2^target excludes weak-GP6.
    shortcut: order_bound dependency=Size(K) < 2^target excludes weak-GP6.
    shortcut: order_bound dependency=Size(K) < 2^target excludes weak-GP6.
    shortcut: order_bound dependency=Size(K) < 2^target excludes weak-GP6.
    shortcut: order_bound dependency=Size(K) < 2^target excludes weak-GP6.
    shortcut: order_bound dependency=Size(K) < 2^target excludes weak-GP6.
    shortcut: order_bound dependency=Size(K) < 2^target excludes weak-GP6.
    shortcut: order_bound dependency=Size(K) < 2^target excludes weak-GP6.
    shortcut: order_bound dependency=Size(K) < 2^target excludes weak-GP6.
    shortcut: order_bound dependency=Size(K) < 2^target excludes weak-GP6.
    shortcut: order_bound dependency=Size(K) < 2^target excludes weak-GP6.
    shortcut: order_bound dependency=Size(K) < 2^target excludes weak-GP6.
  checked=275 top_class=5 local_index=18 size=6 struct=C6
    shortcut: order_bound dependency=Size(K) < 2^target excludes weak-GP6.
    shortcut: order_bound dependency=Size(K) < 2^target excludes weak-GP6.
    shortcut: order_bound dependency=Size(K) < 2^target excludes weak-GP6.
    shortcut: order_bound dependency=Size(K) < 2^target excludes weak-GP6.
    shortcut: order_bound dependency=Size(K) < 2^target excludes weak-GP6.
    shortcut: order_bound dependency=Size(K) < 2^target excludes weak-GP6.
    shortcut: order_bound dependency=Size(K) < 2^target excludes weak-GP6.
    shortcut: order_bound dependency=Size(K) < 2^target excludes weak-GP6.
    shortcut: order_bound dependency=Size(K) < 2^target excludes weak-GP6.
    shortcut: order_bound dependency=Size(K) < 2^target excludes weak-GP6.
    shortcut: order_bound dependency=Size(K) < 2^target excludes weak-GP6.
    shortcut: order_bound dependency=Size(K) < 2^target excludes weak-GP6.
    shortcut: order_bound dependency=Size(K) < 2^target excludes weak-GP6.
    shortcut: order_bound dependency=Size(K) < 2^target excludes weak-GP6.
    shortcut: order_bound dependency=Size(K) < 2^target excludes weak-GP6.
    shortcut: order_bound dependency=Size(K) < 2^target excludes weak-GP6.
    shortcut: order_bound dependency=Size(K) < 2^target excludes weak-GP6.
    shortcut: order_bound dependency=Size(K) < 2^target excludes weak-GP6.
    shortcut: order_bound dependency=Size(K) < 2^target excludes weak-GP6.
    shortcut: order_bound dependency=Size(K) < 2^target excludes weak-GP6.
    shortcut: order_bound dependency=Size(K) < 2^target excludes weak-GP6.
    shortcut: order_bound dependency=Size(K) < 2^target excludes weak-GP6.
    shortcut: order_bound dependency=Size(K) < 2^target excludes weak-GP6.
    shortcut: order_bound dependency=Size(K) < 2^target excludes weak-GP6.
    shortcut: order_bound dependency=Size(K) < 2^target excludes weak-GP6.
  checked=300 top_class=5 local_index=43 size=20 struct=D20
    shortcut: order_bound dependency=Size(K) < 2^target excludes weak-GP6.
    shortcut: order_bound dependency=Size(K) < 2^target excludes weak-GP6.
    shortcut: order_bound dependency=Size(K) < 2^target excludes weak-GP6.
    shortcut: order_bound dependency=Size(K) < 2^target excludes weak-GP6.
    shortcut: order_bound dependency=Size(K) < 2^target excludes weak-GP6.
    shortcut: order_bound dependency=Size(K) < 2^target excludes weak-GP6.
    shortcut: order_bound dependency=Size(K) < 2^target excludes weak-GP6.
    shortcut: order_bound dependency=Size(K) < 2^target excludes weak-GP6.
    shortcut: order_bound dependency=Size(K) < 2^target excludes weak-GP6.
    shortcut: order_bound dependency=Size(K) < 2^target excludes weak-GP6.
    shortcut: order_bound dependency=Size(K) < 2^target excludes weak-GP6.
    shortcut: order_bound dependency=Size(K) < 2^target excludes weak-GP6.
    shortcut: order_bound dependency=Size(K) < 2^target excludes weak-GP6.
    shortcut: order_bound dependency=Size(K) < 2^target excludes weak-GP6.
  strong-flat obstruction: weak-GP5 in size=
240 struct=C2 x C2 x A5 classPattern=[ 1, 2, 4, 4, 5 ]
  strong-flat obstruction: weak-GP5 in size=720 struct=A5 x A4 classPattern=
[ 1, 2, 3, 3, 4 ]
  completed J2 maximal class 5 checked=63 requested_range=[1, 63] no weak-GP
6 found.
Checking J2 maximal class 6: size=600 struct=D10 x A5 target_no_weakGP=6
  subgroup class representatives = 48 enumeration_ms=68
    shortcut: order_bound dependency=Size(K) < 2^target excludes weak-GP6.
    shortcut: order_bound dependency=Size(K) < 2^target excludes weak-GP6.
    shortcut: order_bound dependency=Size(K) < 2^target excludes weak-GP6.
    shortcut: order_bound dependency=Size(K) < 2^target excludes weak-GP6.
  checked=325 top_class=6 local_index=5 size=3 struct=C3
    shortcut: order_bound dependency=Size(K) < 2^target excludes weak-GP6.
    shortcut: order_bound dependency=Size(K) < 2^target excludes weak-GP6.
    shortcut: order_bound dependency=Size(K) < 2^target excludes weak-GP6.
    shortcut: order_bound dependency=Size(K) < 2^target excludes weak-GP6.
    shortcut: order_bound dependency=Size(K) < 2^target excludes weak-GP6.
    shortcut: order_bound dependency=Size(K) < 2^target excludes weak-GP6.
    shortcut: order_bound dependency=Size(K) < 2^target excludes weak-GP6.
    shortcut: order_bound dependency=Size(K) < 2^target excludes weak-GP6.
    shortcut: order_bound dependency=Size(K) < 2^target excludes weak-GP6.
    shortcut: order_bound dependency=Size(K) < 2^target excludes weak-GP6.
    shortcut: order_bound dependency=Size(K) < 2^target excludes weak-GP6.
    shortcut: order_bound dependency=Size(K) < 2^target excludes weak-GP6.
    shortcut: order_bound dependency=Size(K) < 2^target excludes weak-GP6.
    shortcut: order_bound dependency=Size(K) < 2^target excludes weak-GP6.
    shortcut: order_bound dependency=Size(K) < 2^target excludes weak-GP6.
    shortcut: order_bound dependency=Size(K) < 2^target excludes weak-GP6.
    shortcut: order_bound dependency=Size(K) < 2^target excludes weak-GP6.
    shortcut: order_bound dependency=Size(K) < 2^target excludes weak-GP6.
    shortcut: order_bound dependency=Size(K) < 2^target excludes weak-GP6.
    shortcut: order_bound dependency=Size(K) < 2^target excludes weak-GP6.
    shortcut: order_bound dependency=Size(K) < 2^target excludes weak-GP6.
    shortcut: order_bound dependency=Size(K) < 2^target excludes weak-GP6.
    shortcut: order_bound dependency=Size(K) < 2^target excludes weak-GP6.
    shortcut: order_bound dependency=Size(K) < 2^target excludes weak-GP6.
    shortcut: order_bound dependency=Size(K) < 2^target excludes weak-GP6.
  checked=350 top_class=6 local_index=30 size=20 struct=D20
    shortcut: order_bound dependency=Size(K) < 2^target excludes weak-GP6.
    shortcut: order_bound dependency=Size(K) < 2^target excludes weak-GP6.
    shortcut: order_bound dependency=Size(K) < 2^target excludes weak-GP6.
    shortcut: order_bound dependency=Size(K) < 2^target excludes weak-GP6.
    shortcut: order_bound dependency=Size(K) < 2^target excludes weak-GP6.
    shortcut: order_bound dependency=Size(K) < 2^target excludes weak-GP6.
    shortcut: order_bound dependency=Size(K) < 2^target excludes weak-GP6.
    shortcut: order_bound dependency=Size(K) < 2^target excludes weak-GP6.
    shortcut: order_bound dependency=Size(K) < 2^target excludes weak-GP6.
    shortcut: order_bound dependency=Size(K) < 2^target excludes weak-GP6.
    shortcut: order_bound dependency=Size(K) < 2^target excludes weak-GP6.
    shortcut: order_bound dependency=Size(K) < 2^target excludes weak-GP6.
    shortcut: order_bound dependency=Size(K) < 2^target excludes weak-GP6.
    shortcut: order_bound dependency=Size(K) < 2^target excludes weak-GP6.
  strong-flat obstruction: weak-GP5 in size=600 struct=D10 x A5 classPattern=
[ 1, 2, 3, 3, 4 ]
  completed J2 maximal class 6 checked=48 requested_range=[1, 48] no weak-GP
6 found.
Checking J2 maximal class 7: size=336 struct=PSL(3,2) : C2 target_no_weakGP=6
  subgroup class representatives = 23 enumeration_ms=31
    shortcut: order_bound dependency=Size(K) < 2^target excludes weak-GP6.
    shortcut: order_bound dependency=Size(K) < 2^target excludes weak-GP6.
    shortcut: order_bound dependency=Size(K) < 2^target excludes weak-GP6.
    shortcut: order_bound dependency=Size(K) < 2^target excludes weak-GP6.
    shortcut: order_bound dependency=Size(K) < 2^target excludes weak-GP6.
    shortcut: order_bound dependency=Size(K) < 2^target excludes weak-GP6.
  checked=375 top_class=7 local_index=7 size=4 struct=C2 x C2
    shortcut: order_bound dependency=Size(K) < 2^target excludes weak-GP6.
    shortcut: order_bound dependency=Size(K) < 2^target excludes weak-GP6.
    shortcut: order_bound dependency=Size(K) < 2^target excludes weak-GP6.
    shortcut: order_bound dependency=Size(K) < 2^target excludes weak-GP6.
    shortcut: order_bound dependency=Size(K) < 2^target excludes weak-GP6.
    shortcut: order_bound dependency=Size(K) < 2^target excludes weak-GP6.
    shortcut: order_bound dependency=Size(K) < 2^target excludes weak-GP6.
    shortcut: order_bound dependency=Size(K) < 2^target excludes weak-GP6.
    shortcut: order_bound dependency=Size(K) < 2^target excludes weak-GP6.
    shortcut: order_bound dependency=Size(K) < 2^target excludes weak-GP6.
    shortcut: order_bound dependency=Size(K) < 2^target excludes weak-GP6.
    shortcut: order_bound dependency=Size(K) < 2^target excludes weak-GP6.
    shortcut: order_bound dependency=Size(K) < 2^target excludes weak-GP6.
    shortcut: order_bound dependency=Size(K) < 2^target excludes weak-GP6.
    shortcut: order_bound dependency=Size(K) < 2^target excludes weak-GP6.
  completed J2 maximal class 7 checked=23 requested_range=[1, 23] no weak-GP
6 found.
Checking J2 maximal class 8: size=300 struct=(C5 x C5) : D12 target_no_weakGP=
6
  subgroup class representatives = 30 enumeration_ms=23
    shortcut: order_bound dependency=Size(K) < 2^target excludes weak-GP6.
    shortcut: order_bound dependency=Size(K) < 2^target excludes weak-GP6.
    shortcut: order_bound dependency=Size(K) < 2^target excludes weak-GP6.
    shortcut: order_bound dependency=Size(K) < 2^target excludes weak-GP6.
    shortcut: order_bound dependency=Size(K) < 2^target excludes weak-GP6.
    shortcut: order_bound dependency=Size(K) < 2^target excludes weak-GP6.
    shortcut: order_bound dependency=Size(K) < 2^target excludes weak-GP6.
    shortcut: order_bound dependency=Size(K) < 2^target excludes weak-GP6.
  checked=400 top_class=8 local_index=9 size=6 struct=S3
    shortcut: order_bound dependency=Size(K) < 2^target excludes weak-GP6.
    shortcut: order_bound dependency=Size(K) < 2^target excludes weak-GP6.
    shortcut: order_bound dependency=Size(K) < 2^target excludes weak-GP6.
    shortcut: order_bound dependency=Size(K) < 2^target excludes weak-GP6.
    shortcut: order_bound dependency=Size(K) < 2^target excludes weak-GP6.
    shortcut: order_bound dependency=Size(K) < 2^target excludes weak-GP6.
    shortcut: order_bound dependency=Size(K) < 2^target excludes weak-GP6.
    shortcut: order_bound dependency=Size(K) < 2^target excludes weak-GP6.
    shortcut: order_bound dependency=Size(K) < 2^target excludes weak-GP6.
    shortcut: order_bound dependency=Size(K) < 2^target excludes weak-GP6.
    shortcut: order_bound dependency=Size(K) < 2^target excludes weak-GP6.
    shortcut: order_bound dependency=Size(K) < 2^target excludes weak-GP6.
    shortcut: order_bound dependency=Size(K) < 2^target excludes weak-GP6.
    shortcut: order_bound dependency=Size(K) < 2^target excludes weak-GP6.
    shortcut: order_bound dependency=Size(K) < 2^target excludes weak-GP6.
    shortcut: order_bound dependency=Size(K) < 2^target excludes weak-GP6.
  completed J2 maximal class 8 checked=30 requested_range=[1, 30] no weak-GP
6 found.
Checking J2 maximal class 9: size=60 struct=A5 target_no_weakGP=6
    shortcut: order_bound dependency=Size(K) < 2^target excludes weak-GP6.
  shortcut: top maximal class 9 has certified no weak-GP6 in all subgroups.
Checked subgroup-class representatives = 421
SUCCESS: no proper subgroup of J2 has weak-GP
6; hence every proper subgroup has i <= 5.
Proper subgroup weak-GP5 witnesses found: 3
rec(
  classPattern := [ 1, 2, 4, 4, 5 ],
  family := [ 1, 2, 4, 8, 14 ],
  localIndex := 62,
  maximalCount := 24,
  signatureCount := 109,
  size := 240,
  structure := "C2 x C2 x A5",
  topClass := 5 )
