Using active selected classes inside prebuilt workspace: 
[ 1, 2, 3, 4, 6, 7, 8, 9 ]
Framework cached upper-bound run for J3
GAP version = 4.15.1
UB framework version = 2026-05-12-known-i-shortcut
Target weak-GP length = 5
Prebuilt selected maximal classes = [ 1 .. 9 ]
Active maximal classes = [ 1, 2, 3, 4, 6, 7, 8, 9 ]
Total prebuilt maximal subgroups = 192358
Action degree = 192358 size = 50232960
UseRankMonotoneOrder = true
UseMovedPointCandidateFilter = true
UseDeadSetCache = true min_depth=3
FixedPrefixes count = 4
Using fixed prefix: [ 122591, 149352 ] classes=[ 8, 9 ]
Using fixed prefix: [ 122591, 149649 ] classes=[ 8, 9 ]
Using fixed prefix: [ 122591, 150446 ] classes=[ 8, 9 ]
Using fixed prefix: [ 148754, 148760 ] classes=[ 9, 9 ]
RESULT=partial_success
NODES=21
NODES_BY_DEPTH=[ 0, 4, 7, 10, 0 ]
BRANCH_STATS=[ 0, 0, 7, 10, 0 ]
SUCCESS: framework cached no weak-GP
5 run completed for J3 with status partial_success.
