Built J3, order = 50232960, degree = 6156
GAP version = 4.15.1
Signature framework version = 2026-05-12-cleanup
Target proper-subgroup weak-GP exclusion length = 6
Subgroup index range = [1, infinity]
UseKnownSubgroupShortcuts = true
DeduplicateBySizeStructure = false
Maximal subgroup classes = 9
1: size=8160 index=6156 struct=PSL(2,16) : C2
2: size=3420 index=14688 struct=PSL(2,19)
3: size=3420 index=14688 struct=PSL(2,19)
4: size=2880 index=17442 struct=(C2 x C2 x C2 x C2) : GL(2,4)
5: size=2448 index=20520 struct=PSL(2,17)
6: size=2160 index=23256 struct=C3 : (A6 : C2)
7: size=1944 index=
25840 struct=((C3 x C3) . ((C3 x C3) : C3) = (C3 x C3 x C3) . (C3 x C3)) : C8
8: size=1920 index=26163 struct=((C2 x Q8) : C2) : A5
9: size=1152 index=43605 struct=(((C4 x C2) : C2) : (C2 x C2)) : (C3 x S3)
Selected top maximal classes = [ 1 .. 9 ]
Checking J3 maximal class 1: size=8160 struct=PSL(2,16) : C2 target_no_weakGP=
6
  subgroup class representatives = 47 enumeration_ms=813
  checked=1 top_class=1 local_index=1 size=1 struct=1
    shortcut: order_bound dependency=Size(K) < 2^target excludes weak-GP6.
    shortcut: order_bound dependency=Size(K) < 2^target excludes weak-GP6.
    shortcut: order_bound dependency=Size(K) < 2^target excludes weak-GP6.
    shortcut: order_bound dependency=Size(K) < 2^target excludes weak-GP6.
    shortcut: order_bound dependency=Size(K) < 2^target excludes weak-GP6.
    shortcut: order_bound dependency=Size(K) < 2^target excludes weak-GP6.
    shortcut: order_bound dependency=Size(K) < 2^target excludes weak-GP6.
    shortcut: order_bound dependency=Size(K) < 2^target excludes weak-GP6.
    shortcut: order_bound dependency=Size(K) < 2^target excludes weak-GP6.
    shortcut: order_bound dependency=Size(K) < 2^target excludes weak-GP6.
    shortcut: order_bound dependency=Size(K) < 2^target excludes weak-GP6.
    shortcut: order_bound dependency=Size(K) < 2^target excludes weak-GP6.
    shortcut: order_bound dependency=Size(K) < 2^target excludes weak-GP6.
    shortcut: order_bound dependency=Size(K) < 2^target excludes weak-GP6.
    shortcut: order_bound dependency=Size(K) < 2^target excludes weak-GP6.
    shortcut: order_bound dependency=Size(K) < 2^target excludes weak-GP6.
    shortcut: order_bound dependency=Size(K) < 2^target excludes weak-GP6.
    shortcut: order_bound dependency=Size(K) < 2^target excludes weak-GP6.
    shortcut: order_bound dependency=Size(K) < 2^target excludes weak-GP6.
    shortcut: order_bound dependency=Size(K) < 2^target excludes weak-GP6.
    shortcut: order_bound dependency=Size(K) < 2^target excludes weak-GP6.
    shortcut: order_bound dependency=Size(K) < 2^target excludes weak-GP6.
    shortcut: order_bound dependency=Size(K) < 2^target excludes weak-GP6.
    shortcut: order_bound dependency=Size(K) < 2^target excludes weak-GP6.
  checked=25 top_class=1 local_index=25 size=16 struct=C2 x C2 x C2 x C2
    shortcut: order_bound dependency=Size(K) < 2^target excludes weak-GP6.
    shortcut: order_bound dependency=Size(K) < 2^target excludes weak-GP6.
    shortcut: order_bound dependency=Size(K) < 2^target excludes weak-GP6.
    shortcut: order_bound dependency=Size(K) < 2^target excludes weak-GP6.
    shortcut: order_bound dependency=Size(K) < 2^target excludes weak-GP6.
    shortcut: order_bound dependency=Size(K) < 2^target excludes weak-GP6.
    shortcut: order_bound dependency=Size(K) < 2^target excludes weak-GP6.
    shortcut: order_bound dependency=Size(K) < 2^target excludes weak-GP6.
    shortcut: order_bound dependency=Size(K) < 2^target excludes weak-GP6.
    shortcut: order_bound dependency=Size(K) < 2^target excludes weak-GP6.
    shortcut: order_bound dependency=Size(K) < 2^target excludes weak-GP6.
    shortcut: order_bound dependency=Size(K) < 2^target excludes weak-GP6.
    shortcut: order_bound dependency=Size(K) < 2^target excludes weak-GP6.
    shortcut: order_bound dependency=Size(K) < 2^target excludes weak-GP6.
    completed local_subgroup_index=42 elapsed_ms=1788
    completed local_subgroup_index=46 elapsed_ms=1549
    completed local_subgroup_index=47 elapsed_ms=2244
  completed J3 maximal class 1 checked=47 requested_range=[1, 47] no weak-GP
6 found.
Checking J3 maximal class 2: size=3420 struct=PSL(2,19) target_no_weakGP=6
  subgroup class representatives = 19 enumeration_ms=48
    shortcut: order_bound dependency=Size(K) < 2^target excludes weak-GP6.
    shortcut: order_bound dependency=Size(K) < 2^target excludes weak-GP6.
  checked=50 top_class=2 local_index=3 size=3 struct=C3
    shortcut: order_bound dependency=Size(K) < 2^target excludes weak-GP6.
    shortcut: order_bound dependency=Size(K) < 2^target excludes weak-GP6.
    shortcut: order_bound dependency=Size(K) < 2^target excludes weak-GP6.
    shortcut: order_bound dependency=Size(K) < 2^target excludes weak-GP6.
    shortcut: order_bound dependency=Size(K) < 2^target excludes weak-GP6.
    shortcut: order_bound dependency=Size(K) < 2^target excludes weak-GP6.
    shortcut: order_bound dependency=Size(K) < 2^target excludes weak-GP6.
    shortcut: order_bound dependency=Size(K) < 2^target excludes weak-GP6.
    shortcut: order_bound dependency=Size(K) < 2^target excludes weak-GP6.
    shortcut: order_bound dependency=Size(K) < 2^target excludes weak-GP6.
    shortcut: order_bound dependency=Size(K) < 2^target excludes weak-GP6.
    shortcut: order_bound dependency=Size(K) < 2^target excludes weak-GP6.
    shortcut: order_bound dependency=Size(K) < 2^target excludes weak-GP6.
    shortcut: order_bound dependency=Size(K) < 2^target excludes weak-GP6.
    shortcut: order_bound dependency=Size(K) < 2^target excludes weak-GP6.
    completed local_subgroup_index=19 elapsed_ms=1834
  completed J3 maximal class 2 checked=19 requested_range=[1, 19] no weak-GP
6 found.
Checking J3 maximal class 3: size=3420 struct=PSL(2,19) target_no_weakGP=6
  subgroup class representatives = 19 enumeration_ms=34
    shortcut: order_bound dependency=Size(K) < 2^target excludes weak-GP6.
    shortcut: order_bound dependency=Size(K) < 2^target excludes weak-GP6.
    shortcut: order_bound dependency=Size(K) < 2^target excludes weak-GP6.
    shortcut: order_bound dependency=Size(K) < 2^target excludes weak-GP6.
    shortcut: order_bound dependency=Size(K) < 2^target excludes weak-GP6.
    shortcut: order_bound dependency=Size(K) < 2^target excludes weak-GP6.
    shortcut: order_bound dependency=Size(K) < 2^target excludes weak-GP6.
    shortcut: order_bound dependency=Size(K) < 2^target excludes weak-GP6.
  checked=75 top_class=3 local_index=9 size=10 struct=D10
    shortcut: order_bound dependency=Size(K) < 2^target excludes weak-GP6.
    shortcut: order_bound dependency=Size(K) < 2^target excludes weak-GP6.
    shortcut: order_bound dependency=Size(K) < 2^target excludes weak-GP6.
    shortcut: order_bound dependency=Size(K) < 2^target excludes weak-GP6.
    shortcut: order_bound dependency=Size(K) < 2^target excludes weak-GP6.
    shortcut: order_bound dependency=Size(K) < 2^target excludes weak-GP6.
    shortcut: order_bound dependency=Size(K) < 2^target excludes weak-GP6.
    shortcut: order_bound dependency=Size(K) < 2^target excludes weak-GP6.
    shortcut: order_bound dependency=Size(K) < 2^target excludes weak-GP6.
    completed local_subgroup_index=19 elapsed_ms=1914
  completed J3 maximal class 3 checked=19 requested_range=[1, 19] no weak-GP
6 found.
Checking J3 maximal class 4: size=
2880 struct=(C2 x C2 x C2 x C2) : GL(2,4) target_no_weakGP=6
  subgroup class representatives = 84 enumeration_ms=1843
    shortcut: order_bound dependency=Size(K) < 2^target excludes weak-GP6.
    shortcut: order_bound dependency=Size(K) < 2^target excludes weak-GP6.
    shortcut: order_bound dependency=Size(K) < 2^target excludes weak-GP6.
    shortcut: order_bound dependency=Size(K) < 2^target excludes weak-GP6.
    shortcut: order_bound dependency=Size(K) < 2^target excludes weak-GP6.
    shortcut: order_bound dependency=Size(K) < 2^target excludes weak-GP6.
    shortcut: order_bound dependency=Size(K) < 2^target excludes weak-GP6.
    shortcut: order_bound dependency=Size(K) < 2^target excludes weak-GP6.
    shortcut: order_bound dependency=Size(K) < 2^target excludes weak-GP6.
    shortcut: order_bound dependency=Size(K) < 2^target excludes weak-GP6.
    shortcut: order_bound dependency=Size(K) < 2^target excludes weak-GP6.
    shortcut: order_bound dependency=Size(K) < 2^target excludes weak-GP6.
    shortcut: order_bound dependency=Size(K) < 2^target excludes weak-GP6.
    shortcut: order_bound dependency=Size(K) < 2^target excludes weak-GP6.
  checked=100 top_class=4 local_index=15 size=6 struct=C6
    shortcut: order_bound dependency=Size(K) < 2^target excludes weak-GP6.
    shortcut: order_bound dependency=Size(K) < 2^target excludes weak-GP6.
    shortcut: order_bound dependency=Size(K) < 2^target excludes weak-GP6.
    shortcut: order_bound dependency=Size(K) < 2^target excludes weak-GP6.
    shortcut: order_bound dependency=Size(K) < 2^target excludes weak-GP6.
    shortcut: order_bound dependency=Size(K) < 2^target excludes weak-GP6.
    shortcut: order_bound dependency=Size(K) < 2^target excludes weak-GP6.
    shortcut: order_bound dependency=Size(K) < 2^target excludes weak-GP6.
    shortcut: order_bound dependency=Size(K) < 2^target excludes weak-GP6.
    shortcut: order_bound dependency=Size(K) < 2^target excludes weak-GP6.
    shortcut: order_bound dependency=Size(K) < 2^target excludes weak-GP6.
    shortcut: order_bound dependency=Size(K) < 2^target excludes weak-GP6.
    shortcut: order_bound dependency=Size(K) < 2^target excludes weak-GP6.
    shortcut: order_bound dependency=Size(K) < 2^target excludes weak-GP6.
    shortcut: order_bound dependency=Size(K) < 2^target excludes weak-GP6.
    shortcut: order_bound dependency=Size(K) < 2^target excludes weak-GP6.
    shortcut: order_bound dependency=Size(K) < 2^target excludes weak-GP6.
    shortcut: order_bound dependency=Size(K) < 2^target excludes weak-GP6.
    shortcut: order_bound dependency=Size(K) < 2^target excludes weak-GP6.
    shortcut: order_bound dependency=Size(K) < 2^target excludes weak-GP6.
    shortcut: order_bound dependency=Size(K) < 2^target excludes weak-GP6.
    shortcut: order_bound dependency=Size(K) < 2^target excludes weak-GP6.
    shortcut: order_bound dependency=Size(K) < 2^target excludes weak-GP6.
    shortcut: order_bound dependency=Size(K) < 2^target excludes weak-GP6.
    shortcut: order_bound dependency=Size(K) < 2^target excludes weak-GP6.
  checked=125 top_class=4 local_index=40 size=16 struct=(C4 x C2) : C2
    shortcut: order_bound dependency=Size(K) < 2^target excludes weak-GP6.
    shortcut: order_bound dependency=Size(K) < 2^target excludes weak-GP6.
    shortcut: order_bound dependency=Size(K) < 2^target excludes weak-GP6.
    shortcut: order_bound dependency=Size(K) < 2^target excludes weak-GP6.
    shortcut: order_bound dependency=Size(K) < 2^target excludes weak-GP6.
    shortcut: order_bound dependency=Size(K) < 2^target excludes weak-GP6.
    shortcut: order_bound dependency=Size(K) < 2^target excludes weak-GP6.
    shortcut: order_bound dependency=Size(K) < 2^target excludes weak-GP6.
    shortcut: order_bound dependency=Size(K) < 2^target excludes weak-GP6.
    shortcut: order_bound dependency=Size(K) < 2^target excludes weak-GP6.
    shortcut: order_bound dependency=Size(K) < 2^target excludes weak-GP6.
    shortcut: order_bound dependency=Size(K) < 2^target excludes weak-GP6.
    shortcut: order_bound dependency=Size(K) < 2^target excludes weak-GP6.
    shortcut: order_bound dependency=Size(K) < 2^target excludes weak-GP6.
    shortcut: order_bound dependency=Size(K) < 2^target excludes weak-GP6.
    shortcut: order_bound dependency=Size(K) < 2^target excludes weak-GP6.
    shortcut: order_bound dependency=Size(K) < 2^target excludes weak-GP6.
    shortcut: order_bound dependency=Size(K) < 2^target excludes weak-GP6.
    shortcut: order_bound dependency=Size(K) < 2^target excludes weak-GP6.
    shortcut: order_bound dependency=Size(K) < 2^target excludes weak-GP6.
    shortcut: order_bound dependency=Size(K) < 2^target excludes weak-GP6.
    shortcut: order_bound dependency=Size(K) < 2^target excludes weak-GP6.
    shortcut: order_bound dependency=Size(K) < 2^target excludes weak-GP6.
    shortcut: order_bound dependency=Size(K) < 2^target excludes weak-GP6.
    shortcut: order_bound dependency=Size(K) < 2^target excludes weak-GP6.
  checked=150 top_class=4 local_index=65 size=60 struct=A5
    shortcut: order_bound dependency=Size(K) < 2^target excludes weak-GP6.
    completed local_subgroup_index=82 elapsed_ms=1010
    completed local_subgroup_index=83 elapsed_ms=1095
    completed local_subgroup_index=84 elapsed_ms=2589
  completed J3 maximal class 4 checked=84 requested_range=[1, 84] no weak-GP
6 found.
Checking J3 maximal class 5: size=2448 struct=PSL(2,17) target_no_weakGP=6
  subgroup class representatives = 22 enumeration_ms=34
    shortcut: order_bound dependency=Size(K) < 2^target excludes weak-GP6.
    shortcut: order_bound dependency=Size(K) < 2^target excludes weak-GP6.
    shortcut: order_bound dependency=Size(K) < 2^target excludes weak-GP6.
    shortcut: order_bound dependency=Size(K) < 2^target excludes weak-GP6.
    shortcut: order_bound dependency=Size(K) < 2^target excludes weak-GP6.
  checked=175 top_class=5 local_index=6 size=4 struct=C4
    shortcut: order_bound dependency=Size(K) < 2^target excludes weak-GP6.
    shortcut: order_bound dependency=Size(K) < 2^target excludes weak-GP6.
    shortcut: order_bound dependency=Size(K) < 2^target excludes weak-GP6.
    shortcut: order_bound dependency=Size(K) < 2^target excludes weak-GP6.
    shortcut: order_bound dependency=Size(K) < 2^target excludes weak-GP6.
    shortcut: order_bound dependency=Size(K) < 2^target excludes weak-GP6.
    shortcut: order_bound dependency=Size(K) < 2^target excludes weak-GP6.
    shortcut: order_bound dependency=Size(K) < 2^target excludes weak-GP6.
    shortcut: order_bound dependency=Size(K) < 2^target excludes weak-GP6.
    shortcut: order_bound dependency=Size(K) < 2^target excludes weak-GP6.
    shortcut: order_bound dependency=Size(K) < 2^target excludes weak-GP6.
    shortcut: order_bound dependency=Size(K) < 2^target excludes weak-GP6.
    shortcut: order_bound dependency=Size(K) < 2^target excludes weak-GP6.
    shortcut: order_bound dependency=Size(K) < 2^target excludes weak-GP6.
    completed local_subgroup_index=22 elapsed_ms=1831
  completed J3 maximal class 5 checked=22 requested_range=[1, 22] no weak-GP
6 found.
Checking J3 maximal class 6: size=2160 struct=C3 : (A6 : C2) target_no_weakGP=
6
  subgroup class representatives = 55 enumeration_ms=597
    shortcut: order_bound dependency=Size(K) < 2^target excludes weak-GP6.
    shortcut: order_bound dependency=Size(K) < 2^target excludes weak-GP6.
    shortcut: order_bound dependency=Size(K) < 2^target excludes weak-GP6.
    shortcut: order_bound dependency=Size(K) < 2^target excludes weak-GP6.
    shortcut: order_bound dependency=Size(K) < 2^target excludes weak-GP6.
    shortcut: order_bound dependency=Size(K) < 2^target excludes weak-GP6.
    shortcut: order_bound dependency=Size(K) < 2^target excludes weak-GP6.
    shortcut: order_bound dependency=Size(K) < 2^target excludes weak-GP6.
  checked=200 top_class=6 local_index=9 size=4 struct=C2 x C2
    shortcut: order_bound dependency=Size(K) < 2^target excludes weak-GP6.
    shortcut: order_bound dependency=Size(K) < 2^target excludes weak-GP6.
    shortcut: order_bound dependency=Size(K) < 2^target excludes weak-GP6.
    shortcut: order_bound dependency=Size(K) < 2^target excludes weak-GP6.
    shortcut: order_bound dependency=Size(K) < 2^target excludes weak-GP6.
    shortcut: order_bound dependency=Size(K) < 2^target excludes weak-GP6.
    shortcut: order_bound dependency=Size(K) < 2^target excludes weak-GP6.
    shortcut: order_bound dependency=Size(K) < 2^target excludes weak-GP6.
    shortcut: order_bound dependency=Size(K) < 2^target excludes weak-GP6.
    shortcut: order_bound dependency=Size(K) < 2^target excludes weak-GP6.
    shortcut: order_bound dependency=Size(K) < 2^target excludes weak-GP6.
    shortcut: order_bound dependency=Size(K) < 2^target excludes weak-GP6.
    shortcut: order_bound dependency=Size(K) < 2^target excludes weak-GP6.
    shortcut: order_bound dependency=Size(K) < 2^target excludes weak-GP6.
    shortcut: order_bound dependency=Size(K) < 2^target excludes weak-GP6.
    shortcut: order_bound dependency=Size(K) < 2^target excludes weak-GP6.
    shortcut: order_bound dependency=Size(K) < 2^target excludes weak-GP6.
    shortcut: order_bound dependency=Size(K) < 2^target excludes weak-GP6.
    shortcut: order_bound dependency=Size(K) < 2^target excludes weak-GP6.
    shortcut: order_bound dependency=Size(K) < 2^target excludes weak-GP6.
    shortcut: order_bound dependency=Size(K) < 2^target excludes weak-GP6.
    shortcut: order_bound dependency=Size(K) < 2^target excludes weak-GP6.
    shortcut: order_bound dependency=Size(K) < 2^target excludes weak-GP6.
    shortcut: order_bound dependency=Size(K) < 2^target excludes weak-GP6.
    shortcut: order_bound dependency=Size(K) < 2^target excludes weak-GP6.
  checked=225 top_class=6 local_index=34 size=24 struct=C3 : C8
    shortcut: order_bound dependency=Size(K) < 2^target excludes weak-GP6.
    shortcut: order_bound dependency=Size(K) < 2^target excludes weak-GP6.
    shortcut: order_bound dependency=Size(K) < 2^target excludes weak-GP6.
    shortcut: order_bound dependency=Size(K) < 2^target excludes weak-GP6.
    shortcut: order_bound dependency=Size(K) < 2^target excludes weak-GP6.
    shortcut: order_bound dependency=Size(K) < 2^target excludes weak-GP6.
    shortcut: order_bound dependency=Size(K) < 2^target excludes weak-GP6.
    shortcut: order_bound dependency=Size(K) < 2^target excludes weak-GP6.
    shortcut: order_bound dependency=Size(K) < 2^target excludes weak-GP6.
    shortcut: order_bound dependency=Size(K) < 2^target excludes weak-GP6.
    shortcut: order_bound dependency=Size(K) < 2^target excludes weak-GP6.
    shortcut: order_bound dependency=Size(K) < 2^target excludes weak-GP6.
    shortcut: order_bound dependency=Size(K) < 2^target excludes weak-GP6.
  completed J3 maximal class 6 checked=55 requested_range=[1, 55] no weak-GP
6 found.
Checking J3 maximal class 7: size=
1944
  struct=((C3 x C3) . ((C3 x C3) : C3) = (C3 x C3 x C3) . (C3 x C3)) : C8 targ\
et_no_weakGP=6
  subgroup class representatives = 30 enumeration_ms=42
    shortcut: order_bound dependency=Size(K) < 2^target excludes weak-GP6.
    shortcut: order_bound dependency=Size(K) < 2^target excludes weak-GP6.
    shortcut: order_bound dependency=Size(K) < 2^target excludes weak-GP6.
  checked=250 top_class=7 local_index=4 size=3 struct=C3
    shortcut: order_bound dependency=Size(K) < 2^target excludes weak-GP6.
    shortcut: order_bound dependency=Size(K) < 2^target excludes weak-GP6.
    shortcut: order_bound dependency=Size(K) < 2^target excludes weak-GP6.
    shortcut: order_bound dependency=Size(K) < 2^target excludes weak-GP6.
    shortcut: order_bound dependency=Size(K) < 2^target excludes weak-GP6.
    shortcut: order_bound dependency=Size(K) < 2^target excludes weak-GP6.
    shortcut: order_bound dependency=Size(K) < 2^target excludes weak-GP6.
    shortcut: order_bound dependency=Size(K) < 2^target excludes weak-GP6.
    shortcut: order_bound dependency=Size(K) < 2^target excludes weak-GP6.
    shortcut: order_bound dependency=Size(K) < 2^target excludes weak-GP6.
    shortcut: order_bound dependency=Size(K) < 2^target excludes weak-GP6.
    shortcut: order_bound dependency=Size(K) < 2^target excludes weak-GP6.
    shortcut: order_bound dependency=Size(K) < 2^target excludes weak-GP6.
    shortcut: order_bound dependency=Size(K) < 2^target excludes weak-GP6.
    shortcut: order_bound dependency=Size(K) < 2^target excludes weak-GP6.
    shortcut: order_bound dependency=Size(K) < 2^target excludes weak-GP6.
    shortcut: order_bound dependency=Size(K) < 2^target excludes weak-GP6.
    shortcut: order_bound dependency=Size(K) < 2^target excludes weak-GP6.
  checked=275 top_class=7 local_index=29 size=
972 struct=((C3 x C3) . ((C3 x C3) : C3) = (C3 x C3 x C3) . (C3 x C3)) : C4
  completed J3 maximal class 7 checked=30 requested_range=[1, 30] no weak-GP
6 found.
Checking J3 maximal class 8: size=
1920 struct=((C2 x Q8) : C2) : A5 target_no_weakGP=6
  subgroup class representatives = 86 enumeration_ms=1729
    shortcut: order_bound dependency=Size(K) < 2^target excludes weak-GP6.
    shortcut: order_bound dependency=Size(K) < 2^target excludes weak-GP6.
    shortcut: order_bound dependency=Size(K) < 2^target excludes weak-GP6.
    shortcut: order_bound dependency=Size(K) < 2^target excludes weak-GP6.
    shortcut: order_bound dependency=Size(K) < 2^target excludes weak-GP6.
    shortcut: order_bound dependency=Size(K) < 2^target excludes weak-GP6.
    shortcut: order_bound dependency=Size(K) < 2^target excludes weak-GP6.
    shortcut: order_bound dependency=Size(K) < 2^target excludes weak-GP6.
    shortcut: order_bound dependency=Size(K) < 2^target excludes weak-GP6.
    shortcut: order_bound dependency=Size(K) < 2^target excludes weak-GP6.
    shortcut: order_bound dependency=Size(K) < 2^target excludes weak-GP6.
    shortcut: order_bound dependency=Size(K) < 2^target excludes weak-GP6.
    shortcut: order_bound dependency=Size(K) < 2^target excludes weak-GP6.
    shortcut: order_bound dependency=Size(K) < 2^target excludes weak-GP6.
    shortcut: order_bound dependency=Size(K) < 2^target excludes weak-GP6.
    shortcut: order_bound dependency=Size(K) < 2^target excludes weak-GP6.
    shortcut: order_bound dependency=Size(K) < 2^target excludes weak-GP6.
    shortcut: order_bound dependency=Size(K) < 2^target excludes weak-GP6.
    shortcut: order_bound dependency=Size(K) < 2^target excludes weak-GP6.
    shortcut: order_bound dependency=Size(K) < 2^target excludes weak-GP6.
    shortcut: order_bound dependency=Size(K) < 2^target excludes weak-GP6.
    shortcut: order_bound dependency=Size(K) < 2^target excludes weak-GP6.
    shortcut: order_bound dependency=Size(K) < 2^target excludes weak-GP6.
  checked=300 top_class=8 local_index=24 size=8 struct=C2 x C2 x C2
    shortcut: order_bound dependency=Size(K) < 2^target excludes weak-GP6.
    shortcut: order_bound dependency=Size(K) < 2^target excludes weak-GP6.
    shortcut: order_bound dependency=Size(K) < 2^target excludes weak-GP6.
    shortcut: order_bound dependency=Size(K) < 2^target excludes weak-GP6.
    shortcut: order_bound dependency=Size(K) < 2^target excludes weak-GP6.
    shortcut: order_bound dependency=Size(K) < 2^target excludes weak-GP6.
    shortcut: order_bound dependency=Size(K) < 2^target excludes weak-GP6.
    shortcut: order_bound dependency=Size(K) < 2^target excludes weak-GP6.
    shortcut: order_bound dependency=Size(K) < 2^target excludes weak-GP6.
    shortcut: order_bound dependency=Size(K) < 2^target excludes weak-GP6.
    shortcut: order_bound dependency=Size(K) < 2^target excludes weak-GP6.
    shortcut: order_bound dependency=Size(K) < 2^target excludes weak-GP6.
    shortcut: order_bound dependency=Size(K) < 2^target excludes weak-GP6.
    shortcut: order_bound dependency=Size(K) < 2^target excludes weak-GP6.
    shortcut: order_bound dependency=Size(K) < 2^target excludes weak-GP6.
    shortcut: order_bound dependency=Size(K) < 2^target excludes weak-GP6.
    shortcut: order_bound dependency=Size(K) < 2^target excludes weak-GP6.
    shortcut: order_bound dependency=Size(K) < 2^target excludes weak-GP6.
    shortcut: order_bound dependency=Size(K) < 2^target excludes weak-GP6.
    shortcut: order_bound dependency=Size(K) < 2^target excludes weak-GP6.
    shortcut: order_bound dependency=Size(K) < 2^target excludes weak-GP6.
    shortcut: order_bound dependency=Size(K) < 2^target excludes weak-GP6.
    shortcut: order_bound dependency=Size(K) < 2^target excludes weak-GP6.
    shortcut: order_bound dependency=Size(K) < 2^target excludes weak-GP6.
    shortcut: order_bound dependency=Size(K) < 2^target excludes weak-GP6.
  checked=325 top_class=8 local_index=49 size=16 struct=D16
    shortcut: order_bound dependency=Size(K) < 2^target excludes weak-GP6.
    shortcut: order_bound dependency=Size(K) < 2^target excludes weak-GP6.
    shortcut: order_bound dependency=Size(K) < 2^target excludes weak-GP6.
    shortcut: order_bound dependency=Size(K) < 2^target excludes weak-GP6.
    shortcut: order_bound dependency=Size(K) < 2^target excludes weak-GP6.
    shortcut: order_bound dependency=Size(K) < 2^target excludes weak-GP6.
    shortcut: order_bound dependency=Size(K) < 2^target excludes weak-GP6.
    shortcut: order_bound dependency=Size(K) < 2^target excludes weak-GP6.
    shortcut: order_bound dependency=Size(K) < 2^target excludes weak-GP6.
    shortcut: order_bound dependency=Size(K) < 2^target excludes weak-GP6.
    shortcut: order_bound dependency=Size(K) < 2^target excludes weak-GP6.
    shortcut: order_bound dependency=Size(K) < 2^target excludes weak-GP6.
    shortcut: order_bound dependency=Size(K) < 2^target excludes weak-GP6.
    shortcut: order_bound dependency=Size(K) < 2^target excludes weak-GP6.
    shortcut: order_bound dependency=Size(K) < 2^target excludes weak-GP6.
    shortcut: order_bound dependency=Size(K) < 2^target excludes weak-GP6.
    shortcut: order_bound dependency=Size(K) < 2^target excludes weak-GP6.
    shortcut: order_bound dependency=Size(K) < 2^target excludes weak-GP6.
    shortcut: order_bound dependency=Size(K) < 2^target excludes weak-GP6.
    shortcut: order_bound dependency=Size(K) < 2^target excludes weak-GP6.
    shortcut: order_bound dependency=Size(K) < 2^target excludes weak-GP6.
    shortcut: order_bound dependency=Size(K) < 2^target excludes weak-GP6.
    shortcut: order_bound dependency=Size(K) < 2^target excludes weak-GP6.
    shortcut: order_bound dependency=Size(K) < 2^target excludes weak-GP6.
  checked=350 top_class=8 local_index=74 size=
64 struct=(C2 . ((C4 x C2) : C2) = (C2 x C2) . (C4 x C2)) : C2
    completed local_subgroup_index=79 elapsed_ms=2958
    completed local_subgroup_index=86 elapsed_ms=1482
  completed J3 maximal class 8 checked=86 requested_range=[1, 86] no weak-GP
6 found.
Checking J3 maximal class 9: size=
1152 struct=(((C4 x C2) : C2) : (C2 x C2)) : (C3 x S3) target_no_weakGP=6
  subgroup class representatives = 88 enumeration_ms=121
    shortcut: order_bound dependency=Size(K) < 2^target excludes weak-GP6.
    shortcut: order_bound dependency=Size(K) < 2^target excludes weak-GP6.
    shortcut: order_bound dependency=Size(K) < 2^target excludes weak-GP6.
    shortcut: order_bound dependency=Size(K) < 2^target excludes weak-GP6.
    shortcut: order_bound dependency=Size(K) < 2^target excludes weak-GP6.
    shortcut: order_bound dependency=Size(K) < 2^target excludes weak-GP6.
    shortcut: order_bound dependency=Size(K) < 2^target excludes weak-GP6.
    shortcut: order_bound dependency=Size(K) < 2^target excludes weak-GP6.
    shortcut: order_bound dependency=Size(K) < 2^target excludes weak-GP6.
    shortcut: order_bound dependency=Size(K) < 2^target excludes weak-GP6.
    shortcut: order_bound dependency=Size(K) < 2^target excludes weak-GP6.
    shortcut: order_bound dependency=Size(K) < 2^target excludes weak-GP6.
  checked=375 top_class=9 local_index=13 size=4 struct=C2 x C2
    shortcut: order_bound dependency=Size(K) < 2^target excludes weak-GP6.
    shortcut: order_bound dependency=Size(K) < 2^target excludes weak-GP6.
    shortcut: order_bound dependency=Size(K) < 2^target excludes weak-GP6.
    shortcut: order_bound dependency=Size(K) < 2^target excludes weak-GP6.
    shortcut: order_bound dependency=Size(K) < 2^target excludes weak-GP6.
    shortcut: order_bound dependency=Size(K) < 2^target excludes weak-GP6.
    shortcut: order_bound dependency=Size(K) < 2^target excludes weak-GP6.
    shortcut: order_bound dependency=Size(K) < 2^target excludes weak-GP6.
    shortcut: order_bound dependency=Size(K) < 2^target excludes weak-GP6.
    shortcut: order_bound dependency=Size(K) < 2^target excludes weak-GP6.
    shortcut: order_bound dependency=Size(K) < 2^target excludes weak-GP6.
    shortcut: order_bound dependency=Size(K) < 2^target excludes weak-GP6.
    shortcut: order_bound dependency=Size(K) < 2^target excludes weak-GP6.
    shortcut: order_bound dependency=Size(K) < 2^target excludes weak-GP6.
    shortcut: order_bound dependency=Size(K) < 2^target excludes weak-GP6.
    shortcut: order_bound dependency=Size(K) < 2^target excludes weak-GP6.
    shortcut: order_bound dependency=Size(K) < 2^target excludes weak-GP6.
    shortcut: order_bound dependency=Size(K) < 2^target excludes weak-GP6.
    shortcut: order_bound dependency=Size(K) < 2^target excludes weak-GP6.
    shortcut: order_bound dependency=Size(K) < 2^target excludes weak-GP6.
    shortcut: order_bound dependency=Size(K) < 2^target excludes weak-GP6.
    shortcut: order_bound dependency=Size(K) < 2^target excludes weak-GP6.
    shortcut: order_bound dependency=Size(K) < 2^target excludes weak-GP6.
    shortcut: order_bound dependency=Size(K) < 2^target excludes weak-GP6.
    shortcut: order_bound dependency=Size(K) < 2^target excludes weak-GP6.
  checked=400 top_class=9 local_index=38 size=12 struct=C6 x C2
    shortcut: order_bound dependency=Size(K) < 2^target excludes weak-GP6.
    shortcut: order_bound dependency=Size(K) < 2^target excludes weak-GP6.
    shortcut: order_bound dependency=Size(K) < 2^target excludes weak-GP6.
    shortcut: order_bound dependency=Size(K) < 2^target excludes weak-GP6.
    shortcut: order_bound dependency=Size(K) < 2^target excludes weak-GP6.
    shortcut: order_bound dependency=Size(K) < 2^target excludes weak-GP6.
    shortcut: order_bound dependency=Size(K) < 2^target excludes weak-GP6.
    shortcut: order_bound dependency=Size(K) < 2^target excludes weak-GP6.
    shortcut: order_bound dependency=Size(K) < 2^target excludes weak-GP6.
    shortcut: order_bound dependency=Size(K) < 2^target excludes weak-GP6.
    shortcut: order_bound dependency=Size(K) < 2^target excludes weak-GP6.
    shortcut: order_bound dependency=Size(K) < 2^target excludes weak-GP6.
    shortcut: order_bound dependency=Size(K) < 2^target excludes weak-GP6.
    shortcut: order_bound dependency=Size(K) < 2^target excludes weak-GP6.
    shortcut: order_bound dependency=Size(K) < 2^target excludes weak-GP6.
    shortcut: order_bound dependency=Size(K) < 2^target excludes weak-GP6.
    shortcut: order_bound dependency=Size(K) < 2^target excludes weak-GP6.
    shortcut: order_bound dependency=Size(K) < 2^target excludes weak-GP6.
    shortcut: order_bound dependency=Size(K) < 2^target excludes weak-GP6.
    shortcut: order_bound dependency=Size(K) < 2^target excludes weak-GP6.
    shortcut: order_bound dependency=Size(K) < 2^target excludes weak-GP6.
    shortcut: order_bound dependency=Size(K) < 2^target excludes weak-GP6.
    shortcut: order_bound dependency=Size(K) < 2^target excludes weak-GP6.
    shortcut: order_bound dependency=Size(K) < 2^target excludes weak-GP6.
    shortcut: order_bound dependency=Size(K) < 2^target excludes weak-GP6.
  checked=425 top_class=9 local_index=63 size=36 struct=C3 x A4
    shortcut: order_bound dependency=Size(K) < 2^target excludes weak-GP6.
    shortcut: order_bound dependency=Size(K) < 2^target excludes weak-GP6.
    shortcut: order_bound dependency=Size(K) < 2^target excludes weak-GP6.
    shortcut: order_bound dependency=Size(K) < 2^target excludes weak-GP6.
    shortcut: order_bound dependency=Size(K) < 2^target excludes weak-GP6.
    shortcut: order_bound dependency=Size(K) < 2^target excludes weak-GP6.
    shortcut: order_bound dependency=Size(K) < 2^target excludes weak-GP6.
    shortcut: order_bound dependency=Size(K) < 2^target excludes weak-GP6.
    shortcut: order_bound dependency=Size(K) < 2^target excludes weak-GP6.
    shortcut: order_bound dependency=Size(K) < 2^target excludes weak-GP6.
    completed local_subgroup_index=83 elapsed_ms=1107
    completed local_subgroup_index=87 elapsed_ms=1222
  checked=450 top_class=9 local_index=88 size=
1152 struct=((C4 x C4) : (C2 x C2)) : (C3 x S3)
  completed J3 maximal class 9 checked=88 requested_range=[1, 88] no weak-GP
6 found.
Checked subgroup-class representatives = 450
SUCCESS: no proper subgroup of J3 has weak-GP
6; hence every proper subgroup has i <= 5.
