Framework member-filter run for J3
GAP version = 4.15.1
UB framework version = 2026-05-12-known-i-shortcut
Ambient target weak-GP length = 5
Top class 1: size=8160 struct=PSL(2,16) : C2
  subgroup class reps = 47
  KEEP class 1: subgroup index 25 size=16 struct=C2 x C2 x C2 x C2 has weak-GP
4 classPattern=[ 1, 2, 4, 8 ]
Top class 2: size=3420 struct=PSL(2,19)
  subgroup class reps = 19
  KEEP class 2: subgroup index 19 size=3420 struct=PSL(2,19) has weak-GP
4 classPattern=[ 2, 2, 3, 3 ]
Top class 3: size=3420 struct=PSL(2,19)
  subgroup class reps = 19
  KEEP class 3: subgroup index 19 size=3420 struct=PSL(2,19) has weak-GP
4 classPattern=[ 2, 2, 3, 3 ]
Top class 4: size=2880 struct=(C2 x C2 x C2 x C2) : GL(2,4)
  subgroup class reps = 84
  KEEP class 4: subgroup index 36 size=16 struct=C2 x C2 x C2 x C2 has weak-GP
4 classPattern=[ 1, 2, 4, 8 ]
Top class 5: size=2448 struct=PSL(2,17)
  subgroup class reps = 22
  EXCLUDE class 5: no subgroup class representative has weak-GP4.
Top class 6: size=2160 struct=C3 : (A6 : C2)
  subgroup class reps = 55
  KEEP class 6: subgroup index 44 size=
54 struct=C3 x ((C3 x C3) : C2) has weak-GP4 classPattern=[ 1, 2, 3, 4 ]
Top class 7: size=
1944 struct=((C3 x C3) . ((C3 x C3) : C3) = (C3 x C3 x C3) . (C3 x C3)) : C8
  subgroup class reps = 30
  KEEP class 7: subgroup index 20 size=
54 struct=C3 x ((C3 x C3) : C2) has weak-GP4 classPattern=[ 1, 2, 3, 4 ]
Top class 8: size=1920 struct=((C2 x Q8) : C2) : A5
  subgroup class reps = 86
  KEEP class 8: subgroup index 39 size=16 struct=C2 x C2 x C2 x C2 has weak-GP
4 classPattern=[ 1, 2, 4, 8 ]
Top class 9: size=1152 struct=(((C4 x C2) : C2) : (C2 x C2)) : (C3 x S3)
  subgroup class reps = 88
  KEEP class 9: subgroup index 44 size=16 struct=C2 x C2 x C2 x C2 has weak-GP
4 classPattern=[ 1, 2, 4, 8 ]
SURVIVORS=[ 1, 2, 3, 4, 6, 7, 8, 9 ]
EXCLUDED=[ 5 ]
WROTE_SURVIVORS=workspaces/j3_survivors.gaplist
WROTE_EXCLUDED=workspaces/j3_excluded.gaplist
SUCCESS: framework member-filter run completed for J3.
