Built J3, order = 50232960, degree = 6156
GAP version = 4.15.1
Target proper-subgroup weak-GP exclusion length = 5
Maximal subgroup classes = 9
1: size=8160 index=6156 struct=PSL(2,16) : C2
2: size=3420 index=14688 struct=PSL(2,19)
3: size=3420 index=14688 struct=PSL(2,19)
4: size=2880 index=17442 struct=(C2 x C2 x C2 x C2) : GL(2,4)
5: size=2448 index=20520 struct=PSL(2,17)
6: size=2160 index=23256 struct=C3 : (A6 : C2)
7: size=1944 index=
25840 struct=((C3 x C3) . ((C3 x C3) : C3) = (C3 x C3 x C3) . (C3 x C3)) : C8
8: size=1920 index=26163 struct=((C2 x Q8) : C2) : A5
9: size=1152 index=
43605 struct=((((C2 x C2 x C2 x C2) : C2) : C2) : (C3 x C3)) : C2
Checking top maximal class 1: size=8160 struct=PSL(2,16) : C2
  subgroup class representatives = 47 enumeration_ms=813
  checked=1 top_class=1 local_index=1 size=1 struct=1
  checked=25 top_class=1 local_index=25 size=16 struct=C2 x C2 x C2 x C2
Checking top maximal class 2: size=3420 struct=PSL(2,19)
  subgroup class representatives = 19 enumeration_ms=41
  checked=50 top_class=2 local_index=3 size=3 struct=C3
Checking top maximal class 3: size=3420 struct=PSL(2,19)
  subgroup class representatives = 19 enumeration_ms=38
  checked=75 top_class=3 local_index=9 size=10 struct=D10
Checking top maximal class 4: size=2880 struct=(C2 x C2 x C2 x C2) : GL(2,4)
  subgroup class representatives = 84 enumeration_ms=1761
  checked=100 top_class=4 local_index=15 size=6 struct=C6
  checked=125 top_class=4 local_index=40 size=16 struct=(C4 x C2) : C2
  checked=150 top_class=4 local_index=65 size=60 struct=A5
FOUND weak-GP5 in subgroup below J3 top_class=4 local_index=84 size=
2880 struct=(C2 x C2 x C2 x C2) : GL(2,4)
  family=[ 1, 2, 23, 29, 31 ] classPattern=[ 1, 2, 4, 5, 5 ] maximalCount=
38 signatureCount=572
Error, Proper-subgroup i upper bound failed. at gap/23_verify_sporadic_i_upper.g:101 called from
<function "unknown">( <arguments> )
 called from read-eval loop at gap/23_verify_sporadic_i_upper.g:125
you can 'quit;' to quit to outer loop, or
you can 'return;' to continue
[1m[34m[0m[31m