Built J3, order = 50232960, degree = 6156
GAP version = 4.15.1
Target proper-subgroup weak-GP exclusion length = 6
Maximal subgroup classes = 9
1: size=8160 index=6156 struct=PSL(2,16) : C2
2: size=3420 index=14688 struct=PSL(2,19)
3: size=3420 index=14688 struct=PSL(2,19)
4: size=2880 index=17442 struct=(C2 x C2 x C2 x C2) : GL(2,4)
5: size=2448 index=20520 struct=PSL(2,17)
6: size=2160 index=23256 struct=C3 : (A6 : C2)
7: size=1944 index=
25840 struct=((C3 x C3) . ((C3 x C3) : C3) = (C3 x C3 x C3) . (C3 x C3)) : C8
8: size=1920 index=26163 struct=((C2 x Q8) : C2) : A5
9: size=1152 index=
43605 struct=((((C2 x C2 x C2 x C2) : C2) : C2) : (C3 x C3)) : C2
Checking top maximal class 1: size=8160 struct=PSL(2,16) : C2
  subgroup class representatives = 47 enumeration_ms=852
  checked=1 top_class=1 local_index=1 size=1 struct=1
  checked=25 top_class=1 local_index=25 size=16 struct=C2 x C2 x C2 x C2
Checking top maximal class 2: size=3420 struct=PSL(2,19)
  subgroup class representatives = 19 enumeration_ms=37
  checked=50 top_class=2 local_index=3 size=3 struct=C3
Checking top maximal class 3: size=3420 struct=PSL(2,19)
  subgroup class representatives = 19 enumeration_ms=44
  checked=75 top_class=3 local_index=9 size=10 struct=D10
Checking top maximal class 4: size=2880 struct=(C2 x C2 x C2 x C2) : GL(2,4)
  subgroup class representatives = 84 enumeration_ms=1898
  checked=100 top_class=4 local_index=15 size=6 struct=C6
  checked=125 top_class=4 local_index=40 size=16 struct=(C4 x C2) : C2
  checked=150 top_class=4 local_index=65 size=60 struct=A5
Checking top maximal class 5: size=2448 struct=PSL(2,17)
  subgroup class representatives = 22 enumeration_ms=41
  checked=175 top_class=5 local_index=6 size=4 struct=C4
Checking top maximal class 6: size=2160 struct=C3 : (A6 : C2)
  subgroup class representatives = 55 enumeration_ms=419
  checked=200 top_class=6 local_index=9 size=4 struct=C2 x C2
  checked=225 top_class=6 local_index=34 size=24 struct=C3 : C8
Checking top maximal class 7: size=
1944 struct=((C3 x C3) . ((C3 x C3) : C3) = (C3 x C3 x C3) . (C3 x C3)) : C8
  subgroup class representatives = 30 enumeration_ms=39
  checked=250 top_class=7 local_index=4 size=3 struct=C3
  checked=275 top_class=7 local_index=29 size=
972 struct=((C3 x C3) . ((C3 x C3) : C3) = (C3 x C3 x C3) . (C3 x C3)) : C4
Checking top maximal class 8: size=1920 struct=((C2 x Q8) : C2) : A5
  subgroup class representatives = 86 enumeration_ms=1615
  checked=300 top_class=8 local_index=24 size=8 struct=Q8
  checked=325 top_class=8 local_index=49 size=16 struct=QD16
  checked=350 top_class=8 local_index=74 size=
64 struct=(C2 . ((C4 x C2) : C2) = (C2 x C2) . (C4 x C2)) : C2
Checking top maximal class 9: size=
1152 struct=((((C2 x C2 x C2 x C2) : C2) : C2) : (C3 x C3)) : C2
  subgroup class representatives = 88 enumeration_ms=120
  checked=375 top_class=9 local_index=13 size=4 struct=C2 x C2
  checked=400 top_class=9 local_index=38 size=12 struct=C6 x C2
  checked=425 top_class=9 local_index=63 size=36 struct=C3 x A4
  checked=450 top_class=9 local_index=88 size=
1152 struct=((((C4 x C4) : C2) : C2) : (C3 x C3)) : C2
Checked subgroup-class representatives = 450
SUCCESS: no proper subgroup of J3 has weak-GP
6; hence every proper subgroup has i <= 5.
