Framework cached upper-bound run for J3
GAP version = 4.15.1
UB framework version = 2026-05-12-known-i-shortcut
Target weak-GP length = 5
Prebuilt selected maximal classes = [ 1, 2, 3, 4, 6, 7, 8, 9 ]
Total prebuilt maximal subgroups = 171838
Action degree = 171838 size = 50232960
UseRankMonotoneOrder = true
UseMovedPointCandidateFilter = true
UseDeadSetCache = true min_depth=3
FixedPrefixes count = 4
Using fixed prefix: [ 6157, 102218 ] classes=[ 2, 8 ]
Using fixed prefix: [ 6157, 128235 ] classes=[ 2, 9 ]
Using fixed prefix: [ 6157, 128550 ] classes=[ 2, 9 ]
Using fixed prefix: [ 20845, 20958 ] classes=[ 3, 3 ]
RESULT=partial_success
NODES=9
NODES_BY_DEPTH=[ 0, 4, 5, 0, 0 ]
BRANCH_STATS=[ 0, 0, 5, 0, 0 ]
SUCCESS: framework cached no weak-GP
5 run completed for J3 with status partial_success.
