Built M22, order = 443520
GAP version = 4.15.1
Checking proper subgroups under the eight maximal subgroup classes.
Top maximal class 1: size=20160 struct=PSL(3,4)
  subgroup class reps in this maximal = 95
  checked 25 subgroup-class representatives so far
  checked 50 subgroup-class representatives so far
  checked 75 subgroup-class representatives so far
Top maximal class 2: size=5760 struct=(C2 x C2 x C2 x C2) : A6
  subgroup class reps in this maximal = 139
  checked 100 subgroup-class representatives so far
  checked 125 subgroup-class representatives so far
  checked 150 subgroup-class representatives so far
  checked 175 subgroup-class representatives so far
  checked 200 subgroup-class representatives so far
  checked 225 subgroup-class representatives so far
Top maximal class 3: size=2520 struct=A7
  subgroup class reps in this maximal = 40
  checked 250 subgroup-class representatives so far
Top maximal class 4: size=2520 struct=A7
  subgroup class reps in this maximal = 40
  checked 275 subgroup-class representatives so far
  checked 300 subgroup-class representatives so far
Top maximal class 5: size=1920 struct=(C2 x C2 x C2 x C2) : S5
  subgroup class reps in this maximal = 129
  checked 325 subgroup-class representatives so far
  checked 350 subgroup-class representatives so far
  checked 375 subgroup-class representatives so far
  checked 400 subgroup-class representatives so far
  checked 425 subgroup-class representatives so far
Top maximal class 6: size=1344 struct=(C2 x C2 x C2) : PSL(3,2)
  subgroup class reps in this maximal = 95
  checked 450 subgroup-class representatives so far
  checked 475 subgroup-class representatives so far
  checked 500 subgroup-class representatives so far
  checked 525 subgroup-class representatives so far
Top maximal class 7: size=720 struct=A6 . C2
  subgroup class reps in this maximal = 25
  checked 550 subgroup-class representatives so far
Top maximal class 8: size=660 struct=PSL(2,11)
  subgroup class reps in this maximal = 16
  checked 575 subgroup-class representatives so far
Subgroup-class representatives checked, with repetitions across top maximals =\
 579
No subgroup below a maximal subgroup of M22 has weak-GP7.
No proper subgroup weak-GP6 witness found by this run.
Therefore every proper subgroup of M22 has i <= 5.
SUCCESS: i(M22) <= 6 by recursive MaxDim obstruction for proper subgroups.
SUCCESS: M22 is strongly flat once m(M22) = 
6 is combined with this proper-subgroup bound.
