Built M23, order = 10200960
GAP version = 4.15.1
Target weak-GP length = 7
Enumerating elements...
Element count = 10200960 runtime_ms=2775
Building maximal subgroup conjugates and element overgroup signatures...
Max class 1: 23 conjugates, size 443520, M22
  cumulative maximals=23 elapsed_ms=11738
Max class 2: 253 conjugates, size 40320, PSL(3,4) : C2
  cumulative maximals=276 elapsed_ms=26002
Max class 3: 253 conjugates, size 40320, (C2 x C2 x C2 x C2) : A7
  cumulative maximals=529 elapsed_ms=37196
Max class 4: 506 conjugates, size 20160, A8
  cumulative maximals=1035 elapsed_ms=50826
Max class 5: 1288 conjugates, size 7920, M11
  cumulative maximals=2323 elapsed_ms=67314
Max class 6: 1771 conjugates, size 5760, (C2 x C2 x C2 x C2) : (A5 : S3)
  cumulative maximals=4094 elapsed_ms=83984
Max class 7: 40320 conjugates, size 253, C23 : C11
  cumulative maximals=44414 elapsed_ms=113968
Total maximal subgroups = 44414
Eligible private-witness elements = 6496511
Distinct overgroup signatures = 1533709
Eligible signature length histogram = [ [ 6, 2732400 ], [ 7, 1854720 ], 
  [ 14, 1530144 ], [ 30, 318780 ], [ 62, 56672 ], [ 254, 3795 ] ]
Building signature incidence blists...
  signature 100000/1533709 elapsed_ms=60
  signature 200000/1533709 elapsed_ms=122
  signature 300000/1533709 elapsed_ms=181
  signature 400000/1533709 elapsed_ms=239
  signature 500000/1533709 elapsed_ms=296
  signature 600000/1533709 elapsed_ms=354
  signature 700000/1533709 elapsed_ms=413
  signature 800000/1533709 elapsed_ms=463
  signature 900000/1533709 elapsed_ms=519
  signature 1000000/1533709 elapsed_ms=567
  signature 1100000/1533709 elapsed_ms=618
  signature 1200000/1533709 elapsed_ms=668
  signature 1300000/1533709 elapsed_ms=720
  signature 1400000/1533709 elapsed_ms=770
  signature 1500000/1533709 elapsed_ms=827
Building conjugation action on maximal subgroups...
Action degree = 44414 size = 10200960 build_ms = 5297
Branch minimum_class=2 first_index=24
progress nodes=10000 depth=4 classes=[ 2, 6, 6, 6 ] possible_sizes=
[ 1, 1, 1, 1 ]
progress nodes=20000 depth=4 classes=[ 2, 5, 5, 5 ] possible_sizes=
[ 1, 1, 1, 1 ]
progress nodes=30000 depth=4 classes=[ 2, 5, 5, 5 ] possible_sizes=
[ 1, 1, 1, 1 ]
progress nodes=40000 depth=4 classes=[ 2, 4, 5, 5 ] possible_sizes=
[ 1, 1, 3, 1 ]
progress nodes=50000 depth=4 classes=[ 2, 4, 5, 6 ] possible_sizes=
[ 1, 1, 1, 1 ]
progress nodes=60000 depth=4 classes=[ 2, 3, 6, 6 ] possible_sizes=
[ 3, 12, 4, 13 ]
progress nodes=70000 depth=4 classes=[ 2, 2, 2, 4 ] possible_sizes=
[ 1, 1, 7, 4 ]
progress nodes=80000 depth=5 classes=[ 2, 2, 2, 6, 6 ] possible_sizes=
[ 1, 1, 1, 1, 1 ]
progress nodes=90000 depth=4 classes=[ 2, 3, 4, 5 ] possible_sizes=
[ 1, 1, 1, 4 ]
progress nodes=100000 depth=4 classes=[ 2, 3, 3, 5 ] possible_sizes=
[ 1, 1, 4, 6 ]
progress nodes=110000 depth=4 classes=[ 2, 3, 4, 6 ] possible_sizes=
[ 1, 1, 3, 1 ]
progress nodes=120000 depth=5 classes=[ 2, 3, 3, 4, 4 ] possible_sizes=
[ 1, 1, 1, 4, 1 ]
progress nodes=130000 depth=4 classes=[ 2, 2, 5, 5 ] possible_sizes=
[ 6, 6, 3, 3 ]
progress nodes=140000 depth=5 classes=[ 2, 2, 2, 2, 4 ] possible_sizes=
[ 3, 1, 1, 1, 1 ]
progress nodes=150000 depth=5 classes=[ 2, 2, 4, 4, 4 ] possible_sizes=
[ 1, 1, 1, 3, 1 ]
Completed branch minimum_class=2 nodes=159888 nodes_by_depth=
[ 1, 16, 813, 114744, 44137, 177, 0 ] orbit_reps_by_next_depth=
[ 0, 16, 813, 114744, 44137, 177, 0 ]
Branch minimum_class=3 first_index=277
progress nodes=10000 depth=4 classes=[ 3, 6, 6, 6 ] possible_sizes=
[ 1, 1, 1, 3 ]
progress nodes=20000 depth=4 classes=[ 3, 5, 5, 6 ] possible_sizes=
[ 1, 4, 4, 4 ]
progress nodes=30000 depth=4 classes=[ 3, 4, 6, 6 ] possible_sizes=
[ 1, 1, 1, 1 ]
progress nodes=40000 depth=4 classes=[ 3, 4, 6, 6 ] possible_sizes=
[ 1, 3, 4, 1 ]
progress nodes=50000 depth=4 classes=[ 3, 4, 4, 6 ] possible_sizes=
[ 1, 3, 1, 3 ]
progress nodes=60000 depth=4 classes=[ 3, 3, 5, 5 ] possible_sizes=
[ 1, 1, 1, 1 ]
progress nodes=70000 depth=5 classes=[ 3, 3, 3, 6, 6 ] possible_sizes=
[ 1, 1, 1, 1, 1 ]
progress nodes=80000 depth=4 classes=[ 3, 3, 6, 6 ] possible_sizes=
[ 3, 1, 1, 3 ]
progress nodes=90000 depth=4 classes=[ 3, 3, 3, 5 ] possible_sizes=
[ 5, 2, 3, 5 ]
Completed branch minimum_class=3 nodes=94526 nodes_by_depth=
[ 1, 13, 653, 79176, 14680, 3, 0 ] orbit_reps_by_next_depth=
[ 0, 13, 653, 79176, 14680, 3, 0 ]
Branch minimum_class=4 first_index=530
progress nodes=10000 depth=4 classes=[ 4, 5, 5, 6 ] possible_sizes=
[ 1, 1, 1, 1 ]
progress nodes=20000 depth=4 classes=[ 4, 5, 5, 6 ] possible_sizes=
[ 1, 1, 1, 1 ]
progress nodes=30000 depth=4 classes=[ 4, 4, 5, 6 ] possible_sizes=
[ 1, 1, 16, 1 ]
progress nodes=40000 depth=4 classes=[ 4, 4, 5, 6 ] possible_sizes=
[ 1, 3, 1, 1 ]
progress nodes=50000 depth=4 classes=[ 4, 4, 4, 6 ] possible_sizes=
[ 1, 1, 1, 1 ]
Completed branch minimum_class=4 nodes=51967 nodes_by_depth=
[ 1, 13, 867, 49504, 1582, 0, 0 ] orbit_reps_by_next_depth=
[ 0, 13, 867, 49504, 1582, 0, 0 ]
Branch minimum_class=5 first_index=1036
progress nodes=10000 depth=4 classes=[ 5, 6, 6, 6 ] possible_sizes=
[ 1, 1, 1, 1 ]
progress nodes=20000 depth=4 classes=[ 5, 5, 6, 6 ] possible_sizes=
[ 1, 1, 1, 1 ]
Completed branch minimum_class=5 nodes=23392 nodes_by_depth=
[ 1, 14, 1254, 22018, 105, 0, 0 ] orbit_reps_by_next_depth=
[ 0, 14, 1254, 22018, 105, 0, 0 ]
Branch minimum_class=6 first_index=2324
progress nodes=10000 depth=4 classes=[ 6, 6, 6, 6 ] possible_sizes=
[ 1, 1, 1, 1 ]
progress nodes=20000 depth=4 classes=[ 6, 6, 6, 6 ] possible_sizes=
[ 1, 1, 1, 1 ]
Completed branch minimum_class=6 nodes=20508 nodes_by_depth=
[ 1, 14, 826, 19311, 356, 0, 0 ] orbit_reps_by_next_depth=
[ 0, 14, 826, 19311, 356, 0, 0 ]
Branch minimum_class=7 first_index=4095
Completed branch minimum_class=7 nodes=164 nodes_by_depth=
[ 1, 163, 0, 0, 0, 0, 0 ] orbit_reps_by_next_depth=[ 0, 163, 0, 0, 0, 0, 0 ]
SUCCESS: no weak-GP7 family of maximal subgroups exists in M23 for branches 
[ 2, 3, 4, 5, 6, 7 ].
     2187.83 real      2068.23 user        74.43 sys
         10508828672  maximum resident set size
                   0  average shared memory size
                   0  average unshared data size
                   0  average unshared stack size
            37427332  page reclaims
                  39  page faults
                   0  swaps
                   0  block input operations
                   0  block output operations
                  16  messages sent
                  30  messages received
                   0  signals received
               24079  voluntary context switches
             1801933  involuntary context switches
      46156553760377  instructions retired
       8741477302654  cycles elapsed
         19006273120  peak memory footprint
