Built M23, order = 10200960, degree = 23
GAP version = 4.15.1
Signature framework version = 2026-05-12-cleanup
Target proper-subgroup weak-GP exclusion length = 7
Subgroup index range = [1, infinity]
UseKnownSubgroupShortcuts = true
DeduplicateBySizeStructure = false
Maximal subgroup classes = 7
1: size=443520 index=23 struct=M22
2: size=40320 index=253 struct=PSL(3,4) : C2
3: size=40320 index=253 struct=(C2 x C2 x C2 x C2) : A7
4: size=20160 index=506 struct=A8
5: size=7920 index=1288 struct=M11
6: size=5760 index=1771 struct=(C2 x C2 x C2 x C2) : (A5 : S3)
7: size=253 index=40320 struct=C23 : C11
Selected top maximal classes = [ 1 .. 7 ]
Checking M23 maximal class 1: size=443520 struct=M22 target_no_weakGP=7
    shortcut: known_i_upper group=M22 i_upper=
6
  dependency=regenerate M22 certificates from data/computation_specs.json exclu\
des weak-GP7.
  shortcut: top maximal class 1 has certified no weak-GP7 in all subgroups.
Checking M23 maximal class 2: size=
40320 struct=PSL(3,4) : C2 target_no_weakGP=7
  subgroup class representatives = 152 enumeration_ms=289
  checked=1 top_class=2 local_index=1 size=1 struct=1
    shortcut: order_bound dependency=Size(K) < 2^target excludes weak-GP7.
    shortcut: order_bound dependency=Size(K) < 2^target excludes weak-GP7.
    shortcut: order_bound dependency=Size(K) < 2^target excludes weak-GP7.
    shortcut: order_bound dependency=Size(K) < 2^target excludes weak-GP7.
    shortcut: order_bound dependency=Size(K) < 2^target excludes weak-GP7.
    shortcut: order_bound dependency=Size(K) < 2^target excludes weak-GP7.
    shortcut: order_bound dependency=Size(K) < 2^target excludes weak-GP7.
    shortcut: order_bound dependency=Size(K) < 2^target excludes weak-GP7.
    shortcut: order_bound dependency=Size(K) < 2^target excludes weak-GP7.
    shortcut: order_bound dependency=Size(K) < 2^target excludes weak-GP7.
    shortcut: order_bound dependency=Size(K) < 2^target excludes weak-GP7.
    shortcut: order_bound dependency=Size(K) < 2^target excludes weak-GP7.
    shortcut: order_bound dependency=Size(K) < 2^target excludes weak-GP7.
    shortcut: order_bound dependency=Size(K) < 2^target excludes weak-GP7.
    shortcut: order_bound dependency=Size(K) < 2^target excludes weak-GP7.
    shortcut: order_bound dependency=Size(K) < 2^target excludes weak-GP7.
    shortcut: order_bound dependency=Size(K) < 2^target excludes weak-GP7.
    shortcut: order_bound dependency=Size(K) < 2^target excludes weak-GP7.
    shortcut: order_bound dependency=Size(K) < 2^target excludes weak-GP7.
    shortcut: order_bound dependency=Size(K) < 2^target excludes weak-GP7.
    shortcut: order_bound dependency=Size(K) < 2^target excludes weak-GP7.
    shortcut: order_bound dependency=Size(K) < 2^target excludes weak-GP7.
    shortcut: order_bound dependency=Size(K) < 2^target excludes weak-GP7.
    shortcut: order_bound dependency=Size(K) < 2^target excludes weak-GP7.
  checked=25 top_class=2 local_index=25 size=8 struct=Q8
    shortcut: order_bound dependency=Size(K) < 2^target excludes weak-GP7.
    shortcut: order_bound dependency=Size(K) < 2^target excludes weak-GP7.
    shortcut: order_bound dependency=Size(K) < 2^target excludes weak-GP7.
    shortcut: order_bound dependency=Size(K) < 2^target excludes weak-GP7.
    shortcut: order_bound dependency=Size(K) < 2^target excludes weak-GP7.
    shortcut: order_bound dependency=Size(K) < 2^target excludes weak-GP7.
    shortcut: order_bound dependency=Size(K) < 2^target excludes weak-GP7.
    shortcut: order_bound dependency=Size(K) < 2^target excludes weak-GP7.
    shortcut: order_bound dependency=Size(K) < 2^target excludes weak-GP7.
    shortcut: order_bound dependency=Size(K) < 2^target excludes weak-GP7.
    shortcut: order_bound dependency=Size(K) < 2^target excludes weak-GP7.
    shortcut: order_bound dependency=Size(K) < 2^target excludes weak-GP7.
    shortcut: order_bound dependency=Size(K) < 2^target excludes weak-GP7.
    shortcut: order_bound dependency=Size(K) < 2^target excludes weak-GP7.
    shortcut: order_bound dependency=Size(K) < 2^target excludes weak-GP7.
    shortcut: order_bound dependency=Size(K) < 2^target excludes weak-GP7.
    shortcut: order_bound dependency=Size(K) < 2^target excludes weak-GP7.
    shortcut: order_bound dependency=Size(K) < 2^target excludes weak-GP7.
    shortcut: order_bound dependency=Size(K) < 2^target excludes weak-GP7.
    shortcut: order_bound dependency=Size(K) < 2^target excludes weak-GP7.
    shortcut: order_bound dependency=Size(K) < 2^target excludes weak-GP7.
    shortcut: order_bound dependency=Size(K) < 2^target excludes weak-GP7.
    shortcut: order_bound dependency=Size(K) < 2^target excludes weak-GP7.
    shortcut: order_bound dependency=Size(K) < 2^target excludes weak-GP7.
    shortcut: order_bound dependency=Size(K) < 2^target excludes weak-GP7.
  checked=50 top_class=2 local_index=50 size=16 struct=(C4 x C2) : C2
    shortcut: order_bound dependency=Size(K) < 2^target excludes weak-GP7.
    shortcut: order_bound dependency=Size(K) < 2^target excludes weak-GP7.
    shortcut: order_bound dependency=Size(K) < 2^target excludes weak-GP7.
    shortcut: order_bound dependency=Size(K) < 2^target excludes weak-GP7.
    shortcut: order_bound dependency=Size(K) < 2^target excludes weak-GP7.
    shortcut: order_bound dependency=Size(K) < 2^target excludes weak-GP7.
    shortcut: order_bound dependency=Size(K) < 2^target excludes weak-GP7.
    shortcut: order_bound dependency=Size(K) < 2^target excludes weak-GP7.
    shortcut: order_bound dependency=Size(K) < 2^target excludes weak-GP7.
    shortcut: order_bound dependency=Size(K) < 2^target excludes weak-GP7.
    shortcut: order_bound dependency=Size(K) < 2^target excludes weak-GP7.
    shortcut: order_bound dependency=Size(K) < 2^target excludes weak-GP7.
    shortcut: order_bound dependency=Size(K) < 2^target excludes weak-GP7.
    shortcut: order_bound dependency=Size(K) < 2^target excludes weak-GP7.
    shortcut: order_bound dependency=Size(K) < 2^target excludes weak-GP7.
    shortcut: order_bound dependency=Size(K) < 2^target excludes weak-GP7.
    shortcut: order_bound dependency=Size(K) < 2^target excludes weak-GP7.
    shortcut: order_bound dependency=Size(K) < 2^target excludes weak-GP7.
    shortcut: order_bound dependency=Size(K) < 2^target excludes weak-GP7.
    shortcut: order_bound dependency=Size(K) < 2^target excludes weak-GP7.
    shortcut: order_bound dependency=Size(K) < 2^target excludes weak-GP7.
    shortcut: order_bound dependency=Size(K) < 2^target excludes weak-GP7.
    shortcut: order_bound dependency=Size(K) < 2^target excludes weak-GP7.
    shortcut: order_bound dependency=Size(K) < 2^target excludes weak-GP7.
    shortcut: order_bound dependency=Size(K) < 2^target excludes weak-GP7.
  checked=75 top_class=2 local_index=75 size=24 struct=S4
    shortcut: order_bound dependency=Size(K) < 2^target excludes weak-GP7.
    shortcut: order_bound dependency=Size(K) < 2^target excludes weak-GP7.
    shortcut: order_bound dependency=Size(K) < 2^target excludes weak-GP7.
    shortcut: order_bound dependency=Size(K) < 2^target excludes weak-GP7.
    shortcut: order_bound dependency=Size(K) < 2^target excludes weak-GP7.
    shortcut: order_bound dependency=Size(K) < 2^target excludes weak-GP7.
    shortcut: order_bound dependency=Size(K) < 2^target excludes weak-GP7.
    shortcut: order_bound dependency=Size(K) < 2^target excludes weak-GP7.
    shortcut: order_bound dependency=Size(K) < 2^target excludes weak-GP7.
    shortcut: order_bound dependency=Size(K) < 2^target excludes weak-GP7.
    shortcut: order_bound dependency=Size(K) < 2^target excludes weak-GP7.
    shortcut: order_bound dependency=Size(K) < 2^target excludes weak-GP7.
    shortcut: order_bound dependency=Size(K) < 2^target excludes weak-GP7.
    shortcut: order_bound dependency=Size(K) < 2^target excludes weak-GP7.
    shortcut: order_bound dependency=Size(K) < 2^target excludes weak-GP7.
    shortcut: order_bound dependency=Size(K) < 2^target excludes weak-GP7.
    shortcut: order_bound dependency=Size(K) < 2^target excludes weak-GP7.
    shortcut: order_bound dependency=Size(K) < 2^target excludes weak-GP7.
    shortcut: order_bound dependency=Size(K) < 2^target excludes weak-GP7.
    shortcut: order_bound dependency=Size(K) < 2^target excludes weak-GP7.
    shortcut: order_bound dependency=Size(K) < 2^target excludes weak-GP7.
    shortcut: order_bound dependency=Size(K) < 2^target excludes weak-GP7.
    shortcut: order_bound dependency=Size(K) < 2^target excludes weak-GP7.
    shortcut: order_bound dependency=Size(K) < 2^target excludes weak-GP7.
    shortcut: order_bound dependency=Size(K) < 2^target excludes weak-GP7.
  checked=100 top_class=2 local_index=100 size=48 struct=(C4 x C4) : C3
    shortcut: order_bound dependency=Size(K) < 2^target excludes weak-GP7.
    shortcut: order_bound dependency=Size(K) < 2^target excludes weak-GP7.
    shortcut: order_bound dependency=Size(K) < 2^target excludes weak-GP7.
    shortcut: order_bound dependency=Size(K) < 2^target excludes weak-GP7.
    shortcut: order_bound dependency=Size(K) < 2^target excludes weak-GP7.
    shortcut: order_bound dependency=Size(K) < 2^target excludes weak-GP7.
    shortcut: order_bound dependency=Size(K) < 2^target excludes weak-GP7.
    shortcut: order_bound dependency=Size(K) < 2^target excludes weak-GP7.
    shortcut: order_bound dependency=Size(K) < 2^target excludes weak-GP7.
    shortcut: order_bound dependency=Size(K) < 2^target excludes weak-GP7.
    shortcut: order_bound dependency=Size(K) < 2^target excludes weak-GP7.
    shortcut: order_bound dependency=Size(K) < 2^target excludes weak-GP7.
    shortcut: order_bound dependency=Size(K) < 2^target excludes weak-GP7.
    shortcut: order_bound dependency=Size(K) < 2^target excludes weak-GP7.
    shortcut: order_bound dependency=Size(K) < 2^target excludes weak-GP7.
    shortcut: order_bound dependency=Size(K) < 2^target excludes weak-GP7.
    shortcut: order_bound dependency=Size(K) < 2^target excludes weak-GP7.
    shortcut: order_bound dependency=Size(K) < 2^target excludes weak-GP7.
    shortcut: order_bound dependency=Size(K) < 2^target excludes weak-GP7.
    shortcut: order_bound dependency=Size(K) < 2^target excludes weak-GP7.
    shortcut: order_bound dependency=Size(K) < 2^target excludes weak-GP7.
    shortcut: order_bound dependency=Size(K) < 2^target excludes weak-GP7.
    shortcut: order_bound dependency=Size(K) < 2^target excludes weak-GP7.
    shortcut: order_bound dependency=Size(K) < 2^target excludes weak-GP7.
    shortcut: order_bound dependency=Size(K) < 2^target excludes weak-GP7.
  checked=125 top_class=2 local_index=125 size=96 struct=(C2 x C2) : S4
    shortcut: order_bound dependency=Size(K) < 2^target excludes weak-GP7.
    shortcut: order_bound dependency=Size(K) < 2^target excludes weak-GP7.
    shortcut: order_bound dependency=Size(K) < 2^target excludes weak-GP7.
    shortcut: order_bound dependency=Size(K) < 2^target excludes weak-GP7.
    shortcut: order_bound dependency=Size(K) < 2^target excludes weak-GP7.
    shortcut: order_bound dependency=Size(K) < 2^target excludes weak-GP7.
  checked=150 top_class=2 local_index=150 size=
1920 struct=(C2 x C2 x C2 x C2) : S5
    shortcut: known_no_weak_gp group=PSL(3,4) no_weak_gp=
7 dependency=regenerate PSL(3,4) certificate excludes weak-GP7.
    completed local_subgroup_index=152 elapsed_ms=1256
  completed M23 maximal class 2 checked=152 requested_range=[1, 
152] no weak-GP7 found.
Checking M23 maximal class 3: size=
40320 struct=(C2 x C2 x C2 x C2) : A7 target_no_weakGP=7
  subgroup class representatives = 189 enumeration_ms=454
    shortcut: order_bound dependency=Size(K) < 2^target excludes weak-GP7.
    shortcut: order_bound dependency=Size(K) < 2^target excludes weak-GP7.
    shortcut: order_bound dependency=Size(K) < 2^target excludes weak-GP7.
    shortcut: order_bound dependency=Size(K) < 2^target excludes weak-GP7.
    shortcut: order_bound dependency=Size(K) < 2^target excludes weak-GP7.
    shortcut: order_bound dependency=Size(K) < 2^target excludes weak-GP7.
    shortcut: order_bound dependency=Size(K) < 2^target excludes weak-GP7.
    shortcut: order_bound dependency=Size(K) < 2^target excludes weak-GP7.
    shortcut: order_bound dependency=Size(K) < 2^target excludes weak-GP7.
    shortcut: order_bound dependency=Size(K) < 2^target excludes weak-GP7.
    shortcut: order_bound dependency=Size(K) < 2^target excludes weak-GP7.
    shortcut: order_bound dependency=Size(K) < 2^target excludes weak-GP7.
    shortcut: order_bound dependency=Size(K) < 2^target excludes weak-GP7.
    shortcut: order_bound dependency=Size(K) < 2^target excludes weak-GP7.
    shortcut: order_bound dependency=Size(K) < 2^target excludes weak-GP7.
    shortcut: order_bound dependency=Size(K) < 2^target excludes weak-GP7.
    shortcut: order_bound dependency=Size(K) < 2^target excludes weak-GP7.
    shortcut: order_bound dependency=Size(K) < 2^target excludes weak-GP7.
    shortcut: order_bound dependency=Size(K) < 2^target excludes weak-GP7.
    shortcut: order_bound dependency=Size(K) < 2^target excludes weak-GP7.
    shortcut: order_bound dependency=Size(K) < 2^target excludes weak-GP7.
    shortcut: order_bound dependency=Size(K) < 2^target excludes weak-GP7.
  checked=175 top_class=3 local_index=23 size=8 struct=C4 x C2
    shortcut: order_bound dependency=Size(K) < 2^target excludes weak-GP7.
    shortcut: order_bound dependency=Size(K) < 2^target excludes weak-GP7.
    shortcut: order_bound dependency=Size(K) < 2^target excludes weak-GP7.
    shortcut: order_bound dependency=Size(K) < 2^target excludes weak-GP7.
    shortcut: order_bound dependency=Size(K) < 2^target excludes weak-GP7.
    shortcut: order_bound dependency=Size(K) < 2^target excludes weak-GP7.
    shortcut: order_bound dependency=Size(K) < 2^target excludes weak-GP7.
    shortcut: order_bound dependency=Size(K) < 2^target excludes weak-GP7.
    shortcut: order_bound dependency=Size(K) < 2^target excludes weak-GP7.
    shortcut: order_bound dependency=Size(K) < 2^target excludes weak-GP7.
    shortcut: order_bound dependency=Size(K) < 2^target excludes weak-GP7.
    shortcut: order_bound dependency=Size(K) < 2^target excludes weak-GP7.
    shortcut: order_bound dependency=Size(K) < 2^target excludes weak-GP7.
    shortcut: order_bound dependency=Size(K) < 2^target excludes weak-GP7.
    shortcut: order_bound dependency=Size(K) < 2^target excludes weak-GP7.
    shortcut: order_bound dependency=Size(K) < 2^target excludes weak-GP7.
    shortcut: order_bound dependency=Size(K) < 2^target excludes weak-GP7.
    shortcut: order_bound dependency=Size(K) < 2^target excludes weak-GP7.
    shortcut: order_bound dependency=Size(K) < 2^target excludes weak-GP7.
    shortcut: order_bound dependency=Size(K) < 2^target excludes weak-GP7.
    shortcut: order_bound dependency=Size(K) < 2^target excludes weak-GP7.
    shortcut: order_bound dependency=Size(K) < 2^target excludes weak-GP7.
    shortcut: order_bound dependency=Size(K) < 2^target excludes weak-GP7.
    shortcut: order_bound dependency=Size(K) < 2^target excludes weak-GP7.
    shortcut: order_bound dependency=Size(K) < 2^target excludes weak-GP7.
  checked=200 top_class=3 local_index=48 size=12 struct=A4
    shortcut: order_bound dependency=Size(K) < 2^target excludes weak-GP7.
    shortcut: order_bound dependency=Size(K) < 2^target excludes weak-GP7.
    shortcut: order_bound dependency=Size(K) < 2^target excludes weak-GP7.
    shortcut: order_bound dependency=Size(K) < 2^target excludes weak-GP7.
    shortcut: order_bound dependency=Size(K) < 2^target excludes weak-GP7.
    shortcut: order_bound dependency=Size(K) < 2^target excludes weak-GP7.
    shortcut: order_bound dependency=Size(K) < 2^target excludes weak-GP7.
    shortcut: order_bound dependency=Size(K) < 2^target excludes weak-GP7.
    shortcut: order_bound dependency=Size(K) < 2^target excludes weak-GP7.
    shortcut: order_bound dependency=Size(K) < 2^target excludes weak-GP7.
    shortcut: order_bound dependency=Size(K) < 2^target excludes weak-GP7.
    shortcut: order_bound dependency=Size(K) < 2^target excludes weak-GP7.
    shortcut: order_bound dependency=Size(K) < 2^target excludes weak-GP7.
    shortcut: order_bound dependency=Size(K) < 2^target excludes weak-GP7.
    shortcut: order_bound dependency=Size(K) < 2^target excludes weak-GP7.
    shortcut: order_bound dependency=Size(K) < 2^target excludes weak-GP7.
    shortcut: order_bound dependency=Size(K) < 2^target excludes weak-GP7.
    shortcut: order_bound dependency=Size(K) < 2^target excludes weak-GP7.
    shortcut: order_bound dependency=Size(K) < 2^target excludes weak-GP7.
    shortcut: order_bound dependency=Size(K) < 2^target excludes weak-GP7.
    shortcut: order_bound dependency=Size(K) < 2^target excludes weak-GP7.
    shortcut: order_bound dependency=Size(K) < 2^target excludes weak-GP7.
    shortcut: order_bound dependency=Size(K) < 2^target excludes weak-GP7.
    shortcut: order_bound dependency=Size(K) < 2^target excludes weak-GP7.
    shortcut: order_bound dependency=Size(K) < 2^target excludes weak-GP7.
  checked=225 top_class=3 local_index=73 size=24 struct=S4
    shortcut: order_bound dependency=Size(K) < 2^target excludes weak-GP7.
    shortcut: order_bound dependency=Size(K) < 2^target excludes weak-GP7.
    shortcut: order_bound dependency=Size(K) < 2^target excludes weak-GP7.
    shortcut: order_bound dependency=Size(K) < 2^target excludes weak-GP7.
    shortcut: order_bound dependency=Size(K) < 2^target excludes weak-GP7.
    shortcut: order_bound dependency=Size(K) < 2^target excludes weak-GP7.
    shortcut: order_bound dependency=Size(K) < 2^target excludes weak-GP7.
    shortcut: order_bound dependency=Size(K) < 2^target excludes weak-GP7.
    shortcut: order_bound dependency=Size(K) < 2^target excludes weak-GP7.
    shortcut: order_bound dependency=Size(K) < 2^target excludes weak-GP7.
    shortcut: order_bound dependency=Size(K) < 2^target excludes weak-GP7.
    shortcut: order_bound dependency=Size(K) < 2^target excludes weak-GP7.
    shortcut: order_bound dependency=Size(K) < 2^target excludes weak-GP7.
    shortcut: order_bound dependency=Size(K) < 2^target excludes weak-GP7.
    shortcut: order_bound dependency=Size(K) < 2^target excludes weak-GP7.
    shortcut: order_bound dependency=Size(K) < 2^target excludes weak-GP7.
    shortcut: order_bound dependency=Size(K) < 2^target excludes weak-GP7.
    shortcut: order_bound dependency=Size(K) < 2^target excludes weak-GP7.
    shortcut: order_bound dependency=Size(K) < 2^target excludes weak-GP7.
    shortcut: order_bound dependency=Size(K) < 2^target excludes weak-GP7.
    shortcut: order_bound dependency=Size(K) < 2^target excludes weak-GP7.
    shortcut: order_bound dependency=Size(K) < 2^target excludes weak-GP7.
    shortcut: order_bound dependency=Size(K) < 2^target excludes weak-GP7.
    shortcut: order_bound dependency=Size(K) < 2^target excludes weak-GP7.
    shortcut: order_bound dependency=Size(K) < 2^target excludes weak-GP7.
  checked=250 top_class=3 local_index=98 size=36 struct=(C3 x C3) : C4
    shortcut: order_bound dependency=Size(K) < 2^target excludes weak-GP7.
    shortcut: order_bound dependency=Size(K) < 2^target excludes weak-GP7.
    shortcut: order_bound dependency=Size(K) < 2^target excludes weak-GP7.
    shortcut: order_bound dependency=Size(K) < 2^target excludes weak-GP7.
    shortcut: order_bound dependency=Size(K) < 2^target excludes weak-GP7.
    shortcut: order_bound dependency=Size(K) < 2^target excludes weak-GP7.
    shortcut: order_bound dependency=Size(K) < 2^target excludes weak-GP7.
    shortcut: order_bound dependency=Size(K) < 2^target excludes weak-GP7.
    shortcut: order_bound dependency=Size(K) < 2^target excludes weak-GP7.
    shortcut: order_bound dependency=Size(K) < 2^target excludes weak-GP7.
    shortcut: order_bound dependency=Size(K) < 2^target excludes weak-GP7.
    shortcut: order_bound dependency=Size(K) < 2^target excludes weak-GP7.
    shortcut: order_bound dependency=Size(K) < 2^target excludes weak-GP7.
    shortcut: order_bound dependency=Size(K) < 2^target excludes weak-GP7.
    shortcut: order_bound dependency=Size(K) < 2^target excludes weak-GP7.
    shortcut: order_bound dependency=Size(K) < 2^target excludes weak-GP7.
    shortcut: order_bound dependency=Size(K) < 2^target excludes weak-GP7.
    shortcut: order_bound dependency=Size(K) < 2^target excludes weak-GP7.
    shortcut: order_bound dependency=Size(K) < 2^target excludes weak-GP7.
    shortcut: order_bound dependency=Size(K) < 2^target excludes weak-GP7.
    shortcut: order_bound dependency=Size(K) < 2^target excludes weak-GP7.
    shortcut: order_bound dependency=Size(K) < 2^target excludes weak-GP7.
    shortcut: order_bound dependency=Size(K) < 2^target excludes weak-GP7.
    shortcut: order_bound dependency=Size(K) < 2^target excludes weak-GP7.
    shortcut: order_bound dependency=Size(K) < 2^target excludes weak-GP7.
  checked=275 top_class=3 local_index=123 size=
64 struct=((C4 x C2) : C2) : (C2 x C2)
    shortcut: order_bound dependency=Size(K) < 2^target excludes weak-GP7.
    shortcut: order_bound dependency=Size(K) < 2^target excludes weak-GP7.
    shortcut: order_bound dependency=Size(K) < 2^target excludes weak-GP7.
    shortcut: order_bound dependency=Size(K) < 2^target excludes weak-GP7.
    shortcut: order_bound dependency=Size(K) < 2^target excludes weak-GP7.
    shortcut: order_bound dependency=Size(K) < 2^target excludes weak-GP7.
    shortcut: order_bound dependency=Size(K) < 2^target excludes weak-GP7.
    shortcut: order_bound dependency=Size(K) < 2^target excludes weak-GP7.
    shortcut: order_bound dependency=Size(K) < 2^target excludes weak-GP7.
    shortcut: order_bound dependency=Size(K) < 2^target excludes weak-GP7.
    shortcut: order_bound dependency=Size(K) < 2^target excludes weak-GP7.
    shortcut: order_bound dependency=Size(K) < 2^target excludes weak-GP7.
    shortcut: order_bound dependency=Size(K) < 2^target excludes weak-GP7.
    shortcut: order_bound dependency=Size(K) < 2^target excludes weak-GP7.
    shortcut: order_bound dependency=Size(K) < 2^target excludes weak-GP7.
    shortcut: order_bound dependency=Size(K) < 2^target excludes weak-GP7.
    shortcut: order_bound dependency=Size(K) < 2^target excludes weak-GP7.
    shortcut: order_bound dependency=Size(K) < 2^target excludes weak-GP7.
    shortcut: order_bound dependency=Size(K) < 2^target excludes weak-GP7.
    shortcut: order_bound dependency=Size(K) < 2^target excludes weak-GP7.
    shortcut: order_bound dependency=Size(K) < 2^target excludes weak-GP7.
    shortcut: order_bound dependency=Size(K) < 2^target excludes weak-GP7.
    shortcut: order_bound dependency=Size(K) < 2^target excludes weak-GP7.
    shortcut: order_bound dependency=Size(K) < 2^target excludes weak-GP7.
  checked=300 top_class=3 local_index=148 size=144 struct=A4 x A4
  checked=325 top_class=3 local_index=173 size=
384 struct=(C2 x C2 x C2 x C2) : ((C6 x C2) : C2)
  completed M23 maximal class 3 checked=189 requested_range=[1, 
189] no weak-GP7 found.
Checking M23 maximal class 4: size=20160 struct=A8 target_no_weakGP=7
  subgroup class representatives = 137 enumeration_ms=85
    shortcut: order_bound dependency=Size(K) < 2^target excludes weak-GP7.
    shortcut: order_bound dependency=Size(K) < 2^target excludes weak-GP7.
    shortcut: order_bound dependency=Size(K) < 2^target excludes weak-GP7.
    shortcut: order_bound dependency=Size(K) < 2^target excludes weak-GP7.
    shortcut: order_bound dependency=Size(K) < 2^target excludes weak-GP7.
    shortcut: order_bound dependency=Size(K) < 2^target excludes weak-GP7.
    shortcut: order_bound dependency=Size(K) < 2^target excludes weak-GP7.
    shortcut: order_bound dependency=Size(K) < 2^target excludes weak-GP7.
  checked=350 top_class=4 local_index=9 size=4 struct=C2 x C2
    shortcut: order_bound dependency=Size(K) < 2^target excludes weak-GP7.
    shortcut: order_bound dependency=Size(K) < 2^target excludes weak-GP7.
    shortcut: order_bound dependency=Size(K) < 2^target excludes weak-GP7.
    shortcut: order_bound dependency=Size(K) < 2^target excludes weak-GP7.
    shortcut: order_bound dependency=Size(K) < 2^target excludes weak-GP7.
    shortcut: order_bound dependency=Size(K) < 2^target excludes weak-GP7.
    shortcut: order_bound dependency=Size(K) < 2^target excludes weak-GP7.
    shortcut: order_bound dependency=Size(K) < 2^target excludes weak-GP7.
    shortcut: order_bound dependency=Size(K) < 2^target excludes weak-GP7.
    shortcut: order_bound dependency=Size(K) < 2^target excludes weak-GP7.
    shortcut: order_bound dependency=Size(K) < 2^target excludes weak-GP7.
    shortcut: order_bound dependency=Size(K) < 2^target excludes weak-GP7.
    shortcut: order_bound dependency=Size(K) < 2^target excludes weak-GP7.
    shortcut: order_bound dependency=Size(K) < 2^target excludes weak-GP7.
    shortcut: order_bound dependency=Size(K) < 2^target excludes weak-GP7.
    shortcut: order_bound dependency=Size(K) < 2^target excludes weak-GP7.
    shortcut: order_bound dependency=Size(K) < 2^target excludes weak-GP7.
    shortcut: order_bound dependency=Size(K) < 2^target excludes weak-GP7.
    shortcut: order_bound dependency=Size(K) < 2^target excludes weak-GP7.
    shortcut: order_bound dependency=Size(K) < 2^target excludes weak-GP7.
    shortcut: order_bound dependency=Size(K) < 2^target excludes weak-GP7.
    shortcut: order_bound dependency=Size(K) < 2^target excludes weak-GP7.
    shortcut: order_bound dependency=Size(K) < 2^target excludes weak-GP7.
    shortcut: order_bound dependency=Size(K) < 2^target excludes weak-GP7.
    shortcut: order_bound dependency=Size(K) < 2^target excludes weak-GP7.
  checked=375 top_class=4 local_index=34 size=8 struct=D8
    shortcut: order_bound dependency=Size(K) < 2^target excludes weak-GP7.
    shortcut: order_bound dependency=Size(K) < 2^target excludes weak-GP7.
    shortcut: order_bound dependency=Size(K) < 2^target excludes weak-GP7.
    shortcut: order_bound dependency=Size(K) < 2^target excludes weak-GP7.
    shortcut: order_bound dependency=Size(K) < 2^target excludes weak-GP7.
    shortcut: order_bound dependency=Size(K) < 2^target excludes weak-GP7.
    shortcut: order_bound dependency=Size(K) < 2^target excludes weak-GP7.
    shortcut: order_bound dependency=Size(K) < 2^target excludes weak-GP7.
    shortcut: order_bound dependency=Size(K) < 2^target excludes weak-GP7.
    shortcut: order_bound dependency=Size(K) < 2^target excludes weak-GP7.
    shortcut: order_bound dependency=Size(K) < 2^target excludes weak-GP7.
    shortcut: order_bound dependency=Size(K) < 2^target excludes weak-GP7.
    shortcut: order_bound dependency=Size(K) < 2^target excludes weak-GP7.
    shortcut: order_bound dependency=Size(K) < 2^target excludes weak-GP7.
    shortcut: order_bound dependency=Size(K) < 2^target excludes weak-GP7.
    shortcut: order_bound dependency=Size(K) < 2^target excludes weak-GP7.
    shortcut: order_bound dependency=Size(K) < 2^target excludes weak-GP7.
    shortcut: order_bound dependency=Size(K) < 2^target excludes weak-GP7.
    shortcut: order_bound dependency=Size(K) < 2^target excludes weak-GP7.
    shortcut: order_bound dependency=Size(K) < 2^target excludes weak-GP7.
    shortcut: order_bound dependency=Size(K) < 2^target excludes weak-GP7.
    shortcut: order_bound dependency=Size(K) < 2^target excludes weak-GP7.
    shortcut: order_bound dependency=Size(K) < 2^target excludes weak-GP7.
    shortcut: order_bound dependency=Size(K) < 2^target excludes weak-GP7.
    shortcut: order_bound dependency=Size(K) < 2^target excludes weak-GP7.
  checked=400 top_class=4 local_index=59 size=18 struct=(C3 x C3) : C2
    shortcut: order_bound dependency=Size(K) < 2^target excludes weak-GP7.
    shortcut: order_bound dependency=Size(K) < 2^target excludes weak-GP7.
    shortcut: order_bound dependency=Size(K) < 2^target excludes weak-GP7.
    shortcut: order_bound dependency=Size(K) < 2^target excludes weak-GP7.
    shortcut: order_bound dependency=Size(K) < 2^target excludes weak-GP7.
    shortcut: order_bound dependency=Size(K) < 2^target excludes weak-GP7.
    shortcut: order_bound dependency=Size(K) < 2^target excludes weak-GP7.
    shortcut: order_bound dependency=Size(K) < 2^target excludes weak-GP7.
    shortcut: order_bound dependency=Size(K) < 2^target excludes weak-GP7.
    shortcut: order_bound dependency=Size(K) < 2^target excludes weak-GP7.
    shortcut: order_bound dependency=Size(K) < 2^target excludes weak-GP7.
    shortcut: order_bound dependency=Size(K) < 2^target excludes weak-GP7.
    shortcut: order_bound dependency=Size(K) < 2^target excludes weak-GP7.
    shortcut: order_bound dependency=Size(K) < 2^target excludes weak-GP7.
    shortcut: order_bound dependency=Size(K) < 2^target excludes weak-GP7.
    shortcut: order_bound dependency=Size(K) < 2^target excludes weak-GP7.
    shortcut: order_bound dependency=Size(K) < 2^target excludes weak-GP7.
    shortcut: order_bound dependency=Size(K) < 2^target excludes weak-GP7.
    shortcut: order_bound dependency=Size(K) < 2^target excludes weak-GP7.
    shortcut: order_bound dependency=Size(K) < 2^target excludes weak-GP7.
    shortcut: order_bound dependency=Size(K) < 2^target excludes weak-GP7.
    shortcut: order_bound dependency=Size(K) < 2^target excludes weak-GP7.
    shortcut: order_bound dependency=Size(K) < 2^target excludes weak-GP7.
    shortcut: order_bound dependency=Size(K) < 2^target excludes weak-GP7.
    shortcut: order_bound dependency=Size(K) < 2^target excludes weak-GP7.
  checked=425 top_class=4 local_index=84 size=32 struct=(C2 x C2 x C2) : C4
    shortcut: order_bound dependency=Size(K) < 2^target excludes weak-GP7.
    shortcut: order_bound dependency=Size(K) < 2^target excludes weak-GP7.
    shortcut: order_bound dependency=Size(K) < 2^target excludes weak-GP7.
    shortcut: order_bound dependency=Size(K) < 2^target excludes weak-GP7.
    shortcut: order_bound dependency=Size(K) < 2^target excludes weak-GP7.
    shortcut: order_bound dependency=Size(K) < 2^target excludes weak-GP7.
    shortcut: order_bound dependency=Size(K) < 2^target excludes weak-GP7.
    shortcut: order_bound dependency=Size(K) < 2^target excludes weak-GP7.
    shortcut: order_bound dependency=Size(K) < 2^target excludes weak-GP7.
    shortcut: order_bound dependency=Size(K) < 2^target excludes weak-GP7.
    shortcut: order_bound dependency=Size(K) < 2^target excludes weak-GP7.
    shortcut: order_bound dependency=Size(K) < 2^target excludes weak-GP7.
    shortcut: order_bound dependency=Size(K) < 2^target excludes weak-GP7.
    shortcut: order_bound dependency=Size(K) < 2^target excludes weak-GP7.
    shortcut: order_bound dependency=Size(K) < 2^target excludes weak-GP7.
    shortcut: order_bound dependency=Size(K) < 2^target excludes weak-GP7.
    shortcut: order_bound dependency=Size(K) < 2^target excludes weak-GP7.
    shortcut: order_bound dependency=Size(K) < 2^target excludes weak-GP7.
    shortcut: order_bound dependency=Size(K) < 2^target excludes weak-GP7.
    shortcut: order_bound dependency=Size(K) < 2^target excludes weak-GP7.
    shortcut: order_bound dependency=Size(K) < 2^target excludes weak-GP7.
    shortcut: order_bound dependency=Size(K) < 2^target excludes weak-GP7.
    shortcut: order_bound dependency=Size(K) < 2^target excludes weak-GP7.
    shortcut: order_bound dependency=Size(K) < 2^target excludes weak-GP7.
    shortcut: order_bound dependency=Size(K) < 2^target excludes weak-GP7.
  checked=450 top_class=4 local_index=109 size=
96 struct=((C2 x C2 x C2 x C2) : C2) : C3
    shortcut: order_bound dependency=Size(K) < 2^target excludes weak-GP7.
    shortcut: order_bound dependency=Size(K) < 2^target excludes weak-GP7.
    shortcut: order_bound dependency=Size(K) < 2^target excludes weak-GP7.
    shortcut: order_bound dependency=Size(K) < 2^target excludes weak-GP7.
    shortcut: order_bound dependency=Size(K) < 2^target excludes weak-GP7.
    shortcut: order_bound dependency=Size(K) < 2^target excludes weak-GP7.
    shortcut: order_bound dependency=Size(K) < 2^target excludes weak-GP7.
    shortcut: order_bound dependency=Size(K) < 2^target excludes weak-GP7.
  checked=475 top_class=4 local_index=134 size=
1344 struct=(C2 x C2 x C2) : PSL(3,2)
  completed M23 maximal class 4 checked=137 requested_range=[1, 
137] no weak-GP7 found.
Checking M23 maximal class 5: size=7920 struct=M11 target_no_weakGP=7
    shortcut: known_i_upper group=M11 i_upper=
5 dependency=Brooks/GAP certificate excludes weak-GP7.
  shortcut: top maximal class 5 has certified no weak-GP7 in all subgroups.
Checking M23 maximal class 6: size=
5760 struct=(C2 x C2 x C2 x C2) : (A5 : S3) target_no_weakGP=7
  subgroup class representatives = 199 enumeration_ms=448
    shortcut: order_bound dependency=Size(K) < 2^target excludes weak-GP7.
    shortcut: order_bound dependency=Size(K) < 2^target excludes weak-GP7.
    shortcut: order_bound dependency=Size(K) < 2^target excludes weak-GP7.
    shortcut: order_bound dependency=Size(K) < 2^target excludes weak-GP7.
    shortcut: order_bound dependency=Size(K) < 2^target excludes weak-GP7.
    shortcut: order_bound dependency=Size(K) < 2^target excludes weak-GP7.
    shortcut: order_bound dependency=Size(K) < 2^target excludes weak-GP7.
    shortcut: order_bound dependency=Size(K) < 2^target excludes weak-GP7.
    shortcut: order_bound dependency=Size(K) < 2^target excludes weak-GP7.
    shortcut: order_bound dependency=Size(K) < 2^target excludes weak-GP7.
    shortcut: order_bound dependency=Size(K) < 2^target excludes weak-GP7.
    shortcut: order_bound dependency=Size(K) < 2^target excludes weak-GP7.
    shortcut: order_bound dependency=Size(K) < 2^target excludes weak-GP7.
    shortcut: order_bound dependency=Size(K) < 2^target excludes weak-GP7.
    shortcut: order_bound dependency=Size(K) < 2^target excludes weak-GP7.
    shortcut: order_bound dependency=Size(K) < 2^target excludes weak-GP7.
    shortcut: order_bound dependency=Size(K) < 2^target excludes weak-GP7.
    shortcut: order_bound dependency=Size(K) < 2^target excludes weak-GP7.
    shortcut: order_bound dependency=Size(K) < 2^target excludes weak-GP7.
    shortcut: order_bound dependency=Size(K) < 2^target excludes weak-GP7.
    shortcut: order_bound dependency=Size(K) < 2^target excludes weak-GP7.
  checked=500 top_class=6 local_index=22 size=6 struct=C6
    shortcut: order_bound dependency=Size(K) < 2^target excludes weak-GP7.
    shortcut: order_bound dependency=Size(K) < 2^target excludes weak-GP7.
    shortcut: order_bound dependency=Size(K) < 2^target excludes weak-GP7.
    shortcut: order_bound dependency=Size(K) < 2^target excludes weak-GP7.
    shortcut: order_bound dependency=Size(K) < 2^target excludes weak-GP7.
    shortcut: order_bound dependency=Size(K) < 2^target excludes weak-GP7.
    shortcut: order_bound dependency=Size(K) < 2^target excludes weak-GP7.
    shortcut: order_bound dependency=Size(K) < 2^target excludes weak-GP7.
    shortcut: order_bound dependency=Size(K) < 2^target excludes weak-GP7.
    shortcut: order_bound dependency=Size(K) < 2^target excludes weak-GP7.
    shortcut: order_bound dependency=Size(K) < 2^target excludes weak-GP7.
    shortcut: order_bound dependency=Size(K) < 2^target excludes weak-GP7.
    shortcut: order_bound dependency=Size(K) < 2^target excludes weak-GP7.
    shortcut: order_bound dependency=Size(K) < 2^target excludes weak-GP7.
    shortcut: order_bound dependency=Size(K) < 2^target excludes weak-GP7.
    shortcut: order_bound dependency=Size(K) < 2^target excludes weak-GP7.
    shortcut: order_bound dependency=Size(K) < 2^target excludes weak-GP7.
    shortcut: order_bound dependency=Size(K) < 2^target excludes weak-GP7.
    shortcut: order_bound dependency=Size(K) < 2^target excludes weak-GP7.
    shortcut: order_bound dependency=Size(K) < 2^target excludes weak-GP7.
    shortcut: order_bound dependency=Size(K) < 2^target excludes weak-GP7.
    shortcut: order_bound dependency=Size(K) < 2^target excludes weak-GP7.
    shortcut: order_bound dependency=Size(K) < 2^target excludes weak-GP7.
    shortcut: order_bound dependency=Size(K) < 2^target excludes weak-GP7.
    shortcut: order_bound dependency=Size(K) < 2^target excludes weak-GP7.
  checked=525 top_class=6 local_index=47 size=10 struct=D10
    shortcut: order_bound dependency=Size(K) < 2^target excludes weak-GP7.
    shortcut: order_bound dependency=Size(K) < 2^target excludes weak-GP7.
    shortcut: order_bound dependency=Size(K) < 2^target excludes weak-GP7.
    shortcut: order_bound dependency=Size(K) < 2^target excludes weak-GP7.
    shortcut: order_bound dependency=Size(K) < 2^target excludes weak-GP7.
    shortcut: order_bound dependency=Size(K) < 2^target excludes weak-GP7.
    shortcut: order_bound dependency=Size(K) < 2^target excludes weak-GP7.
    shortcut: order_bound dependency=Size(K) < 2^target excludes weak-GP7.
    shortcut: order_bound dependency=Size(K) < 2^target excludes weak-GP7.
    shortcut: order_bound dependency=Size(K) < 2^target excludes weak-GP7.
    shortcut: order_bound dependency=Size(K) < 2^target excludes weak-GP7.
    shortcut: order_bound dependency=Size(K) < 2^target excludes weak-GP7.
    shortcut: order_bound dependency=Size(K) < 2^target excludes weak-GP7.
    shortcut: order_bound dependency=Size(K) < 2^target excludes weak-GP7.
    shortcut: order_bound dependency=Size(K) < 2^target excludes weak-GP7.
    shortcut: order_bound dependency=Size(K) < 2^target excludes weak-GP7.
    shortcut: order_bound dependency=Size(K) < 2^target excludes weak-GP7.
    shortcut: order_bound dependency=Size(K) < 2^target excludes weak-GP7.
    shortcut: order_bound dependency=Size(K) < 2^target excludes weak-GP7.
    shortcut: order_bound dependency=Size(K) < 2^target excludes weak-GP7.
    shortcut: order_bound dependency=Size(K) < 2^target excludes weak-GP7.
    shortcut: order_bound dependency=Size(K) < 2^target excludes weak-GP7.
    shortcut: order_bound dependency=Size(K) < 2^target excludes weak-GP7.
    shortcut: order_bound dependency=Size(K) < 2^target excludes weak-GP7.
    shortcut: order_bound dependency=Size(K) < 2^target excludes weak-GP7.
  checked=550 top_class=6 local_index=72 size=16 struct=C2 x D8
    shortcut: order_bound dependency=Size(K) < 2^target excludes weak-GP7.
    shortcut: order_bound dependency=Size(K) < 2^target excludes weak-GP7.
    shortcut: order_bound dependency=Size(K) < 2^target excludes weak-GP7.
    shortcut: order_bound dependency=Size(K) < 2^target excludes weak-GP7.
    shortcut: order_bound dependency=Size(K) < 2^target excludes weak-GP7.
    shortcut: order_bound dependency=Size(K) < 2^target excludes weak-GP7.
    shortcut: order_bound dependency=Size(K) < 2^target excludes weak-GP7.
    shortcut: order_bound dependency=Size(K) < 2^target excludes weak-GP7.
    shortcut: order_bound dependency=Size(K) < 2^target excludes weak-GP7.
    shortcut: order_bound dependency=Size(K) < 2^target excludes weak-GP7.
    shortcut: order_bound dependency=Size(K) < 2^target excludes weak-GP7.
    shortcut: order_bound dependency=Size(K) < 2^target excludes weak-GP7.
    shortcut: order_bound dependency=Size(K) < 2^target excludes weak-GP7.
    shortcut: order_bound dependency=Size(K) < 2^target excludes weak-GP7.
    shortcut: order_bound dependency=Size(K) < 2^target excludes weak-GP7.
    shortcut: order_bound dependency=Size(K) < 2^target excludes weak-GP7.
    shortcut: order_bound dependency=Size(K) < 2^target excludes weak-GP7.
    shortcut: order_bound dependency=Size(K) < 2^target excludes weak-GP7.
    shortcut: order_bound dependency=Size(K) < 2^target excludes weak-GP7.
    shortcut: order_bound dependency=Size(K) < 2^target excludes weak-GP7.
    shortcut: order_bound dependency=Size(K) < 2^target excludes weak-GP7.
    shortcut: order_bound dependency=Size(K) < 2^target excludes weak-GP7.
    shortcut: order_bound dependency=Size(K) < 2^target excludes weak-GP7.
    shortcut: order_bound dependency=Size(K) < 2^target excludes weak-GP7.
    shortcut: order_bound dependency=Size(K) < 2^target excludes weak-GP7.
  checked=575 top_class=6 local_index=97 size=24 struct=(C6 x C2) : C2
    shortcut: order_bound dependency=Size(K) < 2^target excludes weak-GP7.
    shortcut: order_bound dependency=Size(K) < 2^target excludes weak-GP7.
    shortcut: order_bound dependency=Size(K) < 2^target excludes weak-GP7.
    shortcut: order_bound dependency=Size(K) < 2^target excludes weak-GP7.
    shortcut: order_bound dependency=Size(K) < 2^target excludes weak-GP7.
    shortcut: order_bound dependency=Size(K) < 2^target excludes weak-GP7.
    shortcut: order_bound dependency=Size(K) < 2^target excludes weak-GP7.
    shortcut: order_bound dependency=Size(K) < 2^target excludes weak-GP7.
    shortcut: order_bound dependency=Size(K) < 2^target excludes weak-GP7.
    shortcut: order_bound dependency=Size(K) < 2^target excludes weak-GP7.
    shortcut: order_bound dependency=Size(K) < 2^target excludes weak-GP7.
    shortcut: order_bound dependency=Size(K) < 2^target excludes weak-GP7.
    shortcut: order_bound dependency=Size(K) < 2^target excludes weak-GP7.
    shortcut: order_bound dependency=Size(K) < 2^target excludes weak-GP7.
    shortcut: order_bound dependency=Size(K) < 2^target excludes weak-GP7.
    shortcut: order_bound dependency=Size(K) < 2^target excludes weak-GP7.
    shortcut: order_bound dependency=Size(K) < 2^target excludes weak-GP7.
    shortcut: order_bound dependency=Size(K) < 2^target excludes weak-GP7.
    shortcut: order_bound dependency=Size(K) < 2^target excludes weak-GP7.
    shortcut: order_bound dependency=Size(K) < 2^target excludes weak-GP7.
    shortcut: order_bound dependency=Size(K) < 2^target excludes weak-GP7.
    shortcut: order_bound dependency=Size(K) < 2^target excludes weak-GP7.
    shortcut: order_bound dependency=Size(K) < 2^target excludes weak-GP7.
    shortcut: order_bound dependency=Size(K) < 2^target excludes weak-GP7.
    shortcut: order_bound dependency=Size(K) < 2^target excludes weak-GP7.
  checked=600 top_class=6 local_index=122 size=
48 struct=(C2 x C2 x C2 x C2) : C3
    shortcut: order_bound dependency=Size(K) < 2^target excludes weak-GP7.
    shortcut: order_bound dependency=Size(K) < 2^target excludes weak-GP7.
    shortcut: order_bound dependency=Size(K) < 2^target excludes weak-GP7.
    shortcut: order_bound dependency=Size(K) < 2^target excludes weak-GP7.
    shortcut: order_bound dependency=Size(K) < 2^target excludes weak-GP7.
    shortcut: order_bound dependency=Size(K) < 2^target excludes weak-GP7.
    shortcut: order_bound dependency=Size(K) < 2^target excludes weak-GP7.
    shortcut: order_bound dependency=Size(K) < 2^target excludes weak-GP7.
    shortcut: order_bound dependency=Size(K) < 2^target excludes weak-GP7.
    shortcut: order_bound dependency=Size(K) < 2^target excludes weak-GP7.
    shortcut: order_bound dependency=Size(K) < 2^target excludes weak-GP7.
    shortcut: order_bound dependency=Size(K) < 2^target excludes weak-GP7.
    shortcut: order_bound dependency=Size(K) < 2^target excludes weak-GP7.
    shortcut: order_bound dependency=Size(K) < 2^target excludes weak-GP7.
    shortcut: order_bound dependency=Size(K) < 2^target excludes weak-GP7.
    shortcut: order_bound dependency=Size(K) < 2^target excludes weak-GP7.
    shortcut: order_bound dependency=Size(K) < 2^target excludes weak-GP7.
    shortcut: order_bound dependency=Size(K) < 2^target excludes weak-GP7.
    shortcut: order_bound dependency=Size(K) < 2^target excludes weak-GP7.
    shortcut: order_bound dependency=Size(K) < 2^target excludes weak-GP7.
    shortcut: order_bound dependency=Size(K) < 2^target excludes weak-GP7.
    shortcut: order_bound dependency=Size(K) < 2^target excludes weak-GP7.
    shortcut: order_bound dependency=Size(K) < 2^target excludes weak-GP7.
    shortcut: order_bound dependency=Size(K) < 2^target excludes weak-GP7.
    shortcut: order_bound dependency=Size(K) < 2^target excludes weak-GP7.
  checked=625 top_class=6 local_index=147 size=64 struct=(C2 x C2 x C2) : D8
    shortcut: order_bound dependency=Size(K) < 2^target excludes weak-GP7.
    shortcut: order_bound dependency=Size(K) < 2^target excludes weak-GP7.
    shortcut: order_bound dependency=Size(K) < 2^target excludes weak-GP7.
    shortcut: order_bound dependency=Size(K) < 2^target excludes weak-GP7.
    shortcut: order_bound dependency=Size(K) < 2^target excludes weak-GP7.
    shortcut: order_bound dependency=Size(K) < 2^target excludes weak-GP7.
    shortcut: order_bound dependency=Size(K) < 2^target excludes weak-GP7.
    shortcut: order_bound dependency=Size(K) < 2^target excludes weak-GP7.
    shortcut: order_bound dependency=Size(K) < 2^target excludes weak-GP7.
    shortcut: order_bound dependency=Size(K) < 2^target excludes weak-GP7.
    shortcut: order_bound dependency=Size(K) < 2^target excludes weak-GP7.
    shortcut: order_bound dependency=Size(K) < 2^target excludes weak-GP7.
    shortcut: order_bound dependency=Size(K) < 2^target excludes weak-GP7.
    shortcut: order_bound dependency=Size(K) < 2^target excludes weak-GP7.
    shortcut: order_bound dependency=Size(K) < 2^target excludes weak-GP7.
    shortcut: order_bound dependency=Size(K) < 2^target excludes weak-GP7.
    shortcut: order_bound dependency=Size(K) < 2^target excludes weak-GP7.
    shortcut: order_bound dependency=Size(K) < 2^target excludes weak-GP7.
    shortcut: order_bound dependency=Size(K) < 2^target excludes weak-GP7.
  checked=650 top_class=6 local_index=172 size=
192 struct=(((C4 x C2) : C2) : (C2 x C2)) : C3
  checked=675 top_class=6 local_index=197 size=
1920 struct=(C2 x C2 x C2 x C2) : S5
  completed M23 maximal class 6 checked=199 requested_range=[1, 
199] no weak-GP7 found.
Checking M23 maximal class 7: size=253 struct=C23 : C11 target_no_weakGP=7
  subgroup class representatives = 4 enumeration_ms=4
    shortcut: order_bound dependency=Size(K) < 2^target excludes weak-GP7.
    shortcut: order_bound dependency=Size(K) < 2^target excludes weak-GP7.
    shortcut: order_bound dependency=Size(K) < 2^target excludes weak-GP7.
  completed M23 maximal class 7 checked=4 requested_range=[1, 4] no weak-GP
7 found.
Checked subgroup-class representatives = 681
SUCCESS: no proper subgroup of M23 has weak-GP
7; hence every proper subgroup has i <= 6.
