Framework upper-bound run for M24
GAP version = 4.15.1
UB framework version = 2026-05-12-known-i-shortcut
Target weak-GP length = 8
Selected classes = [ 2, 3, 5, 7 ]
Max class 2: 276 conjugates, size 887040, M22 : C2
Max class 3: 759 conjugates, size 322560, (C2 x C2 x C2 x C2) : A8
Max class 5: 1771 conjugates, size 
138240, (C2 x C2 x C2 x C2 x C2 x C2) : ((C3 . A6) : C2)
Max class 7: 3795 conjugates, size 
64512, (C2 x C2 x C2 x C2 x C2 x C2) : (PSL(3,2) x S3)
Building conjugation action on selected maximal subgroups...
Using fixed prefix: [ 1, 1036 ] classes=[ 2, 5 ]
Next orbit representatives for firstRank=1: [ 1047, 1256, 1328, 1337, 3353, 
  4328, 4333, 4338 ]
Next classes: [ 5, 5, 5, 5, 7, 7, 7, 7 ]
Using fixed prefix: [ 1, 1038 ] classes=[ 2, 5 ]
Next orbit representatives for firstRank=1: [ 1042, 1051, 1057, 1084, 2878, 
  2880, 2914, 3289 ]
Next classes: [ 5, 5, 5, 5, 7, 7, 7, 7 ]
RESULT=listed
NODES=0
NODES_BY_DEPTH=[ 0, 0, 0, 0, 0, 0, 0, 0 ]
BRANCH_STATS=[ 0, 0, 0, 0, 0, 0, 0, 0 ]
SUCCESS: framework listed next orbit representatives for M24. This is a splitt\
ing aid, not an upper-bound certificate by itself.
