Framework upper-bound run for M24
GAP version = 4.15.1
UB framework version = 2026-05-12-known-i-shortcut
Target weak-GP length = 8
Selected classes = [ 2, 3, 5, 7 ]
Max class 2: 276 conjugates, size 887040, M22 : C2
Max class 3: 759 conjugates, size 322560, (C2 x C2 x C2 x C2) : A8
Max class 5: 1771 conjugates, size 
138240, (C2 x C2 x C2 x C2 x C2 x C2) : ((C3 . A6) : C2)
Max class 7: 3795 conjugates, size 
64512, (C2 x C2 x C2 x C2 x C2 x C2) : (PSL(3,2) x S3)
Building conjugation action on selected maximal subgroups...
Using fixed prefix: [ 1, 1036, 1256 ] classes=[ 2, 5, 5 ]
RESULT=partial_success
NODES=18
NODES_BY_DEPTH=[ 0, 0, 1, 17, 0, 0, 0, 0 ]
BRANCH_STATS=[ 0, 0, 0, 17, 0, 0, 0, 0 ]
PARTIAL_SUCCESS: restricted framework no weak-GP
8
  run completed for M24. This must be combined with the matching split/coverage\
 certificate.
