Built M24, order = 244823040, degree = 24
GAP version = 4.15.1
Signature framework version = 2026-05-12-cleanup
Target proper-subgroup weak-GP exclusion length = 8
Subgroup index range = [1501, 2000]
UseKnownSubgroupShortcuts = true
DeduplicateBySizeStructure = false
Maximal subgroup classes = 9
1: size=10200960 index=24 struct=M23
2: size=887040 index=276 struct=M22 : C2
3: size=322560 index=759 struct=(C2 x C2 x C2 x C2) : A8
4: size=190080 index=1288 struct=M12 : C2
5: size=138240 index=
1771 struct=(C2 x C2 x C2 x C2 x C2 x C2) : ((C3 . A6) : C2)
6: size=120960 index=2024 struct=PSL(3,4) : S3
7: size=64512 index=
3795 struct=(C2 x C2 x C2 x C2 x C2 x C2) : (PSL(3,2) x S3)
8: size=6072 index=40320 struct=PSL(2,23)
9: size=168 index=1457280 struct=PSL(3,2)
Selected top maximal classes = [ 7 ]
Checking M24 maximal class 7: size=
64512 struct=(C2 x C2 x C2 x C2 x C2 x C2) : (PSL(3,2) x S3) target_no_weakGP=
8
  subgroup class representatives = 2156 enumeration_ms=10364
  checked=1 top_class=7 local_index=1501 size=64 struct=(C4 x C2) : D8
    shortcut: order_bound dependency=Size(K) < 2^target excludes weak-GP8.
    shortcut: order_bound dependency=Size(K) < 2^target excludes weak-GP8.
    shortcut: order_bound dependency=Size(K) < 2^target excludes weak-GP8.
    shortcut: order_bound dependency=Size(K) < 2^target excludes weak-GP8.
    shortcut: order_bound dependency=Size(K) < 2^target excludes weak-GP8.
    shortcut: order_bound dependency=Size(K) < 2^target excludes weak-GP8.
    shortcut: order_bound dependency=Size(K) < 2^target excludes weak-GP8.
    shortcut: order_bound dependency=Size(K) < 2^target excludes weak-GP8.
    shortcut: order_bound dependency=Size(K) < 2^target excludes weak-GP8.
    shortcut: order_bound dependency=Size(K) < 2^target excludes weak-GP8.
    shortcut: order_bound dependency=Size(K) < 2^target excludes weak-GP8.
    shortcut: order_bound dependency=Size(K) < 2^target excludes weak-GP8.
    shortcut: order_bound dependency=Size(K) < 2^target excludes weak-GP8.
    shortcut: order_bound dependency=Size(K) < 2^target excludes weak-GP8.
    shortcut: order_bound dependency=Size(K) < 2^target excludes weak-GP8.
    shortcut: order_bound dependency=Size(K) < 2^target excludes weak-GP8.
    shortcut: order_bound dependency=Size(K) < 2^target excludes weak-GP8.
    shortcut: order_bound dependency=Size(K) < 2^target excludes weak-GP8.
    shortcut: order_bound dependency=Size(K) < 2^target excludes weak-GP8.
    shortcut: order_bound dependency=Size(K) < 2^target excludes weak-GP8.
    shortcut: order_bound dependency=Size(K) < 2^target excludes weak-GP8.
    shortcut: order_bound dependency=Size(K) < 2^target excludes weak-GP8.
    shortcut: order_bound dependency=Size(K) < 2^target excludes weak-GP8.
    shortcut: order_bound dependency=Size(K) < 2^target excludes weak-GP8.
  checked=25 top_class=7 local_index=1525 size=64 struct=(C2 x C2 x C2) : D8
    shortcut: order_bound dependency=Size(K) < 2^target excludes weak-GP8.
    shortcut: order_bound dependency=Size(K) < 2^target excludes weak-GP8.
    shortcut: order_bound dependency=Size(K) < 2^target excludes weak-GP8.
    shortcut: order_bound dependency=Size(K) < 2^target excludes weak-GP8.
    shortcut: order_bound dependency=Size(K) < 2^target excludes weak-GP8.
    shortcut: order_bound dependency=Size(K) < 2^target excludes weak-GP8.
    shortcut: order_bound dependency=Size(K) < 2^target excludes weak-GP8.
    shortcut: order_bound dependency=Size(K) < 2^target excludes weak-GP8.
    shortcut: order_bound dependency=Size(K) < 2^target excludes weak-GP8.
    shortcut: order_bound dependency=Size(K) < 2^target excludes weak-GP8.
    shortcut: order_bound dependency=Size(K) < 2^target excludes weak-GP8.
    shortcut: order_bound dependency=Size(K) < 2^target excludes weak-GP8.
    shortcut: order_bound dependency=Size(K) < 2^target excludes weak-GP8.
    shortcut: order_bound dependency=Size(K) < 2^target excludes weak-GP8.
    shortcut: order_bound dependency=Size(K) < 2^target excludes weak-GP8.
    shortcut: order_bound dependency=Size(K) < 2^target excludes weak-GP8.
    shortcut: order_bound dependency=Size(K) < 2^target excludes weak-GP8.
    shortcut: order_bound dependency=Size(K) < 2^target excludes weak-GP8.
    shortcut: order_bound dependency=Size(K) < 2^target excludes weak-GP8.
    shortcut: order_bound dependency=Size(K) < 2^target excludes weak-GP8.
    shortcut: order_bound dependency=Size(K) < 2^target excludes weak-GP8.
    shortcut: order_bound dependency=Size(K) < 2^target excludes weak-GP8.
    shortcut: order_bound dependency=Size(K) < 2^target excludes weak-GP8.
    shortcut: order_bound dependency=Size(K) < 2^target excludes weak-GP8.
    shortcut: order_bound dependency=Size(K) < 2^target excludes weak-GP8.
  checked=50 top_class=7 local_index=1550 size=64 struct=(C4 x C2 x C2) : C4
    shortcut: order_bound dependency=Size(K) < 2^target excludes weak-GP8.
    shortcut: order_bound dependency=Size(K) < 2^target excludes weak-GP8.
    shortcut: order_bound dependency=Size(K) < 2^target excludes weak-GP8.
    shortcut: order_bound dependency=Size(K) < 2^target excludes weak-GP8.
    shortcut: order_bound dependency=Size(K) < 2^target excludes weak-GP8.
    shortcut: order_bound dependency=Size(K) < 2^target excludes weak-GP8.
    shortcut: order_bound dependency=Size(K) < 2^target excludes weak-GP8.
    shortcut: order_bound dependency=Size(K) < 2^target excludes weak-GP8.
    shortcut: order_bound dependency=Size(K) < 2^target excludes weak-GP8.
    shortcut: order_bound dependency=Size(K) < 2^target excludes weak-GP8.
    shortcut: order_bound dependency=Size(K) < 2^target excludes weak-GP8.
    shortcut: order_bound dependency=Size(K) < 2^target excludes weak-GP8.
    shortcut: order_bound dependency=Size(K) < 2^target excludes weak-GP8.
    shortcut: order_bound dependency=Size(K) < 2^target excludes weak-GP8.
    shortcut: order_bound dependency=Size(K) < 2^target excludes weak-GP8.
    shortcut: order_bound dependency=Size(K) < 2^target excludes weak-GP8.
    shortcut: order_bound dependency=Size(K) < 2^target excludes weak-GP8.
    shortcut: order_bound dependency=Size(K) < 2^target excludes weak-GP8.
    shortcut: order_bound dependency=Size(K) < 2^target excludes weak-GP8.
    shortcut: order_bound dependency=Size(K) < 2^target excludes weak-GP8.
    shortcut: order_bound dependency=Size(K) < 2^target excludes weak-GP8.
    shortcut: order_bound dependency=Size(K) < 2^target excludes weak-GP8.
    shortcut: order_bound dependency=Size(K) < 2^target excludes weak-GP8.
    shortcut: order_bound dependency=Size(K) < 2^target excludes weak-GP8.
    shortcut: order_bound dependency=Size(K) < 2^target excludes weak-GP8.
  checked=75 top_class=7 local_index=1575 size=
64 struct=(C2 x C2) : ((C4 x C2) : C2)
    shortcut: order_bound dependency=Size(K) < 2^target excludes weak-GP8.
    shortcut: order_bound dependency=Size(K) < 2^target excludes weak-GP8.
    shortcut: order_bound dependency=Size(K) < 2^target excludes weak-GP8.
    shortcut: order_bound dependency=Size(K) < 2^target excludes weak-GP8.
    shortcut: order_bound dependency=Size(K) < 2^target excludes weak-GP8.
    shortcut: order_bound dependency=Size(K) < 2^target excludes weak-GP8.
    shortcut: order_bound dependency=Size(K) < 2^target excludes weak-GP8.
    shortcut: order_bound dependency=Size(K) < 2^target excludes weak-GP8.
    shortcut: order_bound dependency=Size(K) < 2^target excludes weak-GP8.
    shortcut: order_bound dependency=Size(K) < 2^target excludes weak-GP8.
    shortcut: order_bound dependency=Size(K) < 2^target excludes weak-GP8.
    shortcut: order_bound dependency=Size(K) < 2^target excludes weak-GP8.
    shortcut: order_bound dependency=Size(K) < 2^target excludes weak-GP8.
    shortcut: order_bound dependency=Size(K) < 2^target excludes weak-GP8.
    shortcut: order_bound dependency=Size(K) < 2^target excludes weak-GP8.
    shortcut: order_bound dependency=Size(K) < 2^target excludes weak-GP8.
    shortcut: order_bound dependency=Size(K) < 2^target excludes weak-GP8.
    shortcut: order_bound dependency=Size(K) < 2^target excludes weak-GP8.
    shortcut: order_bound dependency=Size(K) < 2^target excludes weak-GP8.
    shortcut: order_bound dependency=Size(K) < 2^target excludes weak-GP8.
    shortcut: order_bound dependency=Size(K) < 2^target excludes weak-GP8.
    shortcut: order_bound dependency=Size(K) < 2^target excludes weak-GP8.
    shortcut: order_bound dependency=Size(K) < 2^target excludes weak-GP8.
    shortcut: order_bound dependency=Size(K) < 2^target excludes weak-GP8.
    shortcut: order_bound dependency=Size(K) < 2^target excludes weak-GP8.
  checked=100 top_class=7 local_index=1600 size=96 struct=(C2 x C2) : S4
    shortcut: order_bound dependency=Size(K) < 2^target excludes weak-GP8.
    shortcut: order_bound dependency=Size(K) < 2^target excludes weak-GP8.
    shortcut: order_bound dependency=Size(K) < 2^target excludes weak-GP8.
    shortcut: order_bound dependency=Size(K) < 2^target excludes weak-GP8.
    shortcut: order_bound dependency=Size(K) < 2^target excludes weak-GP8.
    shortcut: order_bound dependency=Size(K) < 2^target excludes weak-GP8.
    shortcut: order_bound dependency=Size(K) < 2^target excludes weak-GP8.
    shortcut: order_bound dependency=Size(K) < 2^target excludes weak-GP8.
    shortcut: order_bound dependency=Size(K) < 2^target excludes weak-GP8.
    shortcut: order_bound dependency=Size(K) < 2^target excludes weak-GP8.
    shortcut: order_bound dependency=Size(K) < 2^target excludes weak-GP8.
    shortcut: order_bound dependency=Size(K) < 2^target excludes weak-GP8.
    shortcut: order_bound dependency=Size(K) < 2^target excludes weak-GP8.
    shortcut: order_bound dependency=Size(K) < 2^target excludes weak-GP8.
    shortcut: order_bound dependency=Size(K) < 2^target excludes weak-GP8.
    shortcut: order_bound dependency=Size(K) < 2^target excludes weak-GP8.
    shortcut: order_bound dependency=Size(K) < 2^target excludes weak-GP8.
    shortcut: order_bound dependency=Size(K) < 2^target excludes weak-GP8.
    shortcut: order_bound dependency=Size(K) < 2^target excludes weak-GP8.
    shortcut: order_bound dependency=Size(K) < 2^target excludes weak-GP8.
    shortcut: order_bound dependency=Size(K) < 2^target excludes weak-GP8.
    shortcut: order_bound dependency=Size(K) < 2^target excludes weak-GP8.
    shortcut: order_bound dependency=Size(K) < 2^target excludes weak-GP8.
    shortcut: order_bound dependency=Size(K) < 2^target excludes weak-GP8.
    shortcut: order_bound dependency=Size(K) < 2^target excludes weak-GP8.
  checked=125 top_class=7 local_index=1625 size=96 struct=(C2 x C2) : S4
    shortcut: order_bound dependency=Size(K) < 2^target excludes weak-GP8.
    shortcut: order_bound dependency=Size(K) < 2^target excludes weak-GP8.
    shortcut: order_bound dependency=Size(K) < 2^target excludes weak-GP8.
    shortcut: order_bound dependency=Size(K) < 2^target excludes weak-GP8.
    shortcut: order_bound dependency=Size(K) < 2^target excludes weak-GP8.
    shortcut: order_bound dependency=Size(K) < 2^target excludes weak-GP8.
    shortcut: order_bound dependency=Size(K) < 2^target excludes weak-GP8.
    shortcut: order_bound dependency=Size(K) < 2^target excludes weak-GP8.
    shortcut: order_bound dependency=Size(K) < 2^target excludes weak-GP8.
    shortcut: order_bound dependency=Size(K) < 2^target excludes weak-GP8.
    shortcut: order_bound dependency=Size(K) < 2^target excludes weak-GP8.
    shortcut: order_bound dependency=Size(K) < 2^target excludes weak-GP8.
    shortcut: order_bound dependency=Size(K) < 2^target excludes weak-GP8.
    shortcut: order_bound dependency=Size(K) < 2^target excludes weak-GP8.
    shortcut: order_bound dependency=Size(K) < 2^target excludes weak-GP8.
    shortcut: order_bound dependency=Size(K) < 2^target excludes weak-GP8.
    shortcut: order_bound dependency=Size(K) < 2^target excludes weak-GP8.
    shortcut: order_bound dependency=Size(K) < 2^target excludes weak-GP8.
    shortcut: order_bound dependency=Size(K) < 2^target excludes weak-GP8.
    shortcut: order_bound dependency=Size(K) < 2^target excludes weak-GP8.
    shortcut: order_bound dependency=Size(K) < 2^target excludes weak-GP8.
    shortcut: order_bound dependency=Size(K) < 2^target excludes weak-GP8.
    shortcut: order_bound dependency=Size(K) < 2^target excludes weak-GP8.
    shortcut: order_bound dependency=Size(K) < 2^target excludes weak-GP8.
    shortcut: order_bound dependency=Size(K) < 2^target excludes weak-GP8.
  checked=150 top_class=7 local_index=1650 size=96 struct=C4 x S4
    shortcut: order_bound dependency=Size(K) < 2^target excludes weak-GP8.
    shortcut: order_bound dependency=Size(K) < 2^target excludes weak-GP8.
    shortcut: order_bound dependency=Size(K) < 2^target excludes weak-GP8.
    shortcut: order_bound dependency=Size(K) < 2^target excludes weak-GP8.
    shortcut: order_bound dependency=Size(K) < 2^target excludes weak-GP8.
    shortcut: order_bound dependency=Size(K) < 2^target excludes weak-GP8.
    shortcut: order_bound dependency=Size(K) < 2^target excludes weak-GP8.
    shortcut: order_bound dependency=Size(K) < 2^target excludes weak-GP8.
    shortcut: order_bound dependency=Size(K) < 2^target excludes weak-GP8.
    shortcut: order_bound dependency=Size(K) < 2^target excludes weak-GP8.
    shortcut: order_bound dependency=Size(K) < 2^target excludes weak-GP8.
    shortcut: order_bound dependency=Size(K) < 2^target excludes weak-GP8.
    shortcut: order_bound dependency=Size(K) < 2^target excludes weak-GP8.
    shortcut: order_bound dependency=Size(K) < 2^target excludes weak-GP8.
    shortcut: order_bound dependency=Size(K) < 2^target excludes weak-GP8.
    shortcut: order_bound dependency=Size(K) < 2^target excludes weak-GP8.
    shortcut: order_bound dependency=Size(K) < 2^target excludes weak-GP8.
    shortcut: order_bound dependency=Size(K) < 2^target excludes weak-GP8.
    shortcut: order_bound dependency=Size(K) < 2^target excludes weak-GP8.
    shortcut: order_bound dependency=Size(K) < 2^target excludes weak-GP8.
    shortcut: order_bound dependency=Size(K) < 2^target excludes weak-GP8.
    shortcut: order_bound dependency=Size(K) < 2^target excludes weak-GP8.
    shortcut: order_bound dependency=Size(K) < 2^target excludes weak-GP8.
    shortcut: order_bound dependency=Size(K) < 2^target excludes weak-GP8.
    shortcut: order_bound dependency=Size(K) < 2^target excludes weak-GP8.
  checked=175 top_class=7 local_index=1675 size=
128 struct=C2 x C2 x ((C2 x C2 x C2 x C2) : C2)
    shortcut: order_bound dependency=Size(K) < 2^target excludes weak-GP8.
    shortcut: order_bound dependency=Size(K) < 2^target excludes weak-GP8.
    shortcut: order_bound dependency=Size(K) < 2^target excludes weak-GP8.
    shortcut: order_bound dependency=Size(K) < 2^target excludes weak-GP8.
    shortcut: order_bound dependency=Size(K) < 2^target excludes weak-GP8.
    shortcut: order_bound dependency=Size(K) < 2^target excludes weak-GP8.
    shortcut: order_bound dependency=Size(K) < 2^target excludes weak-GP8.
    shortcut: order_bound dependency=Size(K) < 2^target excludes weak-GP8.
    shortcut: order_bound dependency=Size(K) < 2^target excludes weak-GP8.
    shortcut: order_bound dependency=Size(K) < 2^target excludes weak-GP8.
    shortcut: order_bound dependency=Size(K) < 2^target excludes weak-GP8.
    shortcut: order_bound dependency=Size(K) < 2^target excludes weak-GP8.
    shortcut: order_bound dependency=Size(K) < 2^target excludes weak-GP8.
    shortcut: order_bound dependency=Size(K) < 2^target excludes weak-GP8.
    shortcut: order_bound dependency=Size(K) < 2^target excludes weak-GP8.
    shortcut: order_bound dependency=Size(K) < 2^target excludes weak-GP8.
    shortcut: order_bound dependency=Size(K) < 2^target excludes weak-GP8.
    shortcut: order_bound dependency=Size(K) < 2^target excludes weak-GP8.
    shortcut: order_bound dependency=Size(K) < 2^target excludes weak-GP8.
    shortcut: order_bound dependency=Size(K) < 2^target excludes weak-GP8.
    shortcut: order_bound dependency=Size(K) < 2^target excludes weak-GP8.
    shortcut: order_bound dependency=Size(K) < 2^target excludes weak-GP8.
    shortcut: order_bound dependency=Size(K) < 2^target excludes weak-GP8.
    shortcut: order_bound dependency=Size(K) < 2^target excludes weak-GP8.
    shortcut: order_bound dependency=Size(K) < 2^target excludes weak-GP8.
  checked=200 top_class=7 local_index=1700 size=
128 struct=((C4 x C2) : C2) : D8
    shortcut: order_bound dependency=Size(K) < 2^target excludes weak-GP8.
    shortcut: order_bound dependency=Size(K) < 2^target excludes weak-GP8.
    shortcut: order_bound dependency=Size(K) < 2^target excludes weak-GP8.
    shortcut: order_bound dependency=Size(K) < 2^target excludes weak-GP8.
    shortcut: order_bound dependency=Size(K) < 2^target excludes weak-GP8.
    shortcut: order_bound dependency=Size(K) < 2^target excludes weak-GP8.
    shortcut: order_bound dependency=Size(K) < 2^target excludes weak-GP8.
    shortcut: order_bound dependency=Size(K) < 2^target excludes weak-GP8.
    shortcut: order_bound dependency=Size(K) < 2^target excludes weak-GP8.
    shortcut: order_bound dependency=Size(K) < 2^target excludes weak-GP8.
    shortcut: order_bound dependency=Size(K) < 2^target excludes weak-GP8.
    shortcut: order_bound dependency=Size(K) < 2^target excludes weak-GP8.
    shortcut: order_bound dependency=Size(K) < 2^target excludes weak-GP8.
    shortcut: order_bound dependency=Size(K) < 2^target excludes weak-GP8.
    shortcut: order_bound dependency=Size(K) < 2^target excludes weak-GP8.
    shortcut: order_bound dependency=Size(K) < 2^target excludes weak-GP8.
    shortcut: order_bound dependency=Size(K) < 2^target excludes weak-GP8.
    shortcut: order_bound dependency=Size(K) < 2^target excludes weak-GP8.
    shortcut: order_bound dependency=Size(K) < 2^target excludes weak-GP8.
    shortcut: order_bound dependency=Size(K) < 2^target excludes weak-GP8.
    shortcut: order_bound dependency=Size(K) < 2^target excludes weak-GP8.
    shortcut: order_bound dependency=Size(K) < 2^target excludes weak-GP8.
    shortcut: order_bound dependency=Size(K) < 2^target excludes weak-GP8.
    shortcut: order_bound dependency=Size(K) < 2^target excludes weak-GP8.
    shortcut: order_bound dependency=Size(K) < 2^target excludes weak-GP8.
  checked=225 top_class=7 local_index=1725 size=128 struct=(C4 x C2 x C2) : D8
    shortcut: order_bound dependency=Size(K) < 2^target excludes weak-GP8.
    shortcut: order_bound dependency=Size(K) < 2^target excludes weak-GP8.
    shortcut: order_bound dependency=Size(K) < 2^target excludes weak-GP8.
    shortcut: order_bound dependency=Size(K) < 2^target excludes weak-GP8.
    shortcut: order_bound dependency=Size(K) < 2^target excludes weak-GP8.
    shortcut: order_bound dependency=Size(K) < 2^target excludes weak-GP8.
    shortcut: order_bound dependency=Size(K) < 2^target excludes weak-GP8.
    shortcut: order_bound dependency=Size(K) < 2^target excludes weak-GP8.
    shortcut: order_bound dependency=Size(K) < 2^target excludes weak-GP8.
    shortcut: order_bound dependency=Size(K) < 2^target excludes weak-GP8.
    shortcut: order_bound dependency=Size(K) < 2^target excludes weak-GP8.
    shortcut: order_bound dependency=Size(K) < 2^target excludes weak-GP8.
    shortcut: order_bound dependency=Size(K) < 2^target excludes weak-GP8.
    shortcut: order_bound dependency=Size(K) < 2^target excludes weak-GP8.
    shortcut: order_bound dependency=Size(K) < 2^target excludes weak-GP8.
    shortcut: order_bound dependency=Size(K) < 2^target excludes weak-GP8.
    shortcut: order_bound dependency=Size(K) < 2^target excludes weak-GP8.
    shortcut: order_bound dependency=Size(K) < 2^target excludes weak-GP8.
    shortcut: order_bound dependency=Size(K) < 2^target excludes weak-GP8.
    shortcut: order_bound dependency=Size(K) < 2^target excludes weak-GP8.
    shortcut: order_bound dependency=Size(K) < 2^target excludes weak-GP8.
    shortcut: order_bound dependency=Size(K) < 2^target excludes weak-GP8.
    shortcut: order_bound dependency=Size(K) < 2^target excludes weak-GP8.
    shortcut: order_bound dependency=Size(K) < 2^target excludes weak-GP8.
    shortcut: order_bound dependency=Size(K) < 2^target excludes weak-GP8.
  checked=250 top_class=7 local_index=1750 size=
128 struct=C2 x ((C4 x C2) : D8)
    shortcut: order_bound dependency=Size(K) < 2^target excludes weak-GP8.
    shortcut: order_bound dependency=Size(K) < 2^target excludes weak-GP8.
    shortcut: order_bound dependency=Size(K) < 2^target excludes weak-GP8.
    shortcut: order_bound dependency=Size(K) < 2^target excludes weak-GP8.
    shortcut: order_bound dependency=Size(K) < 2^target excludes weak-GP8.
    shortcut: order_bound dependency=Size(K) < 2^target excludes weak-GP8.
    shortcut: order_bound dependency=Size(K) < 2^target excludes weak-GP8.
    shortcut: order_bound dependency=Size(K) < 2^target excludes weak-GP8.
    shortcut: order_bound dependency=Size(K) < 2^target excludes weak-GP8.
    shortcut: order_bound dependency=Size(K) < 2^target excludes weak-GP8.
    shortcut: order_bound dependency=Size(K) < 2^target excludes weak-GP8.
    shortcut: order_bound dependency=Size(K) < 2^target excludes weak-GP8.
    shortcut: order_bound dependency=Size(K) < 2^target excludes weak-GP8.
    shortcut: order_bound dependency=Size(K) < 2^target excludes weak-GP8.
    shortcut: order_bound dependency=Size(K) < 2^target excludes weak-GP8.
    shortcut: order_bound dependency=Size(K) < 2^target excludes weak-GP8.
    shortcut: order_bound dependency=Size(K) < 2^target excludes weak-GP8.
    shortcut: order_bound dependency=Size(K) < 2^target excludes weak-GP8.
    shortcut: order_bound dependency=Size(K) < 2^target excludes weak-GP8.
    shortcut: order_bound dependency=Size(K) < 2^target excludes weak-GP8.
    shortcut: order_bound dependency=Size(K) < 2^target excludes weak-GP8.
    shortcut: order_bound dependency=Size(K) < 2^target excludes weak-GP8.
    shortcut: order_bound dependency=Size(K) < 2^target excludes weak-GP8.
    shortcut: order_bound dependency=Size(K) < 2^target excludes weak-GP8.
    shortcut: order_bound dependency=Size(K) < 2^target excludes weak-GP8.
  checked=275 top_class=7 local_index=1775 size=
128 struct=(C4 x C2) : ((C4 x C2) : C2)
    shortcut: order_bound dependency=Size(K) < 2^target excludes weak-GP8.
    shortcut: order_bound dependency=Size(K) < 2^target excludes weak-GP8.
    shortcut: order_bound dependency=Size(K) < 2^target excludes weak-GP8.
    shortcut: order_bound dependency=Size(K) < 2^target excludes weak-GP8.
    shortcut: order_bound dependency=Size(K) < 2^target excludes weak-GP8.
    shortcut: order_bound dependency=Size(K) < 2^target excludes weak-GP8.
    shortcut: order_bound dependency=Size(K) < 2^target excludes weak-GP8.
    shortcut: order_bound dependency=Size(K) < 2^target excludes weak-GP8.
    shortcut: order_bound dependency=Size(K) < 2^target excludes weak-GP8.
    shortcut: order_bound dependency=Size(K) < 2^target excludes weak-GP8.
    shortcut: order_bound dependency=Size(K) < 2^target excludes weak-GP8.
    shortcut: order_bound dependency=Size(K) < 2^target excludes weak-GP8.
    shortcut: order_bound dependency=Size(K) < 2^target excludes weak-GP8.
    shortcut: order_bound dependency=Size(K) < 2^target excludes weak-GP8.
    shortcut: order_bound dependency=Size(K) < 2^target excludes weak-GP8.
    shortcut: order_bound dependency=Size(K) < 2^target excludes weak-GP8.
    shortcut: order_bound dependency=Size(K) < 2^target excludes weak-GP8.
    shortcut: order_bound dependency=Size(K) < 2^target excludes weak-GP8.
    shortcut: order_bound dependency=Size(K) < 2^target excludes weak-GP8.
    shortcut: order_bound dependency=Size(K) < 2^target excludes weak-GP8.
    shortcut: order_bound dependency=Size(K) < 2^target excludes weak-GP8.
    shortcut: order_bound dependency=Size(K) < 2^target excludes weak-GP8.
    shortcut: order_bound dependency=Size(K) < 2^target excludes weak-GP8.
    shortcut: order_bound dependency=Size(K) < 2^target excludes weak-GP8.
    shortcut: order_bound dependency=Size(K) < 2^target excludes weak-GP8.
  checked=300 top_class=7 local_index=1800 size=
128 struct=(C2 x C2) : ((C2 x C2 x C2) : C4)
    shortcut: order_bound dependency=Size(K) < 2^target excludes weak-GP8.
    shortcut: order_bound dependency=Size(K) < 2^target excludes weak-GP8.
    shortcut: order_bound dependency=Size(K) < 2^target excludes weak-GP8.
    shortcut: order_bound dependency=Size(K) < 2^target excludes weak-GP8.
    shortcut: order_bound dependency=Size(K) < 2^target excludes weak-GP8.
    shortcut: order_bound dependency=Size(K) < 2^target excludes weak-GP8.
    shortcut: order_bound dependency=Size(K) < 2^target excludes weak-GP8.
    shortcut: order_bound dependency=Size(K) < 2^target excludes weak-GP8.
    shortcut: order_bound dependency=Size(K) < 2^target excludes weak-GP8.
    shortcut: order_bound dependency=Size(K) < 2^target excludes weak-GP8.
    shortcut: order_bound dependency=Size(K) < 2^target excludes weak-GP8.
    shortcut: order_bound dependency=Size(K) < 2^target excludes weak-GP8.
    shortcut: order_bound dependency=Size(K) < 2^target excludes weak-GP8.
    shortcut: order_bound dependency=Size(K) < 2^target excludes weak-GP8.
    shortcut: order_bound dependency=Size(K) < 2^target excludes weak-GP8.
    shortcut: order_bound dependency=Size(K) < 2^target excludes weak-GP8.
    shortcut: order_bound dependency=Size(K) < 2^target excludes weak-GP8.
    shortcut: order_bound dependency=Size(K) < 2^target excludes weak-GP8.
    shortcut: order_bound dependency=Size(K) < 2^target excludes weak-GP8.
    shortcut: order_bound dependency=Size(K) < 2^target excludes weak-GP8.
    shortcut: order_bound dependency=Size(K) < 2^target excludes weak-GP8.
    shortcut: order_bound dependency=Size(K) < 2^target excludes weak-GP8.
    shortcut: order_bound dependency=Size(K) < 2^target excludes weak-GP8.
    shortcut: order_bound dependency=Size(K) < 2^target excludes weak-GP8.
    shortcut: order_bound dependency=Size(K) < 2^target excludes weak-GP8.
  checked=325 top_class=7 local_index=1825 size=128 struct=(C4 x C2 x C2) : D8
    shortcut: order_bound dependency=Size(K) < 2^target excludes weak-GP8.
    shortcut: order_bound dependency=Size(K) < 2^target excludes weak-GP8.
    shortcut: order_bound dependency=Size(K) < 2^target excludes weak-GP8.
    shortcut: order_bound dependency=Size(K) < 2^target excludes weak-GP8.
    shortcut: order_bound dependency=Size(K) < 2^target excludes weak-GP8.
    shortcut: order_bound dependency=Size(K) < 2^target excludes weak-GP8.
    shortcut: order_bound dependency=Size(K) < 2^target excludes weak-GP8.
    shortcut: order_bound dependency=Size(K) < 2^target excludes weak-GP8.
    shortcut: order_bound dependency=Size(K) < 2^target excludes weak-GP8.
    shortcut: order_bound dependency=Size(K) < 2^target excludes weak-GP8.
    shortcut: order_bound dependency=Size(K) < 2^target excludes weak-GP8.
    shortcut: order_bound dependency=Size(K) < 2^target excludes weak-GP8.
    shortcut: order_bound dependency=Size(K) < 2^target excludes weak-GP8.
    shortcut: order_bound dependency=Size(K) < 2^target excludes weak-GP8.
    shortcut: order_bound dependency=Size(K) < 2^target excludes weak-GP8.
    shortcut: order_bound dependency=Size(K) < 2^target excludes weak-GP8.
    shortcut: order_bound dependency=Size(K) < 2^target excludes weak-GP8.
    shortcut: order_bound dependency=Size(K) < 2^target excludes weak-GP8.
    shortcut: order_bound dependency=Size(K) < 2^target excludes weak-GP8.
    shortcut: order_bound dependency=Size(K) < 2^target excludes weak-GP8.
    shortcut: order_bound dependency=Size(K) < 2^target excludes weak-GP8.
    shortcut: order_bound dependency=Size(K) < 2^target excludes weak-GP8.
    shortcut: order_bound dependency=Size(K) < 2^target excludes weak-GP8.
    shortcut: order_bound dependency=Size(K) < 2^target excludes weak-GP8.
    shortcut: order_bound dependency=Size(K) < 2^target excludes weak-GP8.
  checked=350 top_class=7 local_index=1850 size=128 struct=(C2 x D8) : D8
    shortcut: order_bound dependency=Size(K) < 2^target excludes weak-GP8.
    shortcut: order_bound dependency=Size(K) < 2^target excludes weak-GP8.
    shortcut: order_bound dependency=Size(K) < 2^target excludes weak-GP8.
    shortcut: order_bound dependency=Size(K) < 2^target excludes weak-GP8.
    shortcut: order_bound dependency=Size(K) < 2^target excludes weak-GP8.
    shortcut: order_bound dependency=Size(K) < 2^target excludes weak-GP8.
    shortcut: order_bound dependency=Size(K) < 2^target excludes weak-GP8.
    shortcut: order_bound dependency=Size(K) < 2^target excludes weak-GP8.
    shortcut: order_bound dependency=Size(K) < 2^target excludes weak-GP8.
    shortcut: order_bound dependency=Size(K) < 2^target excludes weak-GP8.
    shortcut: order_bound dependency=Size(K) < 2^target excludes weak-GP8.
    shortcut: order_bound dependency=Size(K) < 2^target excludes weak-GP8.
    shortcut: order_bound dependency=Size(K) < 2^target excludes weak-GP8.
    shortcut: order_bound dependency=Size(K) < 2^target excludes weak-GP8.
    shortcut: order_bound dependency=Size(K) < 2^target excludes weak-GP8.
    shortcut: order_bound dependency=Size(K) < 2^target excludes weak-GP8.
    shortcut: order_bound dependency=Size(K) < 2^target excludes weak-GP8.
    shortcut: order_bound dependency=Size(K) < 2^target excludes weak-GP8.
    shortcut: order_bound dependency=Size(K) < 2^target excludes weak-GP8.
    shortcut: order_bound dependency=Size(K) < 2^target excludes weak-GP8.
    shortcut: order_bound dependency=Size(K) < 2^target excludes weak-GP8.
    shortcut: order_bound dependency=Size(K) < 2^target excludes weak-GP8.
    shortcut: order_bound dependency=Size(K) < 2^target excludes weak-GP8.
    shortcut: order_bound dependency=Size(K) < 2^target excludes weak-GP8.
    shortcut: order_bound dependency=Size(K) < 2^target excludes weak-GP8.
  checked=375 top_class=7 local_index=1875 size=
192 struct=((C2 x C2) : ((C4 x C2) : C2)) : C3
    shortcut: order_bound dependency=Size(K) < 2^target excludes weak-GP8.
    shortcut: order_bound dependency=Size(K) < 2^target excludes weak-GP8.
    shortcut: order_bound dependency=Size(K) < 2^target excludes weak-GP8.
    shortcut: order_bound dependency=Size(K) < 2^target excludes weak-GP8.
    shortcut: order_bound dependency=Size(K) < 2^target excludes weak-GP8.
    shortcut: order_bound dependency=Size(K) < 2^target excludes weak-GP8.
    shortcut: order_bound dependency=Size(K) < 2^target excludes weak-GP8.
    shortcut: order_bound dependency=Size(K) < 2^target excludes weak-GP8.
    shortcut: order_bound dependency=Size(K) < 2^target excludes weak-GP8.
    shortcut: order_bound dependency=Size(K) < 2^target excludes weak-GP8.
    shortcut: order_bound dependency=Size(K) < 2^target excludes weak-GP8.
    shortcut: order_bound dependency=Size(K) < 2^target excludes weak-GP8.
    shortcut: order_bound dependency=Size(K) < 2^target excludes weak-GP8.
    shortcut: order_bound dependency=Size(K) < 2^target excludes weak-GP8.
    shortcut: order_bound dependency=Size(K) < 2^target excludes weak-GP8.
    shortcut: order_bound dependency=Size(K) < 2^target excludes weak-GP8.
    shortcut: order_bound dependency=Size(K) < 2^target excludes weak-GP8.
    shortcut: order_bound dependency=Size(K) < 2^target excludes weak-GP8.
    shortcut: order_bound dependency=Size(K) < 2^target excludes weak-GP8.
    shortcut: order_bound dependency=Size(K) < 2^target excludes weak-GP8.
    shortcut: order_bound dependency=Size(K) < 2^target excludes weak-GP8.
    shortcut: order_bound dependency=Size(K) < 2^target excludes weak-GP8.
    shortcut: order_bound dependency=Size(K) < 2^target excludes weak-GP8.
    shortcut: order_bound dependency=Size(K) < 2^target excludes weak-GP8.
    shortcut: order_bound dependency=Size(K) < 2^target excludes weak-GP8.
  checked=400 top_class=7 local_index=1900 size=
192 struct=C2 x ((C2 x C2) : S4)
    shortcut: order_bound dependency=Size(K) < 2^target excludes weak-GP8.
    shortcut: order_bound dependency=Size(K) < 2^target excludes weak-GP8.
    shortcut: order_bound dependency=Size(K) < 2^target excludes weak-GP8.
    shortcut: order_bound dependency=Size(K) < 2^target excludes weak-GP8.
    shortcut: order_bound dependency=Size(K) < 2^target excludes weak-GP8.
    shortcut: order_bound dependency=Size(K) < 2^target excludes weak-GP8.
    shortcut: order_bound dependency=Size(K) < 2^target excludes weak-GP8.
    shortcut: order_bound dependency=Size(K) < 2^target excludes weak-GP8.
    shortcut: order_bound dependency=Size(K) < 2^target excludes weak-GP8.
    shortcut: order_bound dependency=Size(K) < 2^target excludes weak-GP8.
    shortcut: order_bound dependency=Size(K) < 2^target excludes weak-GP8.
    shortcut: order_bound dependency=Size(K) < 2^target excludes weak-GP8.
    shortcut: order_bound dependency=Size(K) < 2^target excludes weak-GP8.
    shortcut: order_bound dependency=Size(K) < 2^target excludes weak-GP8.
    shortcut: order_bound dependency=Size(K) < 2^target excludes weak-GP8.
    shortcut: order_bound dependency=Size(K) < 2^target excludes weak-GP8.
    shortcut: order_bound dependency=Size(K) < 2^target excludes weak-GP8.
    shortcut: order_bound dependency=Size(K) < 2^target excludes weak-GP8.
    shortcut: order_bound dependency=Size(K) < 2^target excludes weak-GP8.
    shortcut: order_bound dependency=Size(K) < 2^target excludes weak-GP8.
    shortcut: order_bound dependency=Size(K) < 2^target excludes weak-GP8.
    shortcut: order_bound dependency=Size(K) < 2^target excludes weak-GP8.
    shortcut: order_bound dependency=Size(K) < 2^target excludes weak-GP8.
    shortcut: order_bound dependency=Size(K) < 2^target excludes weak-GP8.
    shortcut: order_bound dependency=Size(K) < 2^target excludes weak-GP8.
  checked=425 top_class=7 local_index=1925 size=
192 struct=(C2 x C2) : (A4 : C4)
    shortcut: order_bound dependency=Size(K) < 2^target excludes weak-GP8.
    shortcut: order_bound dependency=Size(K) < 2^target excludes weak-GP8.
    shortcut: order_bound dependency=Size(K) < 2^target excludes weak-GP8.
    shortcut: order_bound dependency=Size(K) < 2^target excludes weak-GP8.
    shortcut: order_bound dependency=Size(K) < 2^target excludes weak-GP8.
    shortcut: order_bound dependency=Size(K) < 2^target excludes weak-GP8.
    shortcut: order_bound dependency=Size(K) < 2^target excludes weak-GP8.
    shortcut: order_bound dependency=Size(K) < 2^target excludes weak-GP8.
    shortcut: order_bound dependency=Size(K) < 2^target excludes weak-GP8.
    completed local_subgroup_index=1935 elapsed_ms=2232
    completed local_subgroup_index=1937 elapsed_ms=2249
  checked=450 top_class=7 local_index=1950 size=
256 struct=(C2 x ((C2 x C2 x C2) : C4)) : C4
    completed local_subgroup_index=1951 elapsed_ms=1844
  checked=475 top_class=7 local_index=1975 size=
256 struct=(C4 x C2 x C2) : ((C4 x C2) : C2)
  checked=500 top_class=7 local_index=2000 size=336 struct=C2 x PSL(3,2)
  completed M24 maximal class 7 checked=500 requested_range=[1501, 
2000] no weak-GP8 found.
Checked subgroup-class representatives = 500
SUCCESS: no proper subgroup of M24 has weak-GP
8; hence every proper subgroup has i <= 7.
