Built M24, order = 244823040, degree = 24
GAP version = 4.15.1
Signature framework version = 2026-05-12-cleanup
Target proper-subgroup weak-GP exclusion length = 8
Subgroup index range = [1, infinity]
UseKnownSubgroupShortcuts = true
DeduplicateBySizeStructure = false
Maximal subgroup classes = 9
1: size=10200960 index=24 struct=M23
2: size=887040 index=276 struct=M22 : C2
3: size=322560 index=759 struct=(C2 x C2 x C2 x C2) : A8
4: size=190080 index=1288 struct=M12 : C2
5: size=138240 index=
1771 struct=(C2 x C2 x C2 x C2 x C2 x C2) : ((C3 . A6) : C2)
6: size=120960 index=2024 struct=PSL(3,4) : S3
7: size=64512 index=
3795 struct=(C2 x C2 x C2 x C2 x C2 x C2) : (PSL(3,2) x S3)
8: size=6072 index=40320 struct=PSL(2,23)
9: size=168 index=1457280 struct=PSL(3,2)
Selected top maximal classes = [ 1 .. 9 ]
Checking M24 maximal class 1: size=10200960 struct=M23 target_no_weakGP=8
    shortcut: known_i_upper group=M23 i_upper=
6
  dependency=regenerate M23 certificates from data/computation_specs.json exclu\
des weak-GP8.
  shortcut: top maximal class 1 has certified no weak-GP8 in all subgroups.
Checking M24 maximal class 2: size=887040 struct=M22 : C2 target_no_weakGP=8
  subgroup class representatives = 490 enumeration_ms=1391
Checking M24 maximal class 3: size=
322560 struct=(C2 x C2 x C2 x C2) : A8 target_no_weakGP=8
  subgroup class representatives = 1766 enumeration_ms=7882
Checking M24 maximal class 4: size=190080 struct=M12 : C2 target_no_weakGP=8
  subgroup class representatives = 213 enumeration_ms=559
Checking M24 maximal class 5: size=
138240
  struct=(C2 x C2 x C2 x C2 x C2 x C2) : ((C3 . A6) : C2) target_no_weakGP=8
  subgroup class representatives = 2261 enumeration_ms=11247
Checking M24 maximal class 6: size=
120960 struct=PSL(3,4) : S3 target_no_weakGP=8
  subgroup class representatives = 226 enumeration_ms=1189
Checking M24 maximal class 7: size=
64512 struct=(C2 x C2 x C2 x C2 x C2 x C2) : (PSL(3,2) x S3) target_no_weakGP=
8
  subgroup class representatives = 2156 enumeration_ms=9847
Checking M24 maximal class 8: size=6072 struct=PSL(2,23) target_no_weakGP=8
  subgroup class representatives = 23 enumeration_ms=39
Checking M24 maximal class 9: size=168 struct=PSL(3,2) target_no_weakGP=8
    shortcut: order_bound dependency=Size(K) < 2^target excludes weak-GP8.
  shortcut: top maximal class 9 has certified no weak-GP8 in all subgroups.
Checked subgroup-class representatives = 0
SUCCESS: no proper subgroup of M24 has weak-GP
8; hence every proper subgroup has i <= 7.
