Built M24, order = 244823040, degree = 24
GAP version = 4.15.1
Signature framework version = 2026-05-12-cleanup
Target proper-subgroup weak-GP exclusion length = 8
Subgroup index range = [1001, 1500]
UseKnownSubgroupShortcuts = true
DeduplicateBySizeStructure = false
Maximal subgroup classes = 9
1: size=10200960 index=24 struct=M23
2: size=887040 index=276 struct=M22 : C2
3: size=322560 index=759 struct=(C2 x C2 x C2 x C2) : A8
4: size=190080 index=1288 struct=M12 : C2
5: size=138240 index=
1771 struct=(C2 x C2 x C2 x C2 x C2 x C2) : ((C3 . A6) : C2)
6: size=120960 index=2024 struct=PSL(3,4) : S3
7: size=64512 index=
3795 struct=(C2 x C2 x C2 x C2 x C2 x C2) : (PSL(3,2) x S3)
8: size=6072 index=40320 struct=PSL(2,23)
9: size=168 index=1457280 struct=PSL(3,2)
Selected top maximal classes = [ 3 ]
Checking M24 maximal class 3: size=
322560 struct=(C2 x C2 x C2 x C2) : A8 target_no_weakGP=8
  subgroup class representatives = 1766 enumeration_ms=12081
  checked=1 top_class=3 local_index=1001 size=
64 struct=((C4 x C2) : C2) : (C2 x C2)
    shortcut: order_bound dependency=Size(K) < 2^target excludes weak-GP8.
    shortcut: order_bound dependency=Size(K) < 2^target excludes weak-GP8.
    shortcut: order_bound dependency=Size(K) < 2^target excludes weak-GP8.
    shortcut: order_bound dependency=Size(K) < 2^target excludes weak-GP8.
    shortcut: order_bound dependency=Size(K) < 2^target excludes weak-GP8.
    shortcut: order_bound dependency=Size(K) < 2^target excludes weak-GP8.
    shortcut: order_bound dependency=Size(K) < 2^target excludes weak-GP8.
    shortcut: order_bound dependency=Size(K) < 2^target excludes weak-GP8.
    shortcut: order_bound dependency=Size(K) < 2^target excludes weak-GP8.
    shortcut: order_bound dependency=Size(K) < 2^target excludes weak-GP8.
    shortcut: order_bound dependency=Size(K) < 2^target excludes weak-GP8.
    shortcut: order_bound dependency=Size(K) < 2^target excludes weak-GP8.
    shortcut: order_bound dependency=Size(K) < 2^target excludes weak-GP8.
    shortcut: order_bound dependency=Size(K) < 2^target excludes weak-GP8.
    shortcut: order_bound dependency=Size(K) < 2^target excludes weak-GP8.
    shortcut: order_bound dependency=Size(K) < 2^target excludes weak-GP8.
    shortcut: order_bound dependency=Size(K) < 2^target excludes weak-GP8.
    shortcut: order_bound dependency=Size(K) < 2^target excludes weak-GP8.
    shortcut: order_bound dependency=Size(K) < 2^target excludes weak-GP8.
    shortcut: order_bound dependency=Size(K) < 2^target excludes weak-GP8.
    shortcut: order_bound dependency=Size(K) < 2^target excludes weak-GP8.
    shortcut: order_bound dependency=Size(K) < 2^target excludes weak-GP8.
    shortcut: order_bound dependency=Size(K) < 2^target excludes weak-GP8.
    shortcut: order_bound dependency=Size(K) < 2^target excludes weak-GP8.
  checked=25 top_class=3 local_index=1025 size=64 struct=(C4 : C4) : (C2 x C2)
    shortcut: order_bound dependency=Size(K) < 2^target excludes weak-GP8.
    shortcut: order_bound dependency=Size(K) < 2^target excludes weak-GP8.
    shortcut: order_bound dependency=Size(K) < 2^target excludes weak-GP8.
    shortcut: order_bound dependency=Size(K) < 2^target excludes weak-GP8.
    shortcut: order_bound dependency=Size(K) < 2^target excludes weak-GP8.
    shortcut: order_bound dependency=Size(K) < 2^target excludes weak-GP8.
    shortcut: order_bound dependency=Size(K) < 2^target excludes weak-GP8.
    shortcut: order_bound dependency=Size(K) < 2^target excludes weak-GP8.
    shortcut: order_bound dependency=Size(K) < 2^target excludes weak-GP8.
    shortcut: order_bound dependency=Size(K) < 2^target excludes weak-GP8.
    shortcut: order_bound dependency=Size(K) < 2^target excludes weak-GP8.
    shortcut: order_bound dependency=Size(K) < 2^target excludes weak-GP8.
    shortcut: order_bound dependency=Size(K) < 2^target excludes weak-GP8.
    shortcut: order_bound dependency=Size(K) < 2^target excludes weak-GP8.
    shortcut: order_bound dependency=Size(K) < 2^target excludes weak-GP8.
    shortcut: order_bound dependency=Size(K) < 2^target excludes weak-GP8.
    shortcut: order_bound dependency=Size(K) < 2^target excludes weak-GP8.
    shortcut: order_bound dependency=Size(K) < 2^target excludes weak-GP8.
    shortcut: order_bound dependency=Size(K) < 2^target excludes weak-GP8.
    shortcut: order_bound dependency=Size(K) < 2^target excludes weak-GP8.
    shortcut: order_bound dependency=Size(K) < 2^target excludes weak-GP8.
    shortcut: order_bound dependency=Size(K) < 2^target excludes weak-GP8.
    shortcut: order_bound dependency=Size(K) < 2^target excludes weak-GP8.
    shortcut: order_bound dependency=Size(K) < 2^target excludes weak-GP8.
    shortcut: order_bound dependency=Size(K) < 2^target excludes weak-GP8.
  checked=50 top_class=3 local_index=1050 size=
64 struct=((C4 x C2) : C2) : (C2 x C2)
    shortcut: order_bound dependency=Size(K) < 2^target excludes weak-GP8.
    shortcut: order_bound dependency=Size(K) < 2^target excludes weak-GP8.
    shortcut: order_bound dependency=Size(K) < 2^target excludes weak-GP8.
    shortcut: order_bound dependency=Size(K) < 2^target excludes weak-GP8.
    shortcut: order_bound dependency=Size(K) < 2^target excludes weak-GP8.
    shortcut: order_bound dependency=Size(K) < 2^target excludes weak-GP8.
    shortcut: order_bound dependency=Size(K) < 2^target excludes weak-GP8.
    shortcut: order_bound dependency=Size(K) < 2^target excludes weak-GP8.
    shortcut: order_bound dependency=Size(K) < 2^target excludes weak-GP8.
    shortcut: order_bound dependency=Size(K) < 2^target excludes weak-GP8.
    shortcut: order_bound dependency=Size(K) < 2^target excludes weak-GP8.
    shortcut: order_bound dependency=Size(K) < 2^target excludes weak-GP8.
    shortcut: order_bound dependency=Size(K) < 2^target excludes weak-GP8.
    shortcut: order_bound dependency=Size(K) < 2^target excludes weak-GP8.
    shortcut: order_bound dependency=Size(K) < 2^target excludes weak-GP8.
    shortcut: order_bound dependency=Size(K) < 2^target excludes weak-GP8.
    shortcut: order_bound dependency=Size(K) < 2^target excludes weak-GP8.
    shortcut: order_bound dependency=Size(K) < 2^target excludes weak-GP8.
    shortcut: order_bound dependency=Size(K) < 2^target excludes weak-GP8.
    shortcut: order_bound dependency=Size(K) < 2^target excludes weak-GP8.
    shortcut: order_bound dependency=Size(K) < 2^target excludes weak-GP8.
    shortcut: order_bound dependency=Size(K) < 2^target excludes weak-GP8.
    shortcut: order_bound dependency=Size(K) < 2^target excludes weak-GP8.
    shortcut: order_bound dependency=Size(K) < 2^target excludes weak-GP8.
    shortcut: order_bound dependency=Size(K) < 2^target excludes weak-GP8.
  checked=75 top_class=3 local_index=1075 size=
64 struct=(C2 x C2) : ((C4 x C2) : C2)
    shortcut: order_bound dependency=Size(K) < 2^target excludes weak-GP8.
    shortcut: order_bound dependency=Size(K) < 2^target excludes weak-GP8.
    shortcut: order_bound dependency=Size(K) < 2^target excludes weak-GP8.
    shortcut: order_bound dependency=Size(K) < 2^target excludes weak-GP8.
    shortcut: order_bound dependency=Size(K) < 2^target excludes weak-GP8.
    shortcut: order_bound dependency=Size(K) < 2^target excludes weak-GP8.
    shortcut: order_bound dependency=Size(K) < 2^target excludes weak-GP8.
    shortcut: order_bound dependency=Size(K) < 2^target excludes weak-GP8.
    shortcut: order_bound dependency=Size(K) < 2^target excludes weak-GP8.
    shortcut: order_bound dependency=Size(K) < 2^target excludes weak-GP8.
    shortcut: order_bound dependency=Size(K) < 2^target excludes weak-GP8.
    shortcut: order_bound dependency=Size(K) < 2^target excludes weak-GP8.
    shortcut: order_bound dependency=Size(K) < 2^target excludes weak-GP8.
    shortcut: order_bound dependency=Size(K) < 2^target excludes weak-GP8.
    shortcut: order_bound dependency=Size(K) < 2^target excludes weak-GP8.
    shortcut: order_bound dependency=Size(K) < 2^target excludes weak-GP8.
    shortcut: order_bound dependency=Size(K) < 2^target excludes weak-GP8.
    shortcut: order_bound dependency=Size(K) < 2^target excludes weak-GP8.
    shortcut: order_bound dependency=Size(K) < 2^target excludes weak-GP8.
    shortcut: order_bound dependency=Size(K) < 2^target excludes weak-GP8.
    shortcut: order_bound dependency=Size(K) < 2^target excludes weak-GP8.
    shortcut: order_bound dependency=Size(K) < 2^target excludes weak-GP8.
    shortcut: order_bound dependency=Size(K) < 2^target excludes weak-GP8.
    shortcut: order_bound dependency=Size(K) < 2^target excludes weak-GP8.
    shortcut: order_bound dependency=Size(K) < 2^target excludes weak-GP8.
  checked=100 top_class=3 local_index=1100 size=64 struct=D8 : D8
    shortcut: order_bound dependency=Size(K) < 2^target excludes weak-GP8.
    shortcut: order_bound dependency=Size(K) < 2^target excludes weak-GP8.
    shortcut: order_bound dependency=Size(K) < 2^target excludes weak-GP8.
    shortcut: order_bound dependency=Size(K) < 2^target excludes weak-GP8.
    shortcut: order_bound dependency=Size(K) < 2^target excludes weak-GP8.
    shortcut: order_bound dependency=Size(K) < 2^target excludes weak-GP8.
    shortcut: order_bound dependency=Size(K) < 2^target excludes weak-GP8.
    shortcut: order_bound dependency=Size(K) < 2^target excludes weak-GP8.
    shortcut: order_bound dependency=Size(K) < 2^target excludes weak-GP8.
    shortcut: order_bound dependency=Size(K) < 2^target excludes weak-GP8.
    shortcut: order_bound dependency=Size(K) < 2^target excludes weak-GP8.
    shortcut: order_bound dependency=Size(K) < 2^target excludes weak-GP8.
    shortcut: order_bound dependency=Size(K) < 2^target excludes weak-GP8.
    shortcut: order_bound dependency=Size(K) < 2^target excludes weak-GP8.
    shortcut: order_bound dependency=Size(K) < 2^target excludes weak-GP8.
    shortcut: order_bound dependency=Size(K) < 2^target excludes weak-GP8.
    shortcut: order_bound dependency=Size(K) < 2^target excludes weak-GP8.
    shortcut: order_bound dependency=Size(K) < 2^target excludes weak-GP8.
    shortcut: order_bound dependency=Size(K) < 2^target excludes weak-GP8.
    shortcut: order_bound dependency=Size(K) < 2^target excludes weak-GP8.
    shortcut: order_bound dependency=Size(K) < 2^target excludes weak-GP8.
    shortcut: order_bound dependency=Size(K) < 2^target excludes weak-GP8.
    shortcut: order_bound dependency=Size(K) < 2^target excludes weak-GP8.
    shortcut: order_bound dependency=Size(K) < 2^target excludes weak-GP8.
    shortcut: order_bound dependency=Size(K) < 2^target excludes weak-GP8.
  checked=125 top_class=3 local_index=1125 size=
64 struct=(C4 : C4) : (C2 x C2)
    shortcut: order_bound dependency=Size(K) < 2^target excludes weak-GP8.
    shortcut: order_bound dependency=Size(K) < 2^target excludes weak-GP8.
    shortcut: order_bound dependency=Size(K) < 2^target excludes weak-GP8.
    shortcut: order_bound dependency=Size(K) < 2^target excludes weak-GP8.
    shortcut: order_bound dependency=Size(K) < 2^target excludes weak-GP8.
    shortcut: order_bound dependency=Size(K) < 2^target excludes weak-GP8.
    shortcut: order_bound dependency=Size(K) < 2^target excludes weak-GP8.
    shortcut: order_bound dependency=Size(K) < 2^target excludes weak-GP8.
    shortcut: order_bound dependency=Size(K) < 2^target excludes weak-GP8.
    shortcut: order_bound dependency=Size(K) < 2^target excludes weak-GP8.
    shortcut: order_bound dependency=Size(K) < 2^target excludes weak-GP8.
    shortcut: order_bound dependency=Size(K) < 2^target excludes weak-GP8.
    shortcut: order_bound dependency=Size(K) < 2^target excludes weak-GP8.
    shortcut: order_bound dependency=Size(K) < 2^target excludes weak-GP8.
    shortcut: order_bound dependency=Size(K) < 2^target excludes weak-GP8.
    shortcut: order_bound dependency=Size(K) < 2^target excludes weak-GP8.
    shortcut: order_bound dependency=Size(K) < 2^target excludes weak-GP8.
    shortcut: order_bound dependency=Size(K) < 2^target excludes weak-GP8.
    shortcut: order_bound dependency=Size(K) < 2^target excludes weak-GP8.
    shortcut: order_bound dependency=Size(K) < 2^target excludes weak-GP8.
    shortcut: order_bound dependency=Size(K) < 2^target excludes weak-GP8.
    shortcut: order_bound dependency=Size(K) < 2^target excludes weak-GP8.
    shortcut: order_bound dependency=Size(K) < 2^target excludes weak-GP8.
    shortcut: order_bound dependency=Size(K) < 2^target excludes weak-GP8.
    shortcut: order_bound dependency=Size(K) < 2^target excludes weak-GP8.
  checked=150 top_class=3 local_index=1150 size=
64 struct=(C2 x C2 x C2 x C2) : C4
    shortcut: order_bound dependency=Size(K) < 2^target excludes weak-GP8.
    shortcut: order_bound dependency=Size(K) < 2^target excludes weak-GP8.
    shortcut: order_bound dependency=Size(K) < 2^target excludes weak-GP8.
    shortcut: order_bound dependency=Size(K) < 2^target excludes weak-GP8.
    shortcut: order_bound dependency=Size(K) < 2^target excludes weak-GP8.
    shortcut: order_bound dependency=Size(K) < 2^target excludes weak-GP8.
    shortcut: order_bound dependency=Size(K) < 2^target excludes weak-GP8.
    shortcut: order_bound dependency=Size(K) < 2^target excludes weak-GP8.
    shortcut: order_bound dependency=Size(K) < 2^target excludes weak-GP8.
    shortcut: order_bound dependency=Size(K) < 2^target excludes weak-GP8.
    shortcut: order_bound dependency=Size(K) < 2^target excludes weak-GP8.
    shortcut: order_bound dependency=Size(K) < 2^target excludes weak-GP8.
    shortcut: order_bound dependency=Size(K) < 2^target excludes weak-GP8.
    shortcut: order_bound dependency=Size(K) < 2^target excludes weak-GP8.
    shortcut: order_bound dependency=Size(K) < 2^target excludes weak-GP8.
    shortcut: order_bound dependency=Size(K) < 2^target excludes weak-GP8.
    shortcut: order_bound dependency=Size(K) < 2^target excludes weak-GP8.
    shortcut: order_bound dependency=Size(K) < 2^target excludes weak-GP8.
    shortcut: order_bound dependency=Size(K) < 2^target excludes weak-GP8.
    shortcut: order_bound dependency=Size(K) < 2^target excludes weak-GP8.
    shortcut: order_bound dependency=Size(K) < 2^target excludes weak-GP8.
    shortcut: order_bound dependency=Size(K) < 2^target excludes weak-GP8.
    shortcut: order_bound dependency=Size(K) < 2^target excludes weak-GP8.
    shortcut: order_bound dependency=Size(K) < 2^target excludes weak-GP8.
    shortcut: order_bound dependency=Size(K) < 2^target excludes weak-GP8.
  checked=175 top_class=3 local_index=1175 size=
64 struct=C2 x ((C2 x C2 x C2) : C4)
    shortcut: order_bound dependency=Size(K) < 2^target excludes weak-GP8.
    shortcut: order_bound dependency=Size(K) < 2^target excludes weak-GP8.
    shortcut: order_bound dependency=Size(K) < 2^target excludes weak-GP8.
    shortcut: order_bound dependency=Size(K) < 2^target excludes weak-GP8.
    shortcut: order_bound dependency=Size(K) < 2^target excludes weak-GP8.
    shortcut: order_bound dependency=Size(K) < 2^target excludes weak-GP8.
    shortcut: order_bound dependency=Size(K) < 2^target excludes weak-GP8.
    shortcut: order_bound dependency=Size(K) < 2^target excludes weak-GP8.
    shortcut: order_bound dependency=Size(K) < 2^target excludes weak-GP8.
    shortcut: order_bound dependency=Size(K) < 2^target excludes weak-GP8.
    shortcut: order_bound dependency=Size(K) < 2^target excludes weak-GP8.
    shortcut: order_bound dependency=Size(K) < 2^target excludes weak-GP8.
    shortcut: order_bound dependency=Size(K) < 2^target excludes weak-GP8.
    shortcut: order_bound dependency=Size(K) < 2^target excludes weak-GP8.
    shortcut: order_bound dependency=Size(K) < 2^target excludes weak-GP8.
    shortcut: order_bound dependency=Size(K) < 2^target excludes weak-GP8.
    shortcut: order_bound dependency=Size(K) < 2^target excludes weak-GP8.
    shortcut: order_bound dependency=Size(K) < 2^target excludes weak-GP8.
    shortcut: order_bound dependency=Size(K) < 2^target excludes weak-GP8.
    shortcut: order_bound dependency=Size(K) < 2^target excludes weak-GP8.
    shortcut: order_bound dependency=Size(K) < 2^target excludes weak-GP8.
    shortcut: order_bound dependency=Size(K) < 2^target excludes weak-GP8.
    shortcut: order_bound dependency=Size(K) < 2^target excludes weak-GP8.
    shortcut: order_bound dependency=Size(K) < 2^target excludes weak-GP8.
    shortcut: order_bound dependency=Size(K) < 2^target excludes weak-GP8.
  checked=200 top_class=3 local_index=1200 size=
64 struct=(C4 x C4) : (C2 x C2)
    shortcut: order_bound dependency=Size(K) < 2^target excludes weak-GP8.
    shortcut: order_bound dependency=Size(K) < 2^target excludes weak-GP8.
    shortcut: order_bound dependency=Size(K) < 2^target excludes weak-GP8.
    shortcut: order_bound dependency=Size(K) < 2^target excludes weak-GP8.
    shortcut: order_bound dependency=Size(K) < 2^target excludes weak-GP8.
    shortcut: order_bound dependency=Size(K) < 2^target excludes weak-GP8.
    shortcut: order_bound dependency=Size(K) < 2^target excludes weak-GP8.
    shortcut: order_bound dependency=Size(K) < 2^target excludes weak-GP8.
    shortcut: order_bound dependency=Size(K) < 2^target excludes weak-GP8.
    shortcut: order_bound dependency=Size(K) < 2^target excludes weak-GP8.
    shortcut: order_bound dependency=Size(K) < 2^target excludes weak-GP8.
    shortcut: order_bound dependency=Size(K) < 2^target excludes weak-GP8.
    shortcut: order_bound dependency=Size(K) < 2^target excludes weak-GP8.
    shortcut: order_bound dependency=Size(K) < 2^target excludes weak-GP8.
    shortcut: order_bound dependency=Size(K) < 2^target excludes weak-GP8.
    shortcut: order_bound dependency=Size(K) < 2^target excludes weak-GP8.
    shortcut: order_bound dependency=Size(K) < 2^target excludes weak-GP8.
    shortcut: order_bound dependency=Size(K) < 2^target excludes weak-GP8.
    shortcut: order_bound dependency=Size(K) < 2^target excludes weak-GP8.
    shortcut: order_bound dependency=Size(K) < 2^target excludes weak-GP8.
    shortcut: order_bound dependency=Size(K) < 2^target excludes weak-GP8.
    shortcut: order_bound dependency=Size(K) < 2^target excludes weak-GP8.
    shortcut: order_bound dependency=Size(K) < 2^target excludes weak-GP8.
    shortcut: order_bound dependency=Size(K) < 2^target excludes weak-GP8.
    shortcut: order_bound dependency=Size(K) < 2^target excludes weak-GP8.
  checked=225 top_class=3 local_index=1225 size=64 struct=(C4 : C4) : C4
    shortcut: order_bound dependency=Size(K) < 2^target excludes weak-GP8.
    shortcut: order_bound dependency=Size(K) < 2^target excludes weak-GP8.
    shortcut: order_bound dependency=Size(K) < 2^target excludes weak-GP8.
    shortcut: order_bound dependency=Size(K) < 2^target excludes weak-GP8.
    shortcut: order_bound dependency=Size(K) < 2^target excludes weak-GP8.
    shortcut: order_bound dependency=Size(K) < 2^target excludes weak-GP8.
    shortcut: order_bound dependency=Size(K) < 2^target excludes weak-GP8.
    shortcut: order_bound dependency=Size(K) < 2^target excludes weak-GP8.
    shortcut: order_bound dependency=Size(K) < 2^target excludes weak-GP8.
    shortcut: order_bound dependency=Size(K) < 2^target excludes weak-GP8.
    shortcut: order_bound dependency=Size(K) < 2^target excludes weak-GP8.
    shortcut: order_bound dependency=Size(K) < 2^target excludes weak-GP8.
    shortcut: order_bound dependency=Size(K) < 2^target excludes weak-GP8.
    shortcut: order_bound dependency=Size(K) < 2^target excludes weak-GP8.
    shortcut: order_bound dependency=Size(K) < 2^target excludes weak-GP8.
    shortcut: order_bound dependency=Size(K) < 2^target excludes weak-GP8.
    shortcut: order_bound dependency=Size(K) < 2^target excludes weak-GP8.
    shortcut: order_bound dependency=Size(K) < 2^target excludes weak-GP8.
    shortcut: order_bound dependency=Size(K) < 2^target excludes weak-GP8.
    shortcut: order_bound dependency=Size(K) < 2^target excludes weak-GP8.
    shortcut: order_bound dependency=Size(K) < 2^target excludes weak-GP8.
    shortcut: order_bound dependency=Size(K) < 2^target excludes weak-GP8.
    shortcut: order_bound dependency=Size(K) < 2^target excludes weak-GP8.
    shortcut: order_bound dependency=Size(K) < 2^target excludes weak-GP8.
    shortcut: order_bound dependency=Size(K) < 2^target excludes weak-GP8.
  checked=250 top_class=3 local_index=1250 size=
96 struct=C2 x ((C2 x C2 x C2 x C2) : C3)
    shortcut: order_bound dependency=Size(K) < 2^target excludes weak-GP8.
    shortcut: order_bound dependency=Size(K) < 2^target excludes weak-GP8.
    shortcut: order_bound dependency=Size(K) < 2^target excludes weak-GP8.
    shortcut: order_bound dependency=Size(K) < 2^target excludes weak-GP8.
    shortcut: order_bound dependency=Size(K) < 2^target excludes weak-GP8.
    shortcut: order_bound dependency=Size(K) < 2^target excludes weak-GP8.
    shortcut: order_bound dependency=Size(K) < 2^target excludes weak-GP8.
    shortcut: order_bound dependency=Size(K) < 2^target excludes weak-GP8.
    shortcut: order_bound dependency=Size(K) < 2^target excludes weak-GP8.
    shortcut: order_bound dependency=Size(K) < 2^target excludes weak-GP8.
    shortcut: order_bound dependency=Size(K) < 2^target excludes weak-GP8.
    shortcut: order_bound dependency=Size(K) < 2^target excludes weak-GP8.
    shortcut: order_bound dependency=Size(K) < 2^target excludes weak-GP8.
    shortcut: order_bound dependency=Size(K) < 2^target excludes weak-GP8.
    shortcut: order_bound dependency=Size(K) < 2^target excludes weak-GP8.
    shortcut: order_bound dependency=Size(K) < 2^target excludes weak-GP8.
    shortcut: order_bound dependency=Size(K) < 2^target excludes weak-GP8.
    shortcut: order_bound dependency=Size(K) < 2^target excludes weak-GP8.
    shortcut: order_bound dependency=Size(K) < 2^target excludes weak-GP8.
    shortcut: order_bound dependency=Size(K) < 2^target excludes weak-GP8.
    shortcut: order_bound dependency=Size(K) < 2^target excludes weak-GP8.
    shortcut: order_bound dependency=Size(K) < 2^target excludes weak-GP8.
    shortcut: order_bound dependency=Size(K) < 2^target excludes weak-GP8.
    shortcut: order_bound dependency=Size(K) < 2^target excludes weak-GP8.
    shortcut: order_bound dependency=Size(K) < 2^target excludes weak-GP8.
  checked=275 top_class=3 local_index=1275 size=96 struct=C2 x C2 x S4
    shortcut: order_bound dependency=Size(K) < 2^target excludes weak-GP8.
    shortcut: order_bound dependency=Size(K) < 2^target excludes weak-GP8.
    shortcut: order_bound dependency=Size(K) < 2^target excludes weak-GP8.
    shortcut: order_bound dependency=Size(K) < 2^target excludes weak-GP8.
    shortcut: order_bound dependency=Size(K) < 2^target excludes weak-GP8.
    shortcut: order_bound dependency=Size(K) < 2^target excludes weak-GP8.
    shortcut: order_bound dependency=Size(K) < 2^target excludes weak-GP8.
    shortcut: order_bound dependency=Size(K) < 2^target excludes weak-GP8.
    shortcut: order_bound dependency=Size(K) < 2^target excludes weak-GP8.
    shortcut: order_bound dependency=Size(K) < 2^target excludes weak-GP8.
    shortcut: order_bound dependency=Size(K) < 2^target excludes weak-GP8.
    shortcut: order_bound dependency=Size(K) < 2^target excludes weak-GP8.
    shortcut: order_bound dependency=Size(K) < 2^target excludes weak-GP8.
    shortcut: order_bound dependency=Size(K) < 2^target excludes weak-GP8.
    shortcut: order_bound dependency=Size(K) < 2^target excludes weak-GP8.
    shortcut: order_bound dependency=Size(K) < 2^target excludes weak-GP8.
    shortcut: order_bound dependency=Size(K) < 2^target excludes weak-GP8.
    shortcut: order_bound dependency=Size(K) < 2^target excludes weak-GP8.
    shortcut: order_bound dependency=Size(K) < 2^target excludes weak-GP8.
    shortcut: order_bound dependency=Size(K) < 2^target excludes weak-GP8.
    shortcut: order_bound dependency=Size(K) < 2^target excludes weak-GP8.
    shortcut: order_bound dependency=Size(K) < 2^target excludes weak-GP8.
    shortcut: order_bound dependency=Size(K) < 2^target excludes weak-GP8.
    shortcut: order_bound dependency=Size(K) < 2^target excludes weak-GP8.
    shortcut: order_bound dependency=Size(K) < 2^target excludes weak-GP8.
  checked=300 top_class=3 local_index=1300 size=96 struct=GL(2,3) : C2
    shortcut: order_bound dependency=Size(K) < 2^target excludes weak-GP8.
    shortcut: order_bound dependency=Size(K) < 2^target excludes weak-GP8.
    shortcut: order_bound dependency=Size(K) < 2^target excludes weak-GP8.
    shortcut: order_bound dependency=Size(K) < 2^target excludes weak-GP8.
    shortcut: order_bound dependency=Size(K) < 2^target excludes weak-GP8.
    shortcut: order_bound dependency=Size(K) < 2^target excludes weak-GP8.
    shortcut: order_bound dependency=Size(K) < 2^target excludes weak-GP8.
    shortcut: order_bound dependency=Size(K) < 2^target excludes weak-GP8.
    shortcut: order_bound dependency=Size(K) < 2^target excludes weak-GP8.
    shortcut: order_bound dependency=Size(K) < 2^target excludes weak-GP8.
    shortcut: order_bound dependency=Size(K) < 2^target excludes weak-GP8.
    shortcut: order_bound dependency=Size(K) < 2^target excludes weak-GP8.
    shortcut: order_bound dependency=Size(K) < 2^target excludes weak-GP8.
    shortcut: order_bound dependency=Size(K) < 2^target excludes weak-GP8.
    shortcut: order_bound dependency=Size(K) < 2^target excludes weak-GP8.
    shortcut: order_bound dependency=Size(K) < 2^target excludes weak-GP8.
    shortcut: order_bound dependency=Size(K) < 2^target excludes weak-GP8.
    shortcut: order_bound dependency=Size(K) < 2^target excludes weak-GP8.
    shortcut: order_bound dependency=Size(K) < 2^target excludes weak-GP8.
    shortcut: order_bound dependency=Size(K) < 2^target excludes weak-GP8.
    shortcut: order_bound dependency=Size(K) < 2^target excludes weak-GP8.
    shortcut: order_bound dependency=Size(K) < 2^target excludes weak-GP8.
    shortcut: order_bound dependency=Size(K) < 2^target excludes weak-GP8.
    shortcut: order_bound dependency=Size(K) < 2^target excludes weak-GP8.
    shortcut: order_bound dependency=Size(K) < 2^target excludes weak-GP8.
  checked=325 top_class=3 local_index=1325 size=
128 struct=(C2 x C2) : ((C2 x C2 x C2) : C4)
    shortcut: order_bound dependency=Size(K) < 2^target excludes weak-GP8.
    shortcut: order_bound dependency=Size(K) < 2^target excludes weak-GP8.
    shortcut: order_bound dependency=Size(K) < 2^target excludes weak-GP8.
    shortcut: order_bound dependency=Size(K) < 2^target excludes weak-GP8.
    shortcut: order_bound dependency=Size(K) < 2^target excludes weak-GP8.
    shortcut: order_bound dependency=Size(K) < 2^target excludes weak-GP8.
    shortcut: order_bound dependency=Size(K) < 2^target excludes weak-GP8.
    shortcut: order_bound dependency=Size(K) < 2^target excludes weak-GP8.
    shortcut: order_bound dependency=Size(K) < 2^target excludes weak-GP8.
    shortcut: order_bound dependency=Size(K) < 2^target excludes weak-GP8.
    shortcut: order_bound dependency=Size(K) < 2^target excludes weak-GP8.
    shortcut: order_bound dependency=Size(K) < 2^target excludes weak-GP8.
    shortcut: order_bound dependency=Size(K) < 2^target excludes weak-GP8.
    shortcut: order_bound dependency=Size(K) < 2^target excludes weak-GP8.
    shortcut: order_bound dependency=Size(K) < 2^target excludes weak-GP8.
    shortcut: order_bound dependency=Size(K) < 2^target excludes weak-GP8.
    shortcut: order_bound dependency=Size(K) < 2^target excludes weak-GP8.
    shortcut: order_bound dependency=Size(K) < 2^target excludes weak-GP8.
    shortcut: order_bound dependency=Size(K) < 2^target excludes weak-GP8.
    shortcut: order_bound dependency=Size(K) < 2^target excludes weak-GP8.
    shortcut: order_bound dependency=Size(K) < 2^target excludes weak-GP8.
    shortcut: order_bound dependency=Size(K) < 2^target excludes weak-GP8.
    shortcut: order_bound dependency=Size(K) < 2^target excludes weak-GP8.
    shortcut: order_bound dependency=Size(K) < 2^target excludes weak-GP8.
    shortcut: order_bound dependency=Size(K) < 2^target excludes weak-GP8.
  checked=350 top_class=3 local_index=1350 size=
128 struct=(C2 x C2) : ((C2 x C2 x C2) : C4)
    shortcut: order_bound dependency=Size(K) < 2^target excludes weak-GP8.
    shortcut: order_bound dependency=Size(K) < 2^target excludes weak-GP8.
    shortcut: order_bound dependency=Size(K) < 2^target excludes weak-GP8.
    shortcut: order_bound dependency=Size(K) < 2^target excludes weak-GP8.
    shortcut: order_bound dependency=Size(K) < 2^target excludes weak-GP8.
    shortcut: order_bound dependency=Size(K) < 2^target excludes weak-GP8.
    shortcut: order_bound dependency=Size(K) < 2^target excludes weak-GP8.
    shortcut: order_bound dependency=Size(K) < 2^target excludes weak-GP8.
    shortcut: order_bound dependency=Size(K) < 2^target excludes weak-GP8.
    shortcut: order_bound dependency=Size(K) < 2^target excludes weak-GP8.
    shortcut: order_bound dependency=Size(K) < 2^target excludes weak-GP8.
    shortcut: order_bound dependency=Size(K) < 2^target excludes weak-GP8.
    shortcut: order_bound dependency=Size(K) < 2^target excludes weak-GP8.
    shortcut: order_bound dependency=Size(K) < 2^target excludes weak-GP8.
    shortcut: order_bound dependency=Size(K) < 2^target excludes weak-GP8.
    shortcut: order_bound dependency=Size(K) < 2^target excludes weak-GP8.
    shortcut: order_bound dependency=Size(K) < 2^target excludes weak-GP8.
    shortcut: order_bound dependency=Size(K) < 2^target excludes weak-GP8.
    shortcut: order_bound dependency=Size(K) < 2^target excludes weak-GP8.
    shortcut: order_bound dependency=Size(K) < 2^target excludes weak-GP8.
    shortcut: order_bound dependency=Size(K) < 2^target excludes weak-GP8.
    shortcut: order_bound dependency=Size(K) < 2^target excludes weak-GP8.
    shortcut: order_bound dependency=Size(K) < 2^target excludes weak-GP8.
    shortcut: order_bound dependency=Size(K) < 2^target excludes weak-GP8.
    shortcut: order_bound dependency=Size(K) < 2^target excludes weak-GP8.
  checked=375 top_class=3 local_index=1375 size=
128 struct=(C2 x C2) : ((C2 x C2 x C2) : C4)
    shortcut: order_bound dependency=Size(K) < 2^target excludes weak-GP8.
    shortcut: order_bound dependency=Size(K) < 2^target excludes weak-GP8.
    shortcut: order_bound dependency=Size(K) < 2^target excludes weak-GP8.
    shortcut: order_bound dependency=Size(K) < 2^target excludes weak-GP8.
    shortcut: order_bound dependency=Size(K) < 2^target excludes weak-GP8.
    shortcut: order_bound dependency=Size(K) < 2^target excludes weak-GP8.
    shortcut: order_bound dependency=Size(K) < 2^target excludes weak-GP8.
    shortcut: order_bound dependency=Size(K) < 2^target excludes weak-GP8.
    shortcut: order_bound dependency=Size(K) < 2^target excludes weak-GP8.
    shortcut: order_bound dependency=Size(K) < 2^target excludes weak-GP8.
    shortcut: order_bound dependency=Size(K) < 2^target excludes weak-GP8.
    shortcut: order_bound dependency=Size(K) < 2^target excludes weak-GP8.
    shortcut: order_bound dependency=Size(K) < 2^target excludes weak-GP8.
    shortcut: order_bound dependency=Size(K) < 2^target excludes weak-GP8.
    shortcut: order_bound dependency=Size(K) < 2^target excludes weak-GP8.
    shortcut: order_bound dependency=Size(K) < 2^target excludes weak-GP8.
    shortcut: order_bound dependency=Size(K) < 2^target excludes weak-GP8.
    shortcut: order_bound dependency=Size(K) < 2^target excludes weak-GP8.
    shortcut: order_bound dependency=Size(K) < 2^target excludes weak-GP8.
    shortcut: order_bound dependency=Size(K) < 2^target excludes weak-GP8.
    shortcut: order_bound dependency=Size(K) < 2^target excludes weak-GP8.
    shortcut: order_bound dependency=Size(K) < 2^target excludes weak-GP8.
    shortcut: order_bound dependency=Size(K) < 2^target excludes weak-GP8.
    shortcut: order_bound dependency=Size(K) < 2^target excludes weak-GP8.
    shortcut: order_bound dependency=Size(K) < 2^target excludes weak-GP8.
  checked=400 top_class=3 local_index=1400 size=
128 struct=(C2 x C2) : ((C2 x C2 x C2) : C4)
    shortcut: order_bound dependency=Size(K) < 2^target excludes weak-GP8.
    shortcut: order_bound dependency=Size(K) < 2^target excludes weak-GP8.
    shortcut: order_bound dependency=Size(K) < 2^target excludes weak-GP8.
    shortcut: order_bound dependency=Size(K) < 2^target excludes weak-GP8.
    shortcut: order_bound dependency=Size(K) < 2^target excludes weak-GP8.
    shortcut: order_bound dependency=Size(K) < 2^target excludes weak-GP8.
    shortcut: order_bound dependency=Size(K) < 2^target excludes weak-GP8.
    shortcut: order_bound dependency=Size(K) < 2^target excludes weak-GP8.
    shortcut: order_bound dependency=Size(K) < 2^target excludes weak-GP8.
    shortcut: order_bound dependency=Size(K) < 2^target excludes weak-GP8.
    shortcut: order_bound dependency=Size(K) < 2^target excludes weak-GP8.
    shortcut: order_bound dependency=Size(K) < 2^target excludes weak-GP8.
    shortcut: order_bound dependency=Size(K) < 2^target excludes weak-GP8.
    shortcut: order_bound dependency=Size(K) < 2^target excludes weak-GP8.
    shortcut: order_bound dependency=Size(K) < 2^target excludes weak-GP8.
    shortcut: order_bound dependency=Size(K) < 2^target excludes weak-GP8.
    shortcut: order_bound dependency=Size(K) < 2^target excludes weak-GP8.
    shortcut: order_bound dependency=Size(K) < 2^target excludes weak-GP8.
    shortcut: order_bound dependency=Size(K) < 2^target excludes weak-GP8.
    shortcut: order_bound dependency=Size(K) < 2^target excludes weak-GP8.
    shortcut: order_bound dependency=Size(K) < 2^target excludes weak-GP8.
    shortcut: order_bound dependency=Size(K) < 2^target excludes weak-GP8.
    shortcut: order_bound dependency=Size(K) < 2^target excludes weak-GP8.
    shortcut: order_bound dependency=Size(K) < 2^target excludes weak-GP8.
    shortcut: order_bound dependency=Size(K) < 2^target excludes weak-GP8.
  checked=425 top_class=3 local_index=1425 size=
128 struct=((C4 x C2) : C2) : D8
    shortcut: order_bound dependency=Size(K) < 2^target excludes weak-GP8.
    shortcut: order_bound dependency=Size(K) < 2^target excludes weak-GP8.
    shortcut: order_bound dependency=Size(K) < 2^target excludes weak-GP8.
    shortcut: order_bound dependency=Size(K) < 2^target excludes weak-GP8.
    shortcut: order_bound dependency=Size(K) < 2^target excludes weak-GP8.
    shortcut: order_bound dependency=Size(K) < 2^target excludes weak-GP8.
    shortcut: order_bound dependency=Size(K) < 2^target excludes weak-GP8.
    shortcut: order_bound dependency=Size(K) < 2^target excludes weak-GP8.
    shortcut: order_bound dependency=Size(K) < 2^target excludes weak-GP8.
    shortcut: order_bound dependency=Size(K) < 2^target excludes weak-GP8.
    shortcut: order_bound dependency=Size(K) < 2^target excludes weak-GP8.
    shortcut: order_bound dependency=Size(K) < 2^target excludes weak-GP8.
    shortcut: order_bound dependency=Size(K) < 2^target excludes weak-GP8.
    shortcut: order_bound dependency=Size(K) < 2^target excludes weak-GP8.
    shortcut: order_bound dependency=Size(K) < 2^target excludes weak-GP8.
    shortcut: order_bound dependency=Size(K) < 2^target excludes weak-GP8.
    shortcut: order_bound dependency=Size(K) < 2^target excludes weak-GP8.
    shortcut: order_bound dependency=Size(K) < 2^target excludes weak-GP8.
    shortcut: order_bound dependency=Size(K) < 2^target excludes weak-GP8.
    shortcut: order_bound dependency=Size(K) < 2^target excludes weak-GP8.
    shortcut: order_bound dependency=Size(K) < 2^target excludes weak-GP8.
    shortcut: order_bound dependency=Size(K) < 2^target excludes weak-GP8.
    shortcut: order_bound dependency=Size(K) < 2^target excludes weak-GP8.
    shortcut: order_bound dependency=Size(K) < 2^target excludes weak-GP8.
    shortcut: order_bound dependency=Size(K) < 2^target excludes weak-GP8.
  checked=450 top_class=3 local_index=1450 size=
128 struct=((C4 x C2) : C2) : D8
    shortcut: order_bound dependency=Size(K) < 2^target excludes weak-GP8.
    shortcut: order_bound dependency=Size(K) < 2^target excludes weak-GP8.
    shortcut: order_bound dependency=Size(K) < 2^target excludes weak-GP8.
    shortcut: order_bound dependency=Size(K) < 2^target excludes weak-GP8.
    shortcut: order_bound dependency=Size(K) < 2^target excludes weak-GP8.
    shortcut: order_bound dependency=Size(K) < 2^target excludes weak-GP8.
    shortcut: order_bound dependency=Size(K) < 2^target excludes weak-GP8.
    shortcut: order_bound dependency=Size(K) < 2^target excludes weak-GP8.
    shortcut: order_bound dependency=Size(K) < 2^target excludes weak-GP8.
    shortcut: order_bound dependency=Size(K) < 2^target excludes weak-GP8.
    shortcut: order_bound dependency=Size(K) < 2^target excludes weak-GP8.
    shortcut: order_bound dependency=Size(K) < 2^target excludes weak-GP8.
    shortcut: order_bound dependency=Size(K) < 2^target excludes weak-GP8.
    shortcut: order_bound dependency=Size(K) < 2^target excludes weak-GP8.
    shortcut: order_bound dependency=Size(K) < 2^target excludes weak-GP8.
    shortcut: order_bound dependency=Size(K) < 2^target excludes weak-GP8.
    shortcut: order_bound dependency=Size(K) < 2^target excludes weak-GP8.
    shortcut: order_bound dependency=Size(K) < 2^target excludes weak-GP8.
    shortcut: order_bound dependency=Size(K) < 2^target excludes weak-GP8.
    shortcut: order_bound dependency=Size(K) < 2^target excludes weak-GP8.
    shortcut: order_bound dependency=Size(K) < 2^target excludes weak-GP8.
    shortcut: order_bound dependency=Size(K) < 2^target excludes weak-GP8.
    shortcut: order_bound dependency=Size(K) < 2^target excludes weak-GP8.
    shortcut: order_bound dependency=Size(K) < 2^target excludes weak-GP8.
    shortcut: order_bound dependency=Size(K) < 2^target excludes weak-GP8.
  checked=475 top_class=3 local_index=1475 size=
192 struct=((C2 x C2) : ((C4 x C2) : C2)) : C3
    shortcut: order_bound dependency=Size(K) < 2^target excludes weak-GP8.
    shortcut: order_bound dependency=Size(K) < 2^target excludes weak-GP8.
    shortcut: order_bound dependency=Size(K) < 2^target excludes weak-GP8.
    shortcut: order_bound dependency=Size(K) < 2^target excludes weak-GP8.
    shortcut: order_bound dependency=Size(K) < 2^target excludes weak-GP8.
    shortcut: order_bound dependency=Size(K) < 2^target excludes weak-GP8.
    shortcut: order_bound dependency=Size(K) < 2^target excludes weak-GP8.
    shortcut: order_bound dependency=Size(K) < 2^target excludes weak-GP8.
    shortcut: order_bound dependency=Size(K) < 2^target excludes weak-GP8.
    shortcut: order_bound dependency=Size(K) < 2^target excludes weak-GP8.
    shortcut: order_bound dependency=Size(K) < 2^target excludes weak-GP8.
    shortcut: order_bound dependency=Size(K) < 2^target excludes weak-GP8.
    shortcut: order_bound dependency=Size(K) < 2^target excludes weak-GP8.
    shortcut: order_bound dependency=Size(K) < 2^target excludes weak-GP8.
    shortcut: order_bound dependency=Size(K) < 2^target excludes weak-GP8.
    shortcut: order_bound dependency=Size(K) < 2^target excludes weak-GP8.
    shortcut: order_bound dependency=Size(K) < 2^target excludes weak-GP8.
    shortcut: order_bound dependency=Size(K) < 2^target excludes weak-GP8.
    shortcut: order_bound dependency=Size(K) < 2^target excludes weak-GP8.
    shortcut: order_bound dependency=Size(K) < 2^target excludes weak-GP8.
    shortcut: order_bound dependency=Size(K) < 2^target excludes weak-GP8.
    shortcut: order_bound dependency=Size(K) < 2^target excludes weak-GP8.
    shortcut: order_bound dependency=Size(K) < 2^target excludes weak-GP8.
    shortcut: order_bound dependency=Size(K) < 2^target excludes weak-GP8.
    shortcut: order_bound dependency=Size(K) < 2^target excludes weak-GP8.
  checked=500 top_class=3 local_index=1500 size=
192 struct=C2 x C2 x ((C2 x C2 x C2 x C2) : C3)
    shortcut: order_bound dependency=Size(K) < 2^target excludes weak-GP8.
  completed M24 maximal class 3 checked=500 requested_range=[1001, 
1500] no weak-GP8 found.
Checked subgroup-class representatives = 500
SUCCESS: no proper subgroup of M24 has weak-GP
8; hence every proper subgroup has i <= 7.
