Built M24, order = 244823040
GAP version = 4.15.1
Target proper-subgroup weak-GP exclusion length = 8
Selected top maximal classes = [ 2 ]
Subgroup index range = [1, 490]
M24 maximal subgroup classes = 9
1: size=10200960 index=24 struct=M23
2: size=887040 index=276 struct=M22 : C2
3: size=322560 index=759 struct=(C2 x C2 x C2 x C2) : A8
4: size=190080 index=1288 struct=M12 : C2
5: size=138240 index=
1771 struct=(C2 x C2 x C2 x C2 x C2 x C2) : ((C3 . A6) : C2)
6: size=120960 index=2024 struct=PSL(3,4) : S3
7: size=64512 index=
3795 struct=(C2 x C2 x C2 x C2 x C2 x C2) : (PSL(3,2) x S3)
8: size=6072 index=40320 struct=PSL(2,23)
9: size=168 index=1457280 struct=PSL(3,2)
Checking M24 maximal class 2: size=887040 struct=M22 : C2 target_no_weakGP=8
  subgroup class representatives = 490 enumeration_ms=2895
  checking local_subgroup_index=1 checked_in_range=1 size=1 struct=1
  checking local_subgroup_index=25 checked_in_range=25 size=7 struct=C7
  checking local_subgroup_index=50 checked_in_range=50 size=8 struct=C4 x C2
  checking local_subgroup_index=75 checked_in_range=75 size=12 struct=A4
  checking local_subgroup_index=100 checked_in_range=100 size=
16 struct=(C4 x C2) : C2
  checking local_subgroup_index=125 checked_in_range=125 size=
16 struct=C4 : C4
  checking local_subgroup_index=150 checked_in_range=150 size=
16 struct=C2 x D8
  checking local_subgroup_index=175 checked_in_range=175 size=
24 struct=SL(2,3)
  checking local_subgroup_index=200 checked_in_range=200 size=
32 struct=(C2 x C2 x C2 x C2) : C2
  checking local_subgroup_index=225 checked_in_range=225 size=
32 struct=(C4 x C2 x C2) : C2
  checking local_subgroup_index=250 checked_in_range=250 size=
32 struct=(C4 x C2 x C2) : C2
  checking local_subgroup_index=275 checked_in_range=275 size=
42 struct=C2 x (C7 : C3)
  checking local_subgroup_index=300 checked_in_range=300 size=
48 struct=C2 x S4
  checking local_subgroup_index=325 checked_in_range=325 size=
64 struct=(C8 : (C2 x C2)) : C2
  checking local_subgroup_index=350 checked_in_range=350 size=
64 struct=(C8 : (C2 x C2)) : C2
  checking local_subgroup_index=375 checked_in_range=375 size=
96 struct=(C2 x S4) : C2
  checking local_subgroup_index=400 checked_in_range=400 size=
128 struct=((C4 x C4) : C4) : C2
  checking local_subgroup_index=425 checked_in_range=425 size=
192 struct=(((C2 x C2 x C2 x C2) : C2) : C3) : C2
  checking local_subgroup_index=450 checked_in_range=450 size=
384 struct=((((C2 x C2 x C2 x C2) : C2) : C2) : C3) : C2
  checking local_subgroup_index=475 checked_in_range=475 size=
1344 struct=(C2 x C2 x C2) : PSL(3,2)
    completed local_subgroup_index=486 elapsed_ms=2674
    completed local_subgroup_index=487 elapsed_ms=15719
    completed local_subgroup_index=488 elapsed_ms=9684
    completed local_subgroup_index=489 elapsed_ms=1084539
    completed local_subgroup_index=490 elapsed_ms=1582643
  completed M24 maximal class 2 checked=490 requested_range=[1, 
490] no weak-GP8 found.
SUCCESS: selected M24 maximal classes have no subgroup with weak-GP
8 in the checked ranges.
When run for all classes 2..9 with TargetProperUpper=8, this proves every prop\
er subgroup of M24 has i <= 7, using the previous M23 verification for class 1\
.
When run for non-exceptional classes 4,6,7,8,9 with TargetProperUpper=7, this \
excludes those classes from a hypothetical weak-GP8 family of maximal subgroup\
s of M24.
