Framework upper-bound run for M24
GAP version = 4.15.1
UB framework version = 2026-05-12-known-i-shortcut
Target weak-GP length = 8
Selected classes = [ 2, 3, 5, 7 ]
Max class 2: 276 conjugates, size 887040, M22 : C2
Max class 3: 759 conjugates, size 322560, (C2 x C2 x C2 x C2) : A8
Max class 5: 1771 conjugates, size 
138240, (C2 x C2 x C2 x C2 x C2 x C2) : ((C3 . A6) : C2)
Max class 7: 3795 conjugates, size 
64512, (C2 x C2 x C2 x C2 x C2 x C2) : (PSL(3,2) x S3)
Building conjugation action on selected maximal subgroups...
Branch minimum_selected_rank=1 class=2 first_index=1
Next orbit representatives for firstRank=1: 
[ 2, 24, 277, 278, 785, 1036, 1038, 2807, 2818 ]
Next classes: [ 2, 2, 3, 3, 3, 5, 5, 7, 7 ]
Branch minimum_selected_rank=2 class=3 first_index=277
Next orbit representatives for firstRank=2: 
[ 278, 280, 398, 1036, 1037, 1043, 2807, 2825, 3917 ]
Next classes: [ 3, 3, 3, 5, 5, 5, 7, 7, 7 ]
Branch minimum_selected_rank=3 class=5 first_index=1036
Next orbit representatives for firstRank=3: [ 1037, 1046, 1050, 2813, 2892, 
  3353 ]
Next classes: [ 5, 5, 5, 7, 7, 7 ]
Branch minimum_selected_rank=4 class=7 first_index=2807
Next orbit representatives for firstRank=4: [ 2808, 2813, 2978 ]
Next classes: [ 7, 7, 7 ]
RESULT=listed
NODES=0
NODES_BY_DEPTH=[ 0, 0, 0, 0, 0, 0, 0, 0 ]
BRANCH_STATS=[ 0, 0, 0, 0, 0, 0, 0, 0 ]
SUCCESS: framework listed next orbit representatives for M24. This is a splitt\
ing aid, not an upper-bound certificate by itself.
