
█████████████████████████████████
█████████████████████████████████
████ ▄▄▄▄▄ █▀▄▀▄█ ▀▀██ ▄▄▄▄▄ ████
████ █   █ █▀▄▀▀▀▀▀▀▀█ █   █ ████
████ █▄▄▄█ █▀ █▄█ █▀ █ █▄▄▄█ ████
████▄▄▄▄▄▄▄█▄▀ ▀▄█ ▀ █▄▄▄▄▄▄▄████
████▄▄▄ ▄█▄  ██  ▄▄▄▀▄█ █▄█ █████
████▀▄▀▀█▀▄██▀ ▀▀▄▀▄▀ ███▄█▄ ████
████▀▄▄▀█▄▄▀█▄█ ▄ ▄██ ▄ ▄▀▄ ▄████
████ █  ▄█▄▄▄█▄███▄ ▀█▄  ▄█▄ ████
████▄█▄█▄█▄█ ▄▀▀█ █▀ ▄▄▄ ▀▄██████
████ ▄▄▄▄▄ █▄█▄▀▄▄▄█ █▄█ ▀▄▄ ████
████ █   █ █ █▄  ▄▄▄▄  ▄ ▀ █▄████
████ █▄▄▄█ █  ▀▀▀█▀ ▀ ▀▀▀ ▄█ ████
████▄▄▄▄▄▄▄█▄▄▄█▄▄▄███▄▄▄▄▄▄▄████
█████████████████████████████████
█████████████████████████████████

You may need to authenticate your SSH access by visiting the e-Research Portal:

https://portal.er.kcl.ac.uk/mfa/
srun: job 33815530 queued and waiting for resources
srun: job 33815530 has been allocated resources
Built M24, order = 244823040
GAP version = 4.15.1
Target proper-subgroup weak-GP exclusion length = 8
Selected top maximal classes = [ 3 ]
Subgroup index range = [1500, 1766]
M24 maximal subgroup classes = 9
1: size=10200960 index=24 struct=M23
2: size=887040 index=276 struct=M22 : C2
3: size=322560 index=759 struct=(C2 x C2 x C2 x C2) : A8
4: size=190080 index=1288 struct=M12 : C2
5: size=138240 index=
1771 struct=(C2 x C2 x C2 x C2 x C2 x C2) : ((C3 . A6) : C2)
6: size=120960 index=2024 struct=PSL(3,4) : S3
7: size=64512 index=
3795 struct=(C2 x C2 x C2 x C2 x C2 x C2) : (PSL(3,2) x S3)
8: size=6072 index=40320 struct=PSL(2,23)
9: size=168 index=1457280 struct=PSL(3,2)
Checking M24 maximal class 3: size=
322560 struct=(C2 x C2 x C2 x C2) : A8 target_no_weakGP=8
  subgroup class representatives = 1766 enumeration_ms=16604
  checking local_subgroup_index=1500 checked_in_range=1 size=
192 struct=(((C2 x C2 x C2) : (C2 x C2)) : C3) : C2
  checking local_subgroup_index=1501 checked_in_range=2 size=
192
  struct=C2 . (((C2 x C2 x C2 x C2) : C3) : C2) = (((C2 x C2 x C2) : (C2 x C2)\
) : C3) . C2
  checking local_subgroup_index=1502 checked_in_range=3 size=
192 struct=(((C2 x C2 x C2) : (C2 x C2)) : C3) : C2
  checking local_subgroup_index=1503 checked_in_range=4 size=
192 struct=C2 x (((C2 x C2 x C2 x C2) : C3) : C2)
  checking local_subgroup_index=1504 checked_in_range=5 size=
192 struct=(((C4 x C2 x C2) : C2) : C2) : C3
  checking local_subgroup_index=1505 checked_in_range=6 size=
192 struct=(((C2 x C2 x C2) : (C2 x C2)) : C3) : C2
  checking local_subgroup_index=1506 checked_in_range=7 size=
192 struct=C2 x (((C2 x C2 x C2 x C2) : C2) : C3)
  checking local_subgroup_index=1507 checked_in_range=8 size=
192 struct=(((C2 x C2 x C2) : (C2 x C2)) : C3) : C2
  checking local_subgroup_index=1508 checked_in_range=9 size=
192 struct=((C2 x C2 x C2 x C2) : C3) : C4
  checking local_subgroup_index=1509 checked_in_range=10 size=
192 struct=(((C2 x C2 x C2 x C2) : C3) : C2) : C2
  checking local_subgroup_index=1510 checked_in_range=11 size=
192 struct=(((C2 x C2 x C2) : (C2 x C2)) : C3) : C2
  checking local_subgroup_index=1511 checked_in_range=12 size=
192 struct=(((C2 x C2 x C2 x C2) : C3) : C2) : C2
  checking local_subgroup_index=1512 checked_in_range=13 size=
192 struct=(((C2 x Q8) : C2) : C2) : C3
  checking local_subgroup_index=1513 checked_in_range=14 size=
192 struct=C2 x (((C2 x C2 x C2 x C2) : C3) : C2)
  checking local_subgroup_index=1514 checked_in_range=15 size=
192 struct=(((C2 x C2 x C2) : (C2 x C2)) : C3) : C2
  checking local_subgroup_index=1515 checked_in_range=16 size=
192 struct=C2 x (((C2 x C2 x C2 x C2) : C3) : C2)
  checking local_subgroup_index=1516 checked_in_range=17 size=
192 struct=(((C2 x C2 x C2) : (C2 x C2)) : C3) : C2
  checking local_subgroup_index=1517 checked_in_range=18 size=
192 struct=(((C4 x C4) : C2) : C2) : C3
  checking local_subgroup_index=1518 checked_in_range=19 size=
192 struct=C2 x (((C2 x C2 x C2) : (C2 x C2)) : C3)
  checking local_subgroup_index=1519 checked_in_range=20 size=
192 struct=(((C4 x C4) : C2) : C2) : C3
  checking local_subgroup_index=1520 checked_in_range=21 size=
192 struct=(((C4 x C4) : C2) : C2) : C3
  checking local_subgroup_index=1521 checked_in_range=22 size=
192 struct=C2 x (((C2 x C2 x C2) : (C2 x C2)) : C3)
  checking local_subgroup_index=1522 checked_in_range=23 size=
192 struct=(((C2 x C2 x C2 x C2) : C2) : C3) : C2
  checking local_subgroup_index=1523 checked_in_range=24 size=
192 struct=(((C2 x C2 x C2 x C2) : C2) : C3) : C2
  checking local_subgroup_index=1524 checked_in_range=25 size=
192 struct=(((C4 x C4) : C3) : C2) : C2
  checking local_subgroup_index=1525 checked_in_range=26 size=
192 struct=(((C2 x C2 x C2 x C2) : C2) : C2) : C3
  checking local_subgroup_index=1526 checked_in_range=27 size=
192 struct=((C4 x C4) : C3) : C4
  checking local_subgroup_index=1527 checked_in_range=28 size=
192 struct=((C2 x C2 x C2 x C2) : C3) : C4
  checking local_subgroup_index=1528 checked_in_range=29 size=
192 struct=(((C2 x C2 x C2 x C2) : C3) : C2) : C2
  checking local_subgroup_index=1529 checked_in_range=30 size=
192 struct=((C2 x C2 x C2 x C2) : C3) : C4
  checking local_subgroup_index=1530 checked_in_range=31 size=
192 struct=(((C2 x C2 x C2 x C2) : C2) : C3) : C2
  checking local_subgroup_index=1531 checked_in_range=32 size=
192 struct=C2 x (((C2 x C2 x C2 x C2) : C3) : C2)
  checking local_subgroup_index=1532 checked_in_range=33 size=
192 struct=(((C2 x Q8) : C2) : C2) : C3
  checking local_subgroup_index=1533 checked_in_range=34 size=
192 struct=(((C2 x C2 x C2 x C2) : C2) : C2) : C3
  checking local_subgroup_index=1534 checked_in_range=35 size=
192 struct=(((C2 x C2 x C2 x C2) : C3) : C2) : C2
  checking local_subgroup_index=1535 checked_in_range=36 size=
192 struct=S4 x D8
  checking local_subgroup_index=1536 checked_in_range=37 size=
192 struct=S4 x D8
  checking local_subgroup_index=1537 checked_in_range=38 size=
192 struct=S4 x D8
  checking local_subgroup_index=1538 checked_in_range=39 size=
192 struct=(((C2 x C2 x C2 x C2) : C3) : C2) : C2
  checking local_subgroup_index=1539 checked_in_range=40 size=
192 struct=(((C2 x Q8) : C2) : C2) : C3
  checking local_subgroup_index=1540 checked_in_range=41 size=
240 struct=(C2 x C2 x C2 x C2) : C15
  checking local_subgroup_index=1541 checked_in_range=42 size=
256 struct=(C2 x C2 x ((C2 x C2 x C2 x C2) : C2)) : C2
  checking local_subgroup_index=1542 checked_in_range=43 size=
256 struct=((D8 x D8) : C2) : C2
  checking local_subgroup_index=1543 checked_in_range=44 size=
256 struct=(C2 x C2 x ((C2 x C2 x C2 x C2) : C2)) : C2
  checking local_subgroup_index=1544 checked_in_range=45 size=
256 struct=((C2 x ((C2 x C2 x C2) : C4)) : C2) : C2
  checking local_subgroup_index=1545 checked_in_range=46 size=
256 struct=(C2 x C2 x ((C2 x C2 x C2 x C2) : C2)) : C2
  checking local_subgroup_index=1546 checked_in_range=47 size=
256 struct=(((C2 x ((C4 x C2) : C2)) : C2) : C2) : C2
  checking local_subgroup_index=1547 checked_in_range=48 size=
256 struct=((C2 x ((C2 x C2 x C2) : C4)) : C2) : C2
  checking local_subgroup_index=1548 checked_in_range=49 size=
256 struct=(C2 x (((C2 x C2 x C2 x C2) : C2) : C2)) : C2
  checking local_subgroup_index=1549 checked_in_range=50 size=
256 struct=((C2 x ((C2 x C2 x C2) : C4)) : C2) : C2
  checking local_subgroup_index=1550 checked_in_range=51 size=
256 struct=((((C2 x C2 x C2 x C2) : C2) : C2) : C2) : C2
  checking local_subgroup_index=1551 checked_in_range=52 size=
256 struct=((D8 x D8) : C2) : C2
  checking local_subgroup_index=1552 checked_in_range=53 size=
256 struct=((C2 x C2 x C2 x D8) : C2) : C2
  checking local_subgroup_index=1553 checked_in_range=54 size=
256 struct=((C2 x ((C2 x C2 x C2) : C4)) : C2) : C2
  checking local_subgroup_index=1554 checked_in_range=55 size=
256 struct=((C2 x C2 x ((C4 x C2) : C2)) : C2) : C2
  checking local_subgroup_index=1555 checked_in_range=56 size=
256 struct=(C2 x (((C2 x C2 x C2 x C2) : C2) : C2)) : C2
  checking local_subgroup_index=1556 checked_in_range=57 size=
256 struct=((C2 x ((C2 x C2 x C2) : C4)) : C2) : C2
  checking local_subgroup_index=1557 checked_in_range=58 size=
256 struct=(C2 x (((C2 x C2 x C2) : (C2 x C2)) : C2)) : C2
  checking local_subgroup_index=1558 checked_in_range=59 size=
256 struct=((((C2 x C2 x C2) : C4) : C2) : C2) : C2
  checking local_subgroup_index=1559 checked_in_range=60 size=
256 struct=((((C4 x C2 x C2) : C2) : C2) : C2) : C2
  checking local_subgroup_index=1560 checked_in_range=61 size=
256 struct=((C2 x ((C8 : C2) : C2)) : C2) : C2
  checking local_subgroup_index=1561 checked_in_range=62 size=
256 struct=((D8 x D8) : C2) : C2
  checking local_subgroup_index=1562 checked_in_range=63 size=
256 struct=((C2 x ((C2 x C2 x C2) : C4)) : C2) : C2
  checking local_subgroup_index=1563 checked_in_range=64 size=
256 struct=(C2 x ((C2 x C2 x C2) : C4)) : C4
  checking local_subgroup_index=1564 checked_in_range=65 size=
256 struct=((C2 x ((C4 x C2) : C2)) : C2) : C4
  checking local_subgroup_index=1565 checked_in_range=66 size=
256 struct=((C2 x ((C8 : C2) : C2)) : C2) : C2
  checking local_subgroup_index=1566 checked_in_range=67 size=
256 struct=((C2 x ((C2 x C2 x C2) : C4)) : C2) : C2
  checking local_subgroup_index=1567 checked_in_range=68 size=
256 struct=((((C2 x C2 x C2 x C2) : C2) : C2) : C2) : C2
  checking local_subgroup_index=1568 checked_in_range=69 size=
256 struct=((C2 x ((C8 : C2) : C2)) : C2) : C2
  checking local_subgroup_index=1569 checked_in_range=70 size=
256 struct=((C2 x ((C8 : C2) : C2)) : C2) : C2
  checking local_subgroup_index=1570 checked_in_range=71 size=
256 struct=((C2 x ((C2 x C2 x C2) : C4)) : C2) : C2
  checking local_subgroup_index=1571 checked_in_range=72 size=
256 struct=((C2 x C2 x ((C4 x C2) : C2)) : C2) : C2
  checking local_subgroup_index=1572 checked_in_range=73 size=
256 struct=(C2 x ((C2 x C2 x C2) : C4)) : C4
  checking local_subgroup_index=1573 checked_in_range=74 size=
256 struct=(C2 x ((C2 x C2 x C2) : C4)) : C4
  checking local_subgroup_index=1574 checked_in_range=75 size=
256 struct=((C2 x C2 x ((C4 x C2) : C2)) : C2) : C2
  checking local_subgroup_index=1575 checked_in_range=76 size=
256 struct=((C2 x ((C2 x C2 x C2) : C4)) : C2) : C2
  checking local_subgroup_index=1576 checked_in_range=77 size=
256 struct=((C2 x ((C2 x C2 x C2) : C4)) : C2) : C2
  checking local_subgroup_index=1577 checked_in_range=78 size=
256 struct=(C2 x (((C2 x C2 x C2) : (C2 x C2)) : C2)) : C2
  checking local_subgroup_index=1578 checked_in_range=79 size=
256 struct=((D8 x D8) : C2) : C2
  checking local_subgroup_index=1579 checked_in_range=80 size=
256 struct=((C2 x ((C2 x C2 x C2) : C4)) : C2) : C2
  checking local_subgroup_index=1580 checked_in_range=81 size=
256 struct=(C2 x (((C2 x C2 x C2) : (C2 x C2)) : C2)) : C2
  checking local_subgroup_index=1581 checked_in_range=82 size=
256 struct=(((C4 x D8) : C2) : C2) : C2
  checking local_subgroup_index=1582 checked_in_range=83 size=
256 struct=((D8 x D8) : C2) : C2
  checking local_subgroup_index=1583 checked_in_range=84 size=
256 struct=(((C4 x D8) : C2) : C2) : C2
  checking local_subgroup_index=1584 checked_in_range=85 size=
256 struct=((C2 x ((C2 x C2 x C2) : C4)) : C2) : C2
  checking local_subgroup_index=1585 checked_in_range=86 size=
256 struct=((((C4 x C2 x C2) : C2) : C2) : C2) : C2
  checking local_subgroup_index=1586 checked_in_range=87 size=
256 struct=(C2 x C2 x ((C2 x C2 x C2 x C2) : C2)) : C2
  checking local_subgroup_index=1587 checked_in_range=88 size=
256 struct=((C2 x ((C2 x C2 x C2 x C2) : C2)) : C2) : C2
  checking local_subgroup_index=1588 checked_in_range=89 size=
256 struct=((C2 x ((C8 : C2) : C2)) : C2) : C2
  checking local_subgroup_index=1589 checked_in_range=90 size=
256 struct=((C2 x ((C8 : C2) : C2)) : C2) : C2
  checking local_subgroup_index=1590 checked_in_range=91 size=
256 struct=(((C2 x ((C4 x C2) : C2)) : C2) : C2) : C2
  checking local_subgroup_index=1591 checked_in_range=92 size=
256 struct=((C2 x C2 x ((C4 x C2) : C2)) : C2) : C2
  checking local_subgroup_index=1592 checked_in_range=93 size=
288 struct=(A4 x A4) : C2
  checking local_subgroup_index=1593 checked_in_range=94 size=
288 struct=(((C2 x C2 x C2 x C2) : C3) : C2) : C3
  checking local_subgroup_index=1594 checked_in_range=95 size=
288 struct=S4 x A4
  checking local_subgroup_index=1595 checked_in_range=96 size=
288 struct=(A4 x A4) : C2
  checking local_subgroup_index=1596 checked_in_range=97 size=
288 struct=(A4 x A4) : C2
  checking local_subgroup_index=1597 checked_in_range=98 size=
288 struct=(A4 x A4) : C2
  checking local_subgroup_index=1598 checked_in_range=99 size=
288 struct=(A4 x A4) : C2
  checking local_subgroup_index=1599 checked_in_range=100 size=
320 struct=((C2 x C2 x C2 x C2) : C5) : C4
  checking local_subgroup_index=1600 checked_in_range=101 size=
336 struct=C2 x ((C2 x C2 x C2) : (C7 : C3))
  checking local_subgroup_index=1601 checked_in_range=102 size=
336 struct=C2 x PSL(3,2)
  checking local_subgroup_index=1602 checked_in_range=103 size=
336 struct=SL(2,7)
  checking local_subgroup_index=1603 checked_in_range=104 size=
336 struct=C2 x ((C2 x C2 x C2) : (C7 : C3))
  checking local_subgroup_index=1604 checked_in_range=105 size=
336 struct=C2 x PSL(3,2)
  checking local_subgroup_index=1605 checked_in_range=106 size=
336 struct=C2 x PSL(3,2)
  checking local_subgroup_index=1606 checked_in_range=107 size=360 struct=A6
  checking local_subgroup_index=1607 checked_in_range=108 size=360 struct=A6
  checking local_subgroup_index=1608 checked_in_range=109 size=
360 struct=A5 : S3
  checking local_subgroup_index=1609 checked_in_range=110 size=
384 struct=((C2 x C2 x C2 x C2 x C2 x C2) : C3) : C2
  checking local_subgroup_index=1610 checked_in_range=111 size=
384 struct=(C2 x C2 x ((C2 x C2 x C2 x C2) : C2)) : C3
  checking local_subgroup_index=1611 checked_in_range=112 size=
384 struct=((C2 x C2 x C2 x C2 x C2 x C2) : C3) : C2
  checking local_subgroup_index=1612 checked_in_range=113 size=
384 struct=C2 x C2 x (((C2 x C2 x C2 x C2) : C3) : C2)
  checking local_subgroup_index=1613 checked_in_range=114 size=
384 struct=(C2 x C2 x ((C2 x C2 x C2 x C2) : C2)) : C3
  checking local_subgroup_index=1614 checked_in_range=115 size=
384 struct=((((C2 x C2 x C2 x C2) : C2) : C2) : C2) : C3
  checking local_subgroup_index=1615 checked_in_range=116 size=
384 struct=((C2 x C2 x C2 x C2 x C2 x C2) : C3) : C2
  checking local_subgroup_index=1616 checked_in_range=117 size=
384 struct=((((C4 x C2 x C2) : C2) : C2) : C3) : C2
  checking local_subgroup_index=1617 checked_in_range=118 size=
384 struct=((((C2 x C2 x C2 x C2) : C2) : C2) : C3) : C2
  checking local_subgroup_index=1618 checked_in_range=119 size=
384 struct=((((C2 x C2 x C2 x C2) : C2) : C2) : C3) : C2
  checking local_subgroup_index=1619 checked_in_range=120 size=
384 struct=C2 x ((((C2 x C2 x C2) : (C2 x C2)) : C3) : C2)
  checking local_subgroup_index=1620 checked_in_range=121 size=
384
  struct=(C2 . (((C2 x C2 x C2 x C2) : C3) : C2) = (((C2 x C2 x C2) : (C2 x C2\
)) : C3) . C2) : C2
  checking local_subgroup_index=1621 checked_in_range=122 size=
384 struct=(C2 x (((C2 x C2 x C2 x C2) : C2) : C3)) : C2
  checking local_subgroup_index=1622 checked_in_range=123 size=
384 struct=((C2 x ((C2 x C2 x C2) : (C2 x C2))) : C2) : C3
  checking local_subgroup_index=1623 checked_in_range=124 size=
384 struct=((((C4 x C2 x C2) : C2) : C2) : C3) : C2
  checking local_subgroup_index=1624 checked_in_range=125 size=
384 struct=C2 x ((((C2 x C2 x C2) : (C2 x C2)) : C3) : C2)
  checking local_subgroup_index=1625 checked_in_range=126 size=
384 struct=(C2 x (((C2 x C2 x C2) : (C2 x C2)) : C3)) : C2
  checking local_subgroup_index=1626 checked_in_range=127 size=
384 struct=((C2 x C2 x C2 x C2 x C2 x C2) : C2) : C3
  checking local_subgroup_index=1627 checked_in_range=128 size=
384 struct=(((C2 x ((C4 x C2) : C2)) : C2) : C3) : C2
  checking local_subgroup_index=1628 checked_in_range=129 size=
384 struct=(((C2 x ((C4 x C2) : C2)) : C2) : C3) : C2
  checking local_subgroup_index=1629 checked_in_range=130 size=
384 struct=(C2 x (((C2 x C2 x C2) : (C2 x C2)) : C3)) : C2
  checking local_subgroup_index=1630 checked_in_range=131 size=
384 struct=C2 x ((((C2 x C2 x C2 x C2) : C3) : C2) : C2)
  checking local_subgroup_index=1631 checked_in_range=132 size=
384 struct=((((C2 x C2 x C2) : (C2 x C2)) : C3) : C2) : C2
  checking local_subgroup_index=1632 checked_in_range=133 size=
384 struct=C2 x ((((C2 x C2 x C2 x C2) : C2) : C3) : C2)
  checking local_subgroup_index=1633 checked_in_range=134 size=
384 struct=C2 x C2 x (((C2 x C2 x C2 x C2) : C3) : C2)
  checking local_subgroup_index=1634 checked_in_range=135 size=
384 struct=((C2 x ((C2 x C2 x C2) : (C2 x C2))) : C2) : C3
  checking local_subgroup_index=1635 checked_in_range=136 size=
384 struct=(C2 x (((C2 x C2 x C2) : (C2 x C2)) : C3)) : C2
  checking local_subgroup_index=1636 checked_in_range=137 size=
384 struct=C2 x ((((C2 x C2 x C2) : (C2 x C2)) : C3) : C2)
  checking local_subgroup_index=1637 checked_in_range=138 size=
384 struct=(C2 x (((C2 x C2 x C2) : (C2 x C2)) : C3)) : C2
  checking local_subgroup_index=1638 checked_in_range=139 size=
384 struct=(C2 x C2 x ((C2 x C2 x C2 x C2) : C3)) : C2
  checking local_subgroup_index=1639 checked_in_range=140 size=
384 struct=(((C2 x ((C4 x C2) : C2)) : C2) : C3) : C2
  checking local_subgroup_index=1640 checked_in_range=141 size=
384 struct=((C2 x ((C2 x C2 x C2 x C2) : C2)) : C2) : C3
  checking local_subgroup_index=1641 checked_in_range=142 size=
384 struct=((((C2 x C2 x C2 x C2) : C2) : C2) : C2) : C3
  checking local_subgroup_index=1642 checked_in_range=143 size=
384 struct=((((C2 x C2 x C2 x C2) : C2) : C2) : C3) : C2
  checking local_subgroup_index=1643 checked_in_range=144 size=
384 struct=((((C2 x C2 x C2) : (C2 x C2)) : C3) : C2) : C2
  checking local_subgroup_index=1644 checked_in_range=145 size=
384 struct=(C2 x (((C2 x C2 x C2 x C2) : C3) : C2)) : C2
  checking local_subgroup_index=1645 checked_in_range=146 size=
384
  struct=(C2 . (((C2 x C2 x C2 x C2) : C3) : C2) = (((C2 x C2 x C2) : (C2 x C2\
)) : C3) . C2) : C2
  checking local_subgroup_index=1646 checked_in_range=147 size=
384 struct=(C2 x (((C2 x C2 x C2 x C2) : C3) : C2)) : C2
  checking local_subgroup_index=1647 checked_in_range=148 size=
384 struct=(((C2 x C2 x C2 x C2) : C3) : C4) : C2
  checking local_subgroup_index=1648 checked_in_range=149 size=
384 struct=C2 x ((((C2 x C2 x C2) : (C2 x C2)) : C3) : C2)
  checking local_subgroup_index=1649 checked_in_range=150 size=
384 struct=(C2 x (((C2 x C2 x C2 x C2) : C3) : C2)) : C2
  checking local_subgroup_index=1650 checked_in_range=151 size=
384 struct=(C2 x (((C2 x C2 x C2 x C2) : C3) : C2)) : C2
  checking local_subgroup_index=1651 checked_in_range=152 size=
384 struct=((((C2 x C2 x C2 x C2) : C2) : C2) : C3) : C2
  checking local_subgroup_index=1652 checked_in_range=153 size=
384 struct=((((C4 x C2) : C2) : C4) : C2) : C3
  checking local_subgroup_index=1653 checked_in_range=154 size=
384 struct=((((C4 x C4) : C2) : C2) : C3) : C2
  checking local_subgroup_index=1654 checked_in_range=155 size=
384 struct=C2 x ((((C2 x C2 x C2) : (C2 x C2)) : C3) : C2)
  checking local_subgroup_index=1655 checked_in_range=156 size=
384 struct=C2 x ((((C2 x C2 x C2) : (C2 x C2)) : C3) : C2)
  checking local_subgroup_index=1656 checked_in_range=157 size=
384 struct=((((C2 x C2 x C2 x C2) : C2) : C2) : C3) : C2
  checking local_subgroup_index=1657 checked_in_range=158 size=
384 struct=((((C2 x C2 x C2 x C2) : C2) : C2) : C3) : C2
  checking local_subgroup_index=1658 checked_in_range=159 size=
384 struct=((((C2 x C2 x C2 x C2) : C2) : C2) : C3) : C2
  checking local_subgroup_index=1659 checked_in_range=160 size=
384 struct=((((C4 x C4) : C3) : C2) : C2) : C2
  checking local_subgroup_index=1660 checked_in_range=161 size=
384 struct=(((C2 x C2 x C2 x C2) : C3) : C4) : C2
  checking local_subgroup_index=1661 checked_in_range=162 size=
384 struct=((((C4 x C2) : C2) : C4) : C2) : C3
  checking local_subgroup_index=1662 checked_in_range=163 size=
384 struct=((((C4 x C4) : C2) : C2) : C3) : C2
  checking local_subgroup_index=1663 checked_in_range=164 size=
448 struct=(C2 x C2 x C2 x C2 x C2 x C2) : C7
  checking local_subgroup_index=1664 checked_in_range=165 size=
480 struct=(((C2 x C2 x C2 x C2) : C5) : C2) : C3
  checking local_subgroup_index=1665 checked_in_range=166 size=
512 struct=(((C2 x ((C2 x C2 x C2 x C2) : C2)) : C2) : C2) : C2
  checking local_subgroup_index=1666 checked_in_range=167 size=
512 struct=(((D8 x D8) : C2) : C2) : C2
  checking local_subgroup_index=1667 checked_in_range=168 size=
512 struct=((C2 x (((C2 x C2 x C2 x C2) : C2) : C2)) : C2) : C2
  checking local_subgroup_index=1668 checked_in_range=169 size=
512 struct=((((C4 x D8) : C2) : C2) : C2) : C2
  checking local_subgroup_index=1669 checked_in_range=170 size=
512 struct=(((C2 x C2 x C2 x C2 x C2 x C2) : C2) : C2) : C2
  checking local_subgroup_index=1670 checked_in_range=171 size=
512 struct=((((C4 x D8) : C2) : C2) : C2) : C2
  checking local_subgroup_index=1671 checked_in_range=172 size=
512 struct=((C2 x ((C2 x C2 x C2) : C4)) : C4) : C2
  checking local_subgroup_index=1672 checked_in_range=173 size=
512 struct=(((C2 x ((C2 x C2 x C2 x C2) : C2)) : C2) : C2) : C2
  checking local_subgroup_index=1673 checked_in_range=174 size=
512 struct=((((C2 x ((C4 x C2) : C2)) : C2) : C2) : C2) : C2
  checking local_subgroup_index=1674 checked_in_range=175 size=
512 struct=(((((C2 x C2 x C2 x C2) : C2) : C2) : C2) : C2) : C2
  checking local_subgroup_index=1675 checked_in_range=176 size=
512 struct=(((C2 x ((C2 x C2 x C2) : C4)) : C2) : C2) : C2
  checking local_subgroup_index=1676 checked_in_range=177 size=
512 struct=(((C2 x ((C2 x C2 x C2 x C2) : C2)) : C2) : C2) : C2
  checking local_subgroup_index=1677 checked_in_range=178 size=
512 struct=(((C2 x ((C2 x C2 x C2) : C4)) : C2) : C2) : C2
  checking local_subgroup_index=1678 checked_in_range=179 size=
512 struct=(((C2 x ((C2 x C2 x C2) : C4)) : C2) : C2) : C2
  checking local_subgroup_index=1679 checked_in_range=180 size=
512 struct=(((C2 x ((C2 x C2 x C2) : C4)) : C2) : C2) : C2
  checking local_subgroup_index=1680 checked_in_range=181 size=
576 struct=(C2 x C2 x C2 x C2 x C2 x C2) : (C3 x C3)
  checking local_subgroup_index=1681 checked_in_range=182 size=
576 struct=(A4 x A4) : C4
  checking local_subgroup_index=1682 checked_in_range=183 size=
576 struct=((A4 x A4) : C2) : C2
  checking local_subgroup_index=1683 checked_in_range=184 size=
576 struct=(((C2 x C2 x C2 x C2) : C2) : C2) : (C3 x C3)
  checking local_subgroup_index=1684 checked_in_range=185 size=
576 struct=S4 x S4
  checking local_subgroup_index=1685 checked_in_range=186 size=
576 struct=((A4 x A4) : C2) : C2
  checking local_subgroup_index=1686 checked_in_range=187 size=720 struct=S6
  checking local_subgroup_index=1687 checked_in_range=188 size=720 struct=S6
  checking local_subgroup_index=1688 checked_in_range=189 size=
768 struct=((C2 x C2 x ((C2 x C2 x C2 x C2) : C2)) : C2) : C3
  checking local_subgroup_index=1689 checked_in_range=190 size=
768 struct=(((((C2 x C2 x C2 x C2) : C2) : C2) : C2) : C2) : C3
    completed local_subgroup_index=1689 elapsed_ms=4071
  checking local_subgroup_index=1690 checked_in_range=191 size=
768 struct=(((((C2 x C2 x C2 x C2) : C2) : C2) : C2) : C2) : C3
  checking local_subgroup_index=1691 checked_in_range=192 size=
768 struct=((C2 x C2 x ((C2 x C2 x C2 x C2) : C2)) : C3) : C2
  checking local_subgroup_index=1692 checked_in_range=193 size=
768 struct=(((C2 x ((C2 x C2 x C2) : C4)) : C2) : C2) : C3
  checking local_subgroup_index=1693 checked_in_range=194 size=
768 struct=((C2 x C2 x ((C2 x C2 x C2 x C2) : C2)) : C2) : C3
  checking local_subgroup_index=1694 checked_in_range=195 size=
768 struct=(((D8 x D8) : C2) : C2) : C3
    completed local_subgroup_index=1694 elapsed_ms=4163
  checking local_subgroup_index=1695 checked_in_range=196 size=
768 struct=((C2 x C2 x C2 x C2 x C2 x C2) : C3) : C4
  checking local_subgroup_index=1696 checked_in_range=197 size=
768 struct=((C2 x C2 x ((C2 x C2 x C2 x C2) : C2)) : C3) : C2
  checking local_subgroup_index=1697 checked_in_range=198 size=
768 struct=((C2 x C2 x ((C2 x C2 x C2 x C2) : C2)) : C3) : C2
  checking local_subgroup_index=1698 checked_in_range=199 size=
768 struct=((C2 x C2 x ((C2 x C2 x C2 x C2) : C2)) : C3) : C2
  checking local_subgroup_index=1699 checked_in_range=200 size=
768 struct=(((C2 x C2 x C2 x C2 x C2 x C2) : C3) : C2) : C2
  checking local_subgroup_index=1700 checked_in_range=201 size=
768 struct=(((((C2 x C2 x C2 x C2) : C2) : C2) : C3) : C2) : C2
  checking local_subgroup_index=1701 checked_in_range=202 size=
768 struct=((((C2 x C2 x C2 x C2) : C2) : C2) : C3) : C4
  checking local_subgroup_index=1702 checked_in_range=203 size=
768 struct=((C2 x (((C2 x C2 x C2 x C2) : C2) : C3)) : C2) : C2
  checking local_subgroup_index=1703 checked_in_range=204 size=
768 struct=(((((C2 x C2 x C2 x C2) : C2) : C2) : C3) : C2) : C2
  checking local_subgroup_index=1704 checked_in_range=205 size=
768 struct=(C2 x ((((C2 x C2 x C2) : (C2 x C2)) : C3) : C2)) : C2
  checking local_subgroup_index=1705 checked_in_range=206 size=
768 struct=(C2 x C2 x (((C2 x C2 x C2 x C2) : C3) : C2)) : C2
  checking local_subgroup_index=1706 checked_in_range=207 size=
768 struct=(C2 x ((((C2 x C2 x C2) : (C2 x C2)) : C3) : C2)) : C2
  checking local_subgroup_index=1707 checked_in_range=208 size=
896 struct=((C2 x ((C2 x C2 x C2 x C2) : C2)) : C2) : C7
  checking local_subgroup_index=1708 checked_in_range=209 size=
896 struct=((C2 x ((C2 x C2 x C2) : (C2 x C2))) : C2) : C7
  checking local_subgroup_index=1709 checked_in_range=210 size=
960 struct=(C2 x C2 x C2 x C2) : A5
  checking local_subgroup_index=1710 checked_in_range=211 size=
960 struct=(C2 x C2 x C2 x C2) : A5
  checking local_subgroup_index=1711 checked_in_range=212 size=
960 struct=((C2 x C2 x C2 x C2) : C15) : C4
  checking local_subgroup_index=1712 checked_in_range=213 size=
1024 struct=(((C2 x (((C2 x C2 x C2) : (C2 x C2)) : C2)) : C2) : C2) : C2
  checking local_subgroup_index=1713 checked_in_range=214 size=
1152 struct=((C2 x C2 x C2 x C2 x C2 x C2) : (C3 x C3)) : C2
  checking local_subgroup_index=1714 checked_in_range=215 size=
1152 struct=((C2 x C2 x C2 x C2 x C2 x C2) : (C3 x C3)) : C2
  checking local_subgroup_index=1715 checked_in_range=216 size=
1152 struct=((C2 x C2 x C2 x C2 x C2 x C2) : (C3 x C3)) : C2
  checking local_subgroup_index=1716 checked_in_range=217 size=
1152 struct=((((C2 x C2 x C2 x C2) : C2) : C2) : (C3 x C3)) : C2
  checking local_subgroup_index=1717 checked_in_range=218 size=
1152 struct=(((((C2 x C2 x C2 x C2) : C3) : C2) : C3) : C2) : C2
  checking local_subgroup_index=1718 checked_in_range=219 size=
1344 struct=(C2 x C2 x C2) : PSL(3,2)
  checking local_subgroup_index=1719 checked_in_range=220 size=
1344 struct=(C2 x C2 x C2) : PSL(3,2)
  checking local_subgroup_index=1720 checked_in_range=221 size=
1344 struct=(C2 x C2 x C2) : PSL(3,2)
  checking local_subgroup_index=1721 checked_in_range=222 size=
1344 struct=(C2 x C2 x C2 x C2 x C2 x C2) : (C7 : C3)
  checking local_subgroup_index=1722 checked_in_range=223 size=
1344 struct=(C2 x C2 x C2) : PSL(3,2)
  checking local_subgroup_index=1723 checked_in_range=224 size=
1344 struct=(C2 x C2 x C2) : PSL(3,2)
  checking local_subgroup_index=1724 checked_in_range=225 size=
1536 struct=((((D8 x D8) : C2) : C2) : C3) : C2
  checking local_subgroup_index=1725 checked_in_range=226 size=
1536 struct=(((C2 x C2 x ((C2 x C2 x C2 x C2) : C2)) : C3) : C2) : C2
  checking local_subgroup_index=1726 checked_in_range=227 size=
1536 struct=((((((C2 x C2 x C2 x C2) : C2) : C2) : C2) : C2) : C2) : C3
  checking local_subgroup_index=1727 checked_in_range=228 size=
1536 struct=((((C2 x ((C2 x C2 x C2) : C4)) : C2) : C2) : C2) : C3
  checking local_subgroup_index=1728 checked_in_range=229 size=
1536 struct=(((C2 x C2 x ((C2 x C2 x C2 x C2) : C2)) : C2) : C3) : C2
  checking local_subgroup_index=1729 checked_in_range=230 size=
1536 struct=(((((C2 x C2 x D8) : C2) : C2) : C2) : C3) : C2
  checking local_subgroup_index=1730 checked_in_range=231 size=
1536 struct=(((C2 x C2 x ((C2 x C2 x C2 x C2) : C2)) : C2) : C2) : C3
  checking local_subgroup_index=1731 checked_in_range=232 size=
1536 struct=(((C2 x C2 x C2 x C2 x C2 x C2) : C3) : C4) : C2
  checking local_subgroup_index=1732 checked_in_range=233 size=
1536 struct=((((D8 x D8) : C2) : C2) : C3) : C2
  checking local_subgroup_index=1733 checked_in_range=234 size=
1536 struct=(((((C2 x C2 x D8) : C2) : C2) : C2) : C3) : C2
  checking local_subgroup_index=1734 checked_in_range=235 size=
1536 struct=(((C2 x C2 x C2 x C2 x C2 x C2) : C3) : C4) : C2
  checking local_subgroup_index=1735 checked_in_range=236 size=
1536 struct=((((C2 x C2 x C2 x C2 x C2 x C2) : C3) : C2) : C2) : C2
  checking local_subgroup_index=1736 checked_in_range=237 size=
1536 struct=(((C2 x C2 x ((C2 x C2 x C2 x C2) : C2)) : C3) : C2) : C2
  checking local_subgroup_index=1737 checked_in_range=238 size=
1536 struct=((((((C2 x C2 x C2 x C2) : C2) : C2) : C3) : C2) : C2) : C2
  checking local_subgroup_index=1738 checked_in_range=239 size=
1920 struct=(C2 x C2 x C2 x C2) : S5
    completed local_subgroup_index=1738 elapsed_ms=1012
  checking local_subgroup_index=1739 checked_in_range=240 size=
1920 struct=(C2 x C2 x C2 x C2) : S5
  checking local_subgroup_index=1740 checked_in_range=241 size=
2304 struct=(((D8 x D8) : C2) : C2) : (C3 x C3)
  checking local_subgroup_index=1741 checked_in_range=242 size=
2304 struct=(((C2 x C2 x C2 x C2 x C2 x C2) : (C3 x C3)) : C2) : C2
  checking local_subgroup_index=1742 checked_in_range=243 size=2520 struct=A7
  checking local_subgroup_index=1743 checked_in_range=244 size=
2688 struct=(C2 x C2 x C2 x C2) : PSL(3,2)
  checking local_subgroup_index=1744 checked_in_range=245 size=
2688 struct=((C2 x ((C2 x C2 x C2) : (C2 x C2))) : C2) : (C7 : C3)
  checking local_subgroup_index=1745 checked_in_range=246 size=
2688 struct=((C2 x ((C2 x C2 x C2 x C2) : C2)) : C2) : (C7 : C3)
  checking local_subgroup_index=1746 checked_in_range=247 size=
2688 struct=(C2 x C2 x C2 x C2) : PSL(3,2)
  checking local_subgroup_index=1747 checked_in_range=248 size=
2688 struct=C2 x ((C2 x C2 x C2) : PSL(3,2))
  checking local_subgroup_index=1748 checked_in_range=249 size=
2688 struct=(C2 x C2 x C2 x C2) : PSL(3,2)
  checking local_subgroup_index=1749 checked_in_range=250 size=
2688 struct=C2 x ((C2 x C2 x C2) : PSL(3,2))
  checking local_subgroup_index=1750 checked_in_range=251 size=
2880 struct=(C2 x C2 x C2 x C2) : GL(2,4)
  checking local_subgroup_index=1751 checked_in_range=252 size=
3072 struct=(((((D8 x D8) : C2) : C2) : C3) : C2) : C2
  checking local_subgroup_index=1752 checked_in_range=253 size=
3072
  struct=((((C2 x (((C2 x C2 x C2) : (C2 x C2)) : C2)) : C2) : C2) : C3) : C2
  checking local_subgroup_index=1753 checked_in_range=254 size=
3072 struct=((((C2 x C2 x ((C2 x C2 x C2 x C2) : C2)) : C3) : C2) : C2) : C2
  checking local_subgroup_index=1754 checked_in_range=255 size=
4608 struct=((((((C2 x C2 x C2 x C2) : C2) : C2) : C2) : C2) : (C3 x C3)) : C2
  checking local_subgroup_index=1755 checked_in_range=256 size=
4608 struct=((((D8 x D8) : C2) : C2) : (C3 x C3)) : C2
  checking local_subgroup_index=1756 checked_in_range=257 size=
4608 struct=((((D8 x D8) : C2) : C2) : (C3 x C3)) : C2
  checking local_subgroup_index=1757 checked_in_range=258 size=
5760 struct=(C2 x C2 x C2 x C2) : A6
  checking local_subgroup_index=1758 checked_in_range=259 size=
5760 struct=(C2 x C2 x C2 x C2) : (A5 : S3)
  checking local_subgroup_index=1759 checked_in_range=260 size=
9216 struct=((((((C2 x C2 x D8) : C2) : C2) : C2) : (C3 x C3)) : C2) : C2
    completed local_subgroup_index=1759 elapsed_ms=1146
  checking local_subgroup_index=1760 checked_in_range=261 size=
10752 struct=(C2 x C2 x C2) : ((C2 x C2 x C2) : PSL(3,2))
    completed local_subgroup_index=1760 elapsed_ms=1740
  checking local_subgroup_index=1761 checked_in_range=262 size=
11520 struct=(C2 x C2 x C2 x C2) : S6
    completed local_subgroup_index=1761 elapsed_ms=2750
  checking local_subgroup_index=1762 checked_in_range=263 size=20160 struct=A8
    completed local_subgroup_index=1762 elapsed_ms=3660
  checking local_subgroup_index=1763 checked_in_range=264 size=
21504 struct=(C2 x C2 x C2 x C2) : ((C2 x C2 x C2) : PSL(3,2))
  checking local_subgroup_index=1764 checked_in_range=265 size=
21504 struct=(C2 x C2 x C2 x C2) : ((C2 x C2 x C2) : PSL(3,2))
    completed local_subgroup_index=1764 elapsed_ms=1151
  checking local_subgroup_index=1765 checked_in_range=266 size=
40320 struct=(C2 x C2 x C2 x C2) : A7
    completed local_subgroup_index=1765 elapsed_ms=1848
  checking local_subgroup_index=1766 checked_in_range=267 size=
322560 struct=(C2 x C2 x C2 x C2) : A8
    completed local_subgroup_index=1766 elapsed_ms=31929
  completed M24 maximal class 3 checked=267 requested_range=[1500, 
1766] no weak-GP8 found.
SUCCESS: selected M24 maximal classes have no subgroup with weak-GP
8 in the checked ranges.
When run for all classes 2..9 with TargetProperUpper=8, this proves every prop\
er subgroup of M24 has i <= 7, using the previous M23 verification for class 1\
.
When run for non-exceptional classes 4,6,7,8,9 with TargetProperUpper=7, this \
excludes those classes from a hypothetical weak-GP8 family of maximal subgroup\
s of M24.
