Built M24, order = 244823040, degree = 24
GAP version = 4.15.1
Signature framework version = 2026-05-12-cleanup
Target proper-subgroup weak-GP exclusion length = 8
Subgroup index range = [2001, 2261]
UseKnownSubgroupShortcuts = true
DeduplicateBySizeStructure = false
Maximal subgroup classes = 9
1: size=10200960 index=24 struct=M23
2: size=887040 index=276 struct=M22 : C2
3: size=322560 index=759 struct=(C2 x C2 x C2 x C2) : A8
4: size=190080 index=1288 struct=M12 : C2
5: size=138240 index=
1771 struct=(C2 x C2 x C2 x C2 x C2 x C2) : ((C3 . A6) : C2)
6: size=120960 index=2024 struct=PSL(3,4) : S3
7: size=64512 index=
3795 struct=(C2 x C2 x C2 x C2 x C2 x C2) : (PSL(3,2) x S3)
8: size=6072 index=40320 struct=PSL(2,23)
9: size=168 index=1457280 struct=PSL(3,2)
Selected top maximal classes = [ 5 ]
Checking M24 maximal class 5: size=
138240
  struct=(C2 x C2 x C2 x C2 x C2 x C2) : ((C3 . A6) : C2) target_no_weakGP=8
  subgroup class representatives = 2261 enumeration_ms=15469
  checked=1 top_class=5 local_index=2001 size=
256 struct=(C2 x C2 x C2) : ((C2 x C2 x C2) : C4)
    completed local_subgroup_index=2002 elapsed_ms=3346
    completed local_subgroup_index=2023 elapsed_ms=1366
  checked=25 top_class=5 local_index=2025 size=
256 struct=(C2 x C2 x C2) : ((C2 x C2 x C2) : C4)
    completed local_subgroup_index=2045 elapsed_ms=1612
  checked=50 top_class=5 local_index=2050 size=
256 struct=(C2 x C2) : ((C4 x C2) : D8)
  checked=75 top_class=5 local_index=2075 size=
384 struct=(C2 x C2) : ((C2 x C2) : S4)
    completed local_subgroup_index=2084 elapsed_ms=1237
    completed local_subgroup_index=2087 elapsed_ms=44031
  checked=100 top_class=5 local_index=2100 size=
384 struct=C2 x ((C2 x C2 x C2) : S4)
  checked=125 top_class=5 local_index=2125 size=384 struct=(C2 x Q8) : S4
    completed local_subgroup_index=2132 elapsed_ms=2117
    completed local_subgroup_index=2143 elapsed_ms=2184
  checked=150 top_class=5 local_index=2150 size=
576 struct=(C2 x C2 x C2 x C2) : (S3 x S3)
    completed local_subgroup_index=2158 elapsed_ms=1095
    completed local_subgroup_index=2159 elapsed_ms=6588
    completed local_subgroup_index=2160 elapsed_ms=7377
    completed local_subgroup_index=2162 elapsed_ms=5905
    completed local_subgroup_index=2165 elapsed_ms=7386
  checked=175 top_class=5 local_index=2175 size=
768 struct=(C4 x C4) : (A4 : C4)
    completed local_subgroup_index=2186 elapsed_ms=1001
  checked=200 top_class=5 local_index=2200 size=
1536 struct=(C2 x C2 x C2) : ((C2 x C2 x C2) : S4)
    completed local_subgroup_index=2205 elapsed_ms=2119
    completed local_subgroup_index=2206 elapsed_ms=1098
    completed local_subgroup_index=2211 elapsed_ms=1039
    completed local_subgroup_index=2224 elapsed_ms=6816
  checked=225 top_class=5 local_index=2225 size=
2304 struct=((C2 x C2 x C2) : ((C2 x C2 x C2 x C2) : C2)) : (C3 x C3)
  checked=250 top_class=5 local_index=2250 size=
6912 struct=(C2 x C2 x C2 x C2 x C2 x C2) : (((C3 x C3) : C3) : (C2 x C2))
    completed local_subgroup_index=2260 elapsed_ms=1106
    completed local_subgroup_index=2261 elapsed_ms=2310
  completed M24 maximal class 5 checked=261 requested_range=[2001, 
2261] no weak-GP8 found.
Checked subgroup-class representatives = 261
SUCCESS: no proper subgroup of M24 has weak-GP
8; hence every proper subgroup has i <= 7.
