Built M24, order = 244823040, degree = 24
GAP version = 4.15.1
Signature framework version = 2026-05-12-cleanup
Target proper-subgroup weak-GP exclusion length = 8
Subgroup index range = [501, 1000]
UseKnownSubgroupShortcuts = true
DeduplicateBySizeStructure = false
Maximal subgroup classes = 9
1: size=10200960 index=24 struct=M23
2: size=887040 index=276 struct=M22 : C2
3: size=322560 index=759 struct=(C2 x C2 x C2 x C2) : A8
4: size=190080 index=1288 struct=M12 : C2
5: size=138240 index=
1771 struct=(C2 x C2 x C2 x C2 x C2 x C2) : ((C3 . A6) : C2)
6: size=120960 index=2024 struct=PSL(3,4) : S3
7: size=64512 index=
3795 struct=(C2 x C2 x C2 x C2 x C2 x C2) : (PSL(3,2) x S3)
8: size=6072 index=40320 struct=PSL(2,23)
9: size=168 index=1457280 struct=PSL(3,2)
Selected top maximal classes = [ 3 ]
Checking M24 maximal class 3: size=
322560 struct=(C2 x C2 x C2 x C2) : A8 target_no_weakGP=8
  subgroup class representatives = 1766 enumeration_ms=11260
  checked=1 top_class=3 local_index=501 size=24 struct=C2 x A4
    shortcut: order_bound dependency=Size(K) < 2^target excludes weak-GP8.
    shortcut: order_bound dependency=Size(K) < 2^target excludes weak-GP8.
    shortcut: order_bound dependency=Size(K) < 2^target excludes weak-GP8.
    shortcut: order_bound dependency=Size(K) < 2^target excludes weak-GP8.
    shortcut: order_bound dependency=Size(K) < 2^target excludes weak-GP8.
    shortcut: order_bound dependency=Size(K) < 2^target excludes weak-GP8.
    shortcut: order_bound dependency=Size(K) < 2^target excludes weak-GP8.
    shortcut: order_bound dependency=Size(K) < 2^target excludes weak-GP8.
    shortcut: order_bound dependency=Size(K) < 2^target excludes weak-GP8.
    shortcut: order_bound dependency=Size(K) < 2^target excludes weak-GP8.
    shortcut: order_bound dependency=Size(K) < 2^target excludes weak-GP8.
    shortcut: order_bound dependency=Size(K) < 2^target excludes weak-GP8.
    shortcut: order_bound dependency=Size(K) < 2^target excludes weak-GP8.
    shortcut: order_bound dependency=Size(K) < 2^target excludes weak-GP8.
    shortcut: order_bound dependency=Size(K) < 2^target excludes weak-GP8.
    shortcut: order_bound dependency=Size(K) < 2^target excludes weak-GP8.
    shortcut: order_bound dependency=Size(K) < 2^target excludes weak-GP8.
    shortcut: order_bound dependency=Size(K) < 2^target excludes weak-GP8.
    shortcut: order_bound dependency=Size(K) < 2^target excludes weak-GP8.
    shortcut: order_bound dependency=Size(K) < 2^target excludes weak-GP8.
    shortcut: order_bound dependency=Size(K) < 2^target excludes weak-GP8.
    shortcut: order_bound dependency=Size(K) < 2^target excludes weak-GP8.
    shortcut: order_bound dependency=Size(K) < 2^target excludes weak-GP8.
    shortcut: order_bound dependency=Size(K) < 2^target excludes weak-GP8.
  checked=25 top_class=3 local_index=525 size=32 struct=C2 x C2 x D8
    shortcut: order_bound dependency=Size(K) < 2^target excludes weak-GP8.
    shortcut: order_bound dependency=Size(K) < 2^target excludes weak-GP8.
    shortcut: order_bound dependency=Size(K) < 2^target excludes weak-GP8.
    shortcut: order_bound dependency=Size(K) < 2^target excludes weak-GP8.
    shortcut: order_bound dependency=Size(K) < 2^target excludes weak-GP8.
    shortcut: order_bound dependency=Size(K) < 2^target excludes weak-GP8.
    shortcut: order_bound dependency=Size(K) < 2^target excludes weak-GP8.
    shortcut: order_bound dependency=Size(K) < 2^target excludes weak-GP8.
    shortcut: order_bound dependency=Size(K) < 2^target excludes weak-GP8.
    shortcut: order_bound dependency=Size(K) < 2^target excludes weak-GP8.
    shortcut: order_bound dependency=Size(K) < 2^target excludes weak-GP8.
    shortcut: order_bound dependency=Size(K) < 2^target excludes weak-GP8.
    shortcut: order_bound dependency=Size(K) < 2^target excludes weak-GP8.
    shortcut: order_bound dependency=Size(K) < 2^target excludes weak-GP8.
    shortcut: order_bound dependency=Size(K) < 2^target excludes weak-GP8.
    shortcut: order_bound dependency=Size(K) < 2^target excludes weak-GP8.
    shortcut: order_bound dependency=Size(K) < 2^target excludes weak-GP8.
    shortcut: order_bound dependency=Size(K) < 2^target excludes weak-GP8.
    shortcut: order_bound dependency=Size(K) < 2^target excludes weak-GP8.
    shortcut: order_bound dependency=Size(K) < 2^target excludes weak-GP8.
    shortcut: order_bound dependency=Size(K) < 2^target excludes weak-GP8.
    shortcut: order_bound dependency=Size(K) < 2^target excludes weak-GP8.
    shortcut: order_bound dependency=Size(K) < 2^target excludes weak-GP8.
    shortcut: order_bound dependency=Size(K) < 2^target excludes weak-GP8.
    shortcut: order_bound dependency=Size(K) < 2^target excludes weak-GP8.
  checked=50 top_class=3 local_index=550 size=
32 struct=(C2 x C2 x C2 x C2) : C2
    shortcut: order_bound dependency=Size(K) < 2^target excludes weak-GP8.
    shortcut: order_bound dependency=Size(K) < 2^target excludes weak-GP8.
    shortcut: order_bound dependency=Size(K) < 2^target excludes weak-GP8.
    shortcut: order_bound dependency=Size(K) < 2^target excludes weak-GP8.
    shortcut: order_bound dependency=Size(K) < 2^target excludes weak-GP8.
    shortcut: order_bound dependency=Size(K) < 2^target excludes weak-GP8.
    shortcut: order_bound dependency=Size(K) < 2^target excludes weak-GP8.
    shortcut: order_bound dependency=Size(K) < 2^target excludes weak-GP8.
    shortcut: order_bound dependency=Size(K) < 2^target excludes weak-GP8.
    shortcut: order_bound dependency=Size(K) < 2^target excludes weak-GP8.
    shortcut: order_bound dependency=Size(K) < 2^target excludes weak-GP8.
    shortcut: order_bound dependency=Size(K) < 2^target excludes weak-GP8.
    shortcut: order_bound dependency=Size(K) < 2^target excludes weak-GP8.
    shortcut: order_bound dependency=Size(K) < 2^target excludes weak-GP8.
    shortcut: order_bound dependency=Size(K) < 2^target excludes weak-GP8.
    shortcut: order_bound dependency=Size(K) < 2^target excludes weak-GP8.
    shortcut: order_bound dependency=Size(K) < 2^target excludes weak-GP8.
    shortcut: order_bound dependency=Size(K) < 2^target excludes weak-GP8.
    shortcut: order_bound dependency=Size(K) < 2^target excludes weak-GP8.
    shortcut: order_bound dependency=Size(K) < 2^target excludes weak-GP8.
    shortcut: order_bound dependency=Size(K) < 2^target excludes weak-GP8.
    shortcut: order_bound dependency=Size(K) < 2^target excludes weak-GP8.
    shortcut: order_bound dependency=Size(K) < 2^target excludes weak-GP8.
    shortcut: order_bound dependency=Size(K) < 2^target excludes weak-GP8.
    shortcut: order_bound dependency=Size(K) < 2^target excludes weak-GP8.
  checked=75 top_class=3 local_index=575 size=32 struct=(C4 x C4) : C2
    shortcut: order_bound dependency=Size(K) < 2^target excludes weak-GP8.
    shortcut: order_bound dependency=Size(K) < 2^target excludes weak-GP8.
    shortcut: order_bound dependency=Size(K) < 2^target excludes weak-GP8.
    shortcut: order_bound dependency=Size(K) < 2^target excludes weak-GP8.
    shortcut: order_bound dependency=Size(K) < 2^target excludes weak-GP8.
    shortcut: order_bound dependency=Size(K) < 2^target excludes weak-GP8.
    shortcut: order_bound dependency=Size(K) < 2^target excludes weak-GP8.
    shortcut: order_bound dependency=Size(K) < 2^target excludes weak-GP8.
    shortcut: order_bound dependency=Size(K) < 2^target excludes weak-GP8.
    shortcut: order_bound dependency=Size(K) < 2^target excludes weak-GP8.
    shortcut: order_bound dependency=Size(K) < 2^target excludes weak-GP8.
    shortcut: order_bound dependency=Size(K) < 2^target excludes weak-GP8.
    shortcut: order_bound dependency=Size(K) < 2^target excludes weak-GP8.
    shortcut: order_bound dependency=Size(K) < 2^target excludes weak-GP8.
    shortcut: order_bound dependency=Size(K) < 2^target excludes weak-GP8.
    shortcut: order_bound dependency=Size(K) < 2^target excludes weak-GP8.
    shortcut: order_bound dependency=Size(K) < 2^target excludes weak-GP8.
    shortcut: order_bound dependency=Size(K) < 2^target excludes weak-GP8.
    shortcut: order_bound dependency=Size(K) < 2^target excludes weak-GP8.
    shortcut: order_bound dependency=Size(K) < 2^target excludes weak-GP8.
    shortcut: order_bound dependency=Size(K) < 2^target excludes weak-GP8.
    shortcut: order_bound dependency=Size(K) < 2^target excludes weak-GP8.
    shortcut: order_bound dependency=Size(K) < 2^target excludes weak-GP8.
    shortcut: order_bound dependency=Size(K) < 2^target excludes weak-GP8.
    shortcut: order_bound dependency=Size(K) < 2^target excludes weak-GP8.
  checked=100 top_class=3 local_index=600 size=32 struct=C2 x C2 x D8
    shortcut: order_bound dependency=Size(K) < 2^target excludes weak-GP8.
    shortcut: order_bound dependency=Size(K) < 2^target excludes weak-GP8.
    shortcut: order_bound dependency=Size(K) < 2^target excludes weak-GP8.
    shortcut: order_bound dependency=Size(K) < 2^target excludes weak-GP8.
    shortcut: order_bound dependency=Size(K) < 2^target excludes weak-GP8.
    shortcut: order_bound dependency=Size(K) < 2^target excludes weak-GP8.
    shortcut: order_bound dependency=Size(K) < 2^target excludes weak-GP8.
    shortcut: order_bound dependency=Size(K) < 2^target excludes weak-GP8.
    shortcut: order_bound dependency=Size(K) < 2^target excludes weak-GP8.
    shortcut: order_bound dependency=Size(K) < 2^target excludes weak-GP8.
    shortcut: order_bound dependency=Size(K) < 2^target excludes weak-GP8.
    shortcut: order_bound dependency=Size(K) < 2^target excludes weak-GP8.
    shortcut: order_bound dependency=Size(K) < 2^target excludes weak-GP8.
    shortcut: order_bound dependency=Size(K) < 2^target excludes weak-GP8.
    shortcut: order_bound dependency=Size(K) < 2^target excludes weak-GP8.
    shortcut: order_bound dependency=Size(K) < 2^target excludes weak-GP8.
    shortcut: order_bound dependency=Size(K) < 2^target excludes weak-GP8.
    shortcut: order_bound dependency=Size(K) < 2^target excludes weak-GP8.
    shortcut: order_bound dependency=Size(K) < 2^target excludes weak-GP8.
    shortcut: order_bound dependency=Size(K) < 2^target excludes weak-GP8.
    shortcut: order_bound dependency=Size(K) < 2^target excludes weak-GP8.
    shortcut: order_bound dependency=Size(K) < 2^target excludes weak-GP8.
    shortcut: order_bound dependency=Size(K) < 2^target excludes weak-GP8.
    shortcut: order_bound dependency=Size(K) < 2^target excludes weak-GP8.
    shortcut: order_bound dependency=Size(K) < 2^target excludes weak-GP8.
  checked=125 top_class=3 local_index=625 size=32 struct=C2 x ((C4 x C2) : C2)
    shortcut: order_bound dependency=Size(K) < 2^target excludes weak-GP8.
    shortcut: order_bound dependency=Size(K) < 2^target excludes weak-GP8.
    shortcut: order_bound dependency=Size(K) < 2^target excludes weak-GP8.
    shortcut: order_bound dependency=Size(K) < 2^target excludes weak-GP8.
    shortcut: order_bound dependency=Size(K) < 2^target excludes weak-GP8.
    shortcut: order_bound dependency=Size(K) < 2^target excludes weak-GP8.
    shortcut: order_bound dependency=Size(K) < 2^target excludes weak-GP8.
    shortcut: order_bound dependency=Size(K) < 2^target excludes weak-GP8.
    shortcut: order_bound dependency=Size(K) < 2^target excludes weak-GP8.
    shortcut: order_bound dependency=Size(K) < 2^target excludes weak-GP8.
    shortcut: order_bound dependency=Size(K) < 2^target excludes weak-GP8.
    shortcut: order_bound dependency=Size(K) < 2^target excludes weak-GP8.
    shortcut: order_bound dependency=Size(K) < 2^target excludes weak-GP8.
    shortcut: order_bound dependency=Size(K) < 2^target excludes weak-GP8.
    shortcut: order_bound dependency=Size(K) < 2^target excludes weak-GP8.
    shortcut: order_bound dependency=Size(K) < 2^target excludes weak-GP8.
    shortcut: order_bound dependency=Size(K) < 2^target excludes weak-GP8.
    shortcut: order_bound dependency=Size(K) < 2^target excludes weak-GP8.
    shortcut: order_bound dependency=Size(K) < 2^target excludes weak-GP8.
    shortcut: order_bound dependency=Size(K) < 2^target excludes weak-GP8.
    shortcut: order_bound dependency=Size(K) < 2^target excludes weak-GP8.
    shortcut: order_bound dependency=Size(K) < 2^target excludes weak-GP8.
    shortcut: order_bound dependency=Size(K) < 2^target excludes weak-GP8.
    shortcut: order_bound dependency=Size(K) < 2^target excludes weak-GP8.
    shortcut: order_bound dependency=Size(K) < 2^target excludes weak-GP8.
  checked=150 top_class=3 local_index=650 size=32 struct=C2 x C2 x D8
    shortcut: order_bound dependency=Size(K) < 2^target excludes weak-GP8.
    shortcut: order_bound dependency=Size(K) < 2^target excludes weak-GP8.
    shortcut: order_bound dependency=Size(K) < 2^target excludes weak-GP8.
    shortcut: order_bound dependency=Size(K) < 2^target excludes weak-GP8.
    shortcut: order_bound dependency=Size(K) < 2^target excludes weak-GP8.
    shortcut: order_bound dependency=Size(K) < 2^target excludes weak-GP8.
    shortcut: order_bound dependency=Size(K) < 2^target excludes weak-GP8.
    shortcut: order_bound dependency=Size(K) < 2^target excludes weak-GP8.
    shortcut: order_bound dependency=Size(K) < 2^target excludes weak-GP8.
    shortcut: order_bound dependency=Size(K) < 2^target excludes weak-GP8.
    shortcut: order_bound dependency=Size(K) < 2^target excludes weak-GP8.
    shortcut: order_bound dependency=Size(K) < 2^target excludes weak-GP8.
    shortcut: order_bound dependency=Size(K) < 2^target excludes weak-GP8.
    shortcut: order_bound dependency=Size(K) < 2^target excludes weak-GP8.
    shortcut: order_bound dependency=Size(K) < 2^target excludes weak-GP8.
    shortcut: order_bound dependency=Size(K) < 2^target excludes weak-GP8.
    shortcut: order_bound dependency=Size(K) < 2^target excludes weak-GP8.
    shortcut: order_bound dependency=Size(K) < 2^target excludes weak-GP8.
    shortcut: order_bound dependency=Size(K) < 2^target excludes weak-GP8.
    shortcut: order_bound dependency=Size(K) < 2^target excludes weak-GP8.
    shortcut: order_bound dependency=Size(K) < 2^target excludes weak-GP8.
    shortcut: order_bound dependency=Size(K) < 2^target excludes weak-GP8.
    shortcut: order_bound dependency=Size(K) < 2^target excludes weak-GP8.
    shortcut: order_bound dependency=Size(K) < 2^target excludes weak-GP8.
    shortcut: order_bound dependency=Size(K) < 2^target excludes weak-GP8.
  checked=175 top_class=3 local_index=675 size=32 struct=C2 x ((C4 x C2) : C2)
    shortcut: order_bound dependency=Size(K) < 2^target excludes weak-GP8.
    shortcut: order_bound dependency=Size(K) < 2^target excludes weak-GP8.
    shortcut: order_bound dependency=Size(K) < 2^target excludes weak-GP8.
    shortcut: order_bound dependency=Size(K) < 2^target excludes weak-GP8.
    shortcut: order_bound dependency=Size(K) < 2^target excludes weak-GP8.
    shortcut: order_bound dependency=Size(K) < 2^target excludes weak-GP8.
    shortcut: order_bound dependency=Size(K) < 2^target excludes weak-GP8.
    shortcut: order_bound dependency=Size(K) < 2^target excludes weak-GP8.
    shortcut: order_bound dependency=Size(K) < 2^target excludes weak-GP8.
    shortcut: order_bound dependency=Size(K) < 2^target excludes weak-GP8.
    shortcut: order_bound dependency=Size(K) < 2^target excludes weak-GP8.
    shortcut: order_bound dependency=Size(K) < 2^target excludes weak-GP8.
    shortcut: order_bound dependency=Size(K) < 2^target excludes weak-GP8.
    shortcut: order_bound dependency=Size(K) < 2^target excludes weak-GP8.
    shortcut: order_bound dependency=Size(K) < 2^target excludes weak-GP8.
    shortcut: order_bound dependency=Size(K) < 2^target excludes weak-GP8.
    shortcut: order_bound dependency=Size(K) < 2^target excludes weak-GP8.
    shortcut: order_bound dependency=Size(K) < 2^target excludes weak-GP8.
    shortcut: order_bound dependency=Size(K) < 2^target excludes weak-GP8.
    shortcut: order_bound dependency=Size(K) < 2^target excludes weak-GP8.
    shortcut: order_bound dependency=Size(K) < 2^target excludes weak-GP8.
    shortcut: order_bound dependency=Size(K) < 2^target excludes weak-GP8.
    shortcut: order_bound dependency=Size(K) < 2^target excludes weak-GP8.
    shortcut: order_bound dependency=Size(K) < 2^target excludes weak-GP8.
    shortcut: order_bound dependency=Size(K) < 2^target excludes weak-GP8.
  checked=200 top_class=3 local_index=700 size=
32 struct=(C2 x C2 x C2) : (C2 x C2)
    shortcut: order_bound dependency=Size(K) < 2^target excludes weak-GP8.
    shortcut: order_bound dependency=Size(K) < 2^target excludes weak-GP8.
    shortcut: order_bound dependency=Size(K) < 2^target excludes weak-GP8.
    shortcut: order_bound dependency=Size(K) < 2^target excludes weak-GP8.
    shortcut: order_bound dependency=Size(K) < 2^target excludes weak-GP8.
    shortcut: order_bound dependency=Size(K) < 2^target excludes weak-GP8.
    shortcut: order_bound dependency=Size(K) < 2^target excludes weak-GP8.
    shortcut: order_bound dependency=Size(K) < 2^target excludes weak-GP8.
    shortcut: order_bound dependency=Size(K) < 2^target excludes weak-GP8.
    shortcut: order_bound dependency=Size(K) < 2^target excludes weak-GP8.
    shortcut: order_bound dependency=Size(K) < 2^target excludes weak-GP8.
    shortcut: order_bound dependency=Size(K) < 2^target excludes weak-GP8.
    shortcut: order_bound dependency=Size(K) < 2^target excludes weak-GP8.
    shortcut: order_bound dependency=Size(K) < 2^target excludes weak-GP8.
    shortcut: order_bound dependency=Size(K) < 2^target excludes weak-GP8.
    shortcut: order_bound dependency=Size(K) < 2^target excludes weak-GP8.
    shortcut: order_bound dependency=Size(K) < 2^target excludes weak-GP8.
    shortcut: order_bound dependency=Size(K) < 2^target excludes weak-GP8.
    shortcut: order_bound dependency=Size(K) < 2^target excludes weak-GP8.
    shortcut: order_bound dependency=Size(K) < 2^target excludes weak-GP8.
    shortcut: order_bound dependency=Size(K) < 2^target excludes weak-GP8.
    shortcut: order_bound dependency=Size(K) < 2^target excludes weak-GP8.
    shortcut: order_bound dependency=Size(K) < 2^target excludes weak-GP8.
    shortcut: order_bound dependency=Size(K) < 2^target excludes weak-GP8.
    shortcut: order_bound dependency=Size(K) < 2^target excludes weak-GP8.
  checked=225 top_class=3 local_index=725 size=32 struct=(C4 x C2 x C2) : C2
    shortcut: order_bound dependency=Size(K) < 2^target excludes weak-GP8.
    shortcut: order_bound dependency=Size(K) < 2^target excludes weak-GP8.
    shortcut: order_bound dependency=Size(K) < 2^target excludes weak-GP8.
    shortcut: order_bound dependency=Size(K) < 2^target excludes weak-GP8.
    shortcut: order_bound dependency=Size(K) < 2^target excludes weak-GP8.
    shortcut: order_bound dependency=Size(K) < 2^target excludes weak-GP8.
    shortcut: order_bound dependency=Size(K) < 2^target excludes weak-GP8.
    shortcut: order_bound dependency=Size(K) < 2^target excludes weak-GP8.
    shortcut: order_bound dependency=Size(K) < 2^target excludes weak-GP8.
    shortcut: order_bound dependency=Size(K) < 2^target excludes weak-GP8.
    shortcut: order_bound dependency=Size(K) < 2^target excludes weak-GP8.
    shortcut: order_bound dependency=Size(K) < 2^target excludes weak-GP8.
    shortcut: order_bound dependency=Size(K) < 2^target excludes weak-GP8.
    shortcut: order_bound dependency=Size(K) < 2^target excludes weak-GP8.
    shortcut: order_bound dependency=Size(K) < 2^target excludes weak-GP8.
    shortcut: order_bound dependency=Size(K) < 2^target excludes weak-GP8.
    shortcut: order_bound dependency=Size(K) < 2^target excludes weak-GP8.
    shortcut: order_bound dependency=Size(K) < 2^target excludes weak-GP8.
    shortcut: order_bound dependency=Size(K) < 2^target excludes weak-GP8.
    shortcut: order_bound dependency=Size(K) < 2^target excludes weak-GP8.
    shortcut: order_bound dependency=Size(K) < 2^target excludes weak-GP8.
    shortcut: order_bound dependency=Size(K) < 2^target excludes weak-GP8.
    shortcut: order_bound dependency=Size(K) < 2^target excludes weak-GP8.
    shortcut: order_bound dependency=Size(K) < 2^target excludes weak-GP8.
    shortcut: order_bound dependency=Size(K) < 2^target excludes weak-GP8.
  checked=250 top_class=3 local_index=750 size=32 struct=(C4 x C2 x C2) : C2
    shortcut: order_bound dependency=Size(K) < 2^target excludes weak-GP8.
    shortcut: order_bound dependency=Size(K) < 2^target excludes weak-GP8.
    shortcut: order_bound dependency=Size(K) < 2^target excludes weak-GP8.
    shortcut: order_bound dependency=Size(K) < 2^target excludes weak-GP8.
    shortcut: order_bound dependency=Size(K) < 2^target excludes weak-GP8.
    shortcut: order_bound dependency=Size(K) < 2^target excludes weak-GP8.
    shortcut: order_bound dependency=Size(K) < 2^target excludes weak-GP8.
    shortcut: order_bound dependency=Size(K) < 2^target excludes weak-GP8.
    shortcut: order_bound dependency=Size(K) < 2^target excludes weak-GP8.
    shortcut: order_bound dependency=Size(K) < 2^target excludes weak-GP8.
    shortcut: order_bound dependency=Size(K) < 2^target excludes weak-GP8.
    shortcut: order_bound dependency=Size(K) < 2^target excludes weak-GP8.
    shortcut: order_bound dependency=Size(K) < 2^target excludes weak-GP8.
    shortcut: order_bound dependency=Size(K) < 2^target excludes weak-GP8.
    shortcut: order_bound dependency=Size(K) < 2^target excludes weak-GP8.
    shortcut: order_bound dependency=Size(K) < 2^target excludes weak-GP8.
    shortcut: order_bound dependency=Size(K) < 2^target excludes weak-GP8.
    shortcut: order_bound dependency=Size(K) < 2^target excludes weak-GP8.
    shortcut: order_bound dependency=Size(K) < 2^target excludes weak-GP8.
    shortcut: order_bound dependency=Size(K) < 2^target excludes weak-GP8.
    shortcut: order_bound dependency=Size(K) < 2^target excludes weak-GP8.
    shortcut: order_bound dependency=Size(K) < 2^target excludes weak-GP8.
    shortcut: order_bound dependency=Size(K) < 2^target excludes weak-GP8.
    shortcut: order_bound dependency=Size(K) < 2^target excludes weak-GP8.
    shortcut: order_bound dependency=Size(K) < 2^target excludes weak-GP8.
  checked=275 top_class=3 local_index=775 size=32 struct=(C4 x C2 x C2) : C2
    shortcut: order_bound dependency=Size(K) < 2^target excludes weak-GP8.
    shortcut: order_bound dependency=Size(K) < 2^target excludes weak-GP8.
    shortcut: order_bound dependency=Size(K) < 2^target excludes weak-GP8.
    shortcut: order_bound dependency=Size(K) < 2^target excludes weak-GP8.
    shortcut: order_bound dependency=Size(K) < 2^target excludes weak-GP8.
    shortcut: order_bound dependency=Size(K) < 2^target excludes weak-GP8.
    shortcut: order_bound dependency=Size(K) < 2^target excludes weak-GP8.
    shortcut: order_bound dependency=Size(K) < 2^target excludes weak-GP8.
    shortcut: order_bound dependency=Size(K) < 2^target excludes weak-GP8.
    shortcut: order_bound dependency=Size(K) < 2^target excludes weak-GP8.
    shortcut: order_bound dependency=Size(K) < 2^target excludes weak-GP8.
    shortcut: order_bound dependency=Size(K) < 2^target excludes weak-GP8.
    shortcut: order_bound dependency=Size(K) < 2^target excludes weak-GP8.
    shortcut: order_bound dependency=Size(K) < 2^target excludes weak-GP8.
    shortcut: order_bound dependency=Size(K) < 2^target excludes weak-GP8.
    shortcut: order_bound dependency=Size(K) < 2^target excludes weak-GP8.
    shortcut: order_bound dependency=Size(K) < 2^target excludes weak-GP8.
    shortcut: order_bound dependency=Size(K) < 2^target excludes weak-GP8.
    shortcut: order_bound dependency=Size(K) < 2^target excludes weak-GP8.
    shortcut: order_bound dependency=Size(K) < 2^target excludes weak-GP8.
    shortcut: order_bound dependency=Size(K) < 2^target excludes weak-GP8.
    shortcut: order_bound dependency=Size(K) < 2^target excludes weak-GP8.
    shortcut: order_bound dependency=Size(K) < 2^target excludes weak-GP8.
    shortcut: order_bound dependency=Size(K) < 2^target excludes weak-GP8.
    shortcut: order_bound dependency=Size(K) < 2^target excludes weak-GP8.
  checked=300 top_class=3 local_index=800 size=32 struct=C2 x ((C4 x C2) : C2)
    shortcut: order_bound dependency=Size(K) < 2^target excludes weak-GP8.
    shortcut: order_bound dependency=Size(K) < 2^target excludes weak-GP8.
    shortcut: order_bound dependency=Size(K) < 2^target excludes weak-GP8.
    shortcut: order_bound dependency=Size(K) < 2^target excludes weak-GP8.
    shortcut: order_bound dependency=Size(K) < 2^target excludes weak-GP8.
    shortcut: order_bound dependency=Size(K) < 2^target excludes weak-GP8.
    shortcut: order_bound dependency=Size(K) < 2^target excludes weak-GP8.
    shortcut: order_bound dependency=Size(K) < 2^target excludes weak-GP8.
    shortcut: order_bound dependency=Size(K) < 2^target excludes weak-GP8.
    shortcut: order_bound dependency=Size(K) < 2^target excludes weak-GP8.
    shortcut: order_bound dependency=Size(K) < 2^target excludes weak-GP8.
    shortcut: order_bound dependency=Size(K) < 2^target excludes weak-GP8.
    shortcut: order_bound dependency=Size(K) < 2^target excludes weak-GP8.
    shortcut: order_bound dependency=Size(K) < 2^target excludes weak-GP8.
    shortcut: order_bound dependency=Size(K) < 2^target excludes weak-GP8.
    shortcut: order_bound dependency=Size(K) < 2^target excludes weak-GP8.
    shortcut: order_bound dependency=Size(K) < 2^target excludes weak-GP8.
    shortcut: order_bound dependency=Size(K) < 2^target excludes weak-GP8.
    shortcut: order_bound dependency=Size(K) < 2^target excludes weak-GP8.
    shortcut: order_bound dependency=Size(K) < 2^target excludes weak-GP8.
    shortcut: order_bound dependency=Size(K) < 2^target excludes weak-GP8.
    shortcut: order_bound dependency=Size(K) < 2^target excludes weak-GP8.
    shortcut: order_bound dependency=Size(K) < 2^target excludes weak-GP8.
    shortcut: order_bound dependency=Size(K) < 2^target excludes weak-GP8.
    shortcut: order_bound dependency=Size(K) < 2^target excludes weak-GP8.
  checked=325 top_class=3 local_index=825 size=
32 struct=(C2 x C2 x C2 x C2) : C2
    shortcut: order_bound dependency=Size(K) < 2^target excludes weak-GP8.
    shortcut: order_bound dependency=Size(K) < 2^target excludes weak-GP8.
    shortcut: order_bound dependency=Size(K) < 2^target excludes weak-GP8.
    shortcut: order_bound dependency=Size(K) < 2^target excludes weak-GP8.
    shortcut: order_bound dependency=Size(K) < 2^target excludes weak-GP8.
    shortcut: order_bound dependency=Size(K) < 2^target excludes weak-GP8.
    shortcut: order_bound dependency=Size(K) < 2^target excludes weak-GP8.
    shortcut: order_bound dependency=Size(K) < 2^target excludes weak-GP8.
    shortcut: order_bound dependency=Size(K) < 2^target excludes weak-GP8.
    shortcut: order_bound dependency=Size(K) < 2^target excludes weak-GP8.
    shortcut: order_bound dependency=Size(K) < 2^target excludes weak-GP8.
    shortcut: order_bound dependency=Size(K) < 2^target excludes weak-GP8.
    shortcut: order_bound dependency=Size(K) < 2^target excludes weak-GP8.
    shortcut: order_bound dependency=Size(K) < 2^target excludes weak-GP8.
    shortcut: order_bound dependency=Size(K) < 2^target excludes weak-GP8.
    shortcut: order_bound dependency=Size(K) < 2^target excludes weak-GP8.
    shortcut: order_bound dependency=Size(K) < 2^target excludes weak-GP8.
    shortcut: order_bound dependency=Size(K) < 2^target excludes weak-GP8.
    shortcut: order_bound dependency=Size(K) < 2^target excludes weak-GP8.
    shortcut: order_bound dependency=Size(K) < 2^target excludes weak-GP8.
    shortcut: order_bound dependency=Size(K) < 2^target excludes weak-GP8.
    shortcut: order_bound dependency=Size(K) < 2^target excludes weak-GP8.
    shortcut: order_bound dependency=Size(K) < 2^target excludes weak-GP8.
    shortcut: order_bound dependency=Size(K) < 2^target excludes weak-GP8.
    shortcut: order_bound dependency=Size(K) < 2^target excludes weak-GP8.
  checked=350 top_class=3 local_index=850 size=32 struct=(C8 x C2) : C2
    shortcut: order_bound dependency=Size(K) < 2^target excludes weak-GP8.
    shortcut: order_bound dependency=Size(K) < 2^target excludes weak-GP8.
    shortcut: order_bound dependency=Size(K) < 2^target excludes weak-GP8.
    shortcut: order_bound dependency=Size(K) < 2^target excludes weak-GP8.
    shortcut: order_bound dependency=Size(K) < 2^target excludes weak-GP8.
    shortcut: order_bound dependency=Size(K) < 2^target excludes weak-GP8.
    shortcut: order_bound dependency=Size(K) < 2^target excludes weak-GP8.
    shortcut: order_bound dependency=Size(K) < 2^target excludes weak-GP8.
    shortcut: order_bound dependency=Size(K) < 2^target excludes weak-GP8.
    shortcut: order_bound dependency=Size(K) < 2^target excludes weak-GP8.
    shortcut: order_bound dependency=Size(K) < 2^target excludes weak-GP8.
    shortcut: order_bound dependency=Size(K) < 2^target excludes weak-GP8.
    shortcut: order_bound dependency=Size(K) < 2^target excludes weak-GP8.
    shortcut: order_bound dependency=Size(K) < 2^target excludes weak-GP8.
    shortcut: order_bound dependency=Size(K) < 2^target excludes weak-GP8.
    shortcut: order_bound dependency=Size(K) < 2^target excludes weak-GP8.
    shortcut: order_bound dependency=Size(K) < 2^target excludes weak-GP8.
    shortcut: order_bound dependency=Size(K) < 2^target excludes weak-GP8.
    shortcut: order_bound dependency=Size(K) < 2^target excludes weak-GP8.
    shortcut: order_bound dependency=Size(K) < 2^target excludes weak-GP8.
    shortcut: order_bound dependency=Size(K) < 2^target excludes weak-GP8.
    shortcut: order_bound dependency=Size(K) < 2^target excludes weak-GP8.
    shortcut: order_bound dependency=Size(K) < 2^target excludes weak-GP8.
    shortcut: order_bound dependency=Size(K) < 2^target excludes weak-GP8.
    shortcut: order_bound dependency=Size(K) < 2^target excludes weak-GP8.
  checked=375 top_class=3 local_index=875 size=48 struct=C2 x S4
    shortcut: order_bound dependency=Size(K) < 2^target excludes weak-GP8.
    shortcut: order_bound dependency=Size(K) < 2^target excludes weak-GP8.
    shortcut: order_bound dependency=Size(K) < 2^target excludes weak-GP8.
    shortcut: order_bound dependency=Size(K) < 2^target excludes weak-GP8.
    shortcut: order_bound dependency=Size(K) < 2^target excludes weak-GP8.
    shortcut: order_bound dependency=Size(K) < 2^target excludes weak-GP8.
    shortcut: order_bound dependency=Size(K) < 2^target excludes weak-GP8.
    shortcut: order_bound dependency=Size(K) < 2^target excludes weak-GP8.
    shortcut: order_bound dependency=Size(K) < 2^target excludes weak-GP8.
    shortcut: order_bound dependency=Size(K) < 2^target excludes weak-GP8.
    shortcut: order_bound dependency=Size(K) < 2^target excludes weak-GP8.
    shortcut: order_bound dependency=Size(K) < 2^target excludes weak-GP8.
    shortcut: order_bound dependency=Size(K) < 2^target excludes weak-GP8.
    shortcut: order_bound dependency=Size(K) < 2^target excludes weak-GP8.
    shortcut: order_bound dependency=Size(K) < 2^target excludes weak-GP8.
    shortcut: order_bound dependency=Size(K) < 2^target excludes weak-GP8.
    shortcut: order_bound dependency=Size(K) < 2^target excludes weak-GP8.
    shortcut: order_bound dependency=Size(K) < 2^target excludes weak-GP8.
    shortcut: order_bound dependency=Size(K) < 2^target excludes weak-GP8.
    shortcut: order_bound dependency=Size(K) < 2^target excludes weak-GP8.
    shortcut: order_bound dependency=Size(K) < 2^target excludes weak-GP8.
    shortcut: order_bound dependency=Size(K) < 2^target excludes weak-GP8.
    shortcut: order_bound dependency=Size(K) < 2^target excludes weak-GP8.
    shortcut: order_bound dependency=Size(K) < 2^target excludes weak-GP8.
    shortcut: order_bound dependency=Size(K) < 2^target excludes weak-GP8.
  checked=400 top_class=3 local_index=900 size=48 struct=C2 x S4
    shortcut: order_bound dependency=Size(K) < 2^target excludes weak-GP8.
    shortcut: order_bound dependency=Size(K) < 2^target excludes weak-GP8.
    shortcut: order_bound dependency=Size(K) < 2^target excludes weak-GP8.
    shortcut: order_bound dependency=Size(K) < 2^target excludes weak-GP8.
    shortcut: order_bound dependency=Size(K) < 2^target excludes weak-GP8.
    shortcut: order_bound dependency=Size(K) < 2^target excludes weak-GP8.
    shortcut: order_bound dependency=Size(K) < 2^target excludes weak-GP8.
    shortcut: order_bound dependency=Size(K) < 2^target excludes weak-GP8.
    shortcut: order_bound dependency=Size(K) < 2^target excludes weak-GP8.
    shortcut: order_bound dependency=Size(K) < 2^target excludes weak-GP8.
    shortcut: order_bound dependency=Size(K) < 2^target excludes weak-GP8.
    shortcut: order_bound dependency=Size(K) < 2^target excludes weak-GP8.
    shortcut: order_bound dependency=Size(K) < 2^target excludes weak-GP8.
    shortcut: order_bound dependency=Size(K) < 2^target excludes weak-GP8.
    shortcut: order_bound dependency=Size(K) < 2^target excludes weak-GP8.
    shortcut: order_bound dependency=Size(K) < 2^target excludes weak-GP8.
    shortcut: order_bound dependency=Size(K) < 2^target excludes weak-GP8.
    shortcut: order_bound dependency=Size(K) < 2^target excludes weak-GP8.
    shortcut: order_bound dependency=Size(K) < 2^target excludes weak-GP8.
    shortcut: order_bound dependency=Size(K) < 2^target excludes weak-GP8.
    shortcut: order_bound dependency=Size(K) < 2^target excludes weak-GP8.
    shortcut: order_bound dependency=Size(K) < 2^target excludes weak-GP8.
    shortcut: order_bound dependency=Size(K) < 2^target excludes weak-GP8.
    shortcut: order_bound dependency=Size(K) < 2^target excludes weak-GP8.
    shortcut: order_bound dependency=Size(K) < 2^target excludes weak-GP8.
  checked=425 top_class=3 local_index=925 size=48 struct=C2 x S4
    shortcut: order_bound dependency=Size(K) < 2^target excludes weak-GP8.
    shortcut: order_bound dependency=Size(K) < 2^target excludes weak-GP8.
    shortcut: order_bound dependency=Size(K) < 2^target excludes weak-GP8.
    shortcut: order_bound dependency=Size(K) < 2^target excludes weak-GP8.
    shortcut: order_bound dependency=Size(K) < 2^target excludes weak-GP8.
    shortcut: order_bound dependency=Size(K) < 2^target excludes weak-GP8.
    shortcut: order_bound dependency=Size(K) < 2^target excludes weak-GP8.
    shortcut: order_bound dependency=Size(K) < 2^target excludes weak-GP8.
    shortcut: order_bound dependency=Size(K) < 2^target excludes weak-GP8.
    shortcut: order_bound dependency=Size(K) < 2^target excludes weak-GP8.
    shortcut: order_bound dependency=Size(K) < 2^target excludes weak-GP8.
    shortcut: order_bound dependency=Size(K) < 2^target excludes weak-GP8.
    shortcut: order_bound dependency=Size(K) < 2^target excludes weak-GP8.
    shortcut: order_bound dependency=Size(K) < 2^target excludes weak-GP8.
    shortcut: order_bound dependency=Size(K) < 2^target excludes weak-GP8.
    shortcut: order_bound dependency=Size(K) < 2^target excludes weak-GP8.
    shortcut: order_bound dependency=Size(K) < 2^target excludes weak-GP8.
    shortcut: order_bound dependency=Size(K) < 2^target excludes weak-GP8.
    shortcut: order_bound dependency=Size(K) < 2^target excludes weak-GP8.
    shortcut: order_bound dependency=Size(K) < 2^target excludes weak-GP8.
    shortcut: order_bound dependency=Size(K) < 2^target excludes weak-GP8.
    shortcut: order_bound dependency=Size(K) < 2^target excludes weak-GP8.
    shortcut: order_bound dependency=Size(K) < 2^target excludes weak-GP8.
    shortcut: order_bound dependency=Size(K) < 2^target excludes weak-GP8.
    shortcut: order_bound dependency=Size(K) < 2^target excludes weak-GP8.
  checked=450 top_class=3 local_index=950 size=60 struct=A5
    shortcut: order_bound dependency=Size(K) < 2^target excludes weak-GP8.
    shortcut: order_bound dependency=Size(K) < 2^target excludes weak-GP8.
    shortcut: order_bound dependency=Size(K) < 2^target excludes weak-GP8.
    shortcut: order_bound dependency=Size(K) < 2^target excludes weak-GP8.
    shortcut: order_bound dependency=Size(K) < 2^target excludes weak-GP8.
    shortcut: order_bound dependency=Size(K) < 2^target excludes weak-GP8.
    shortcut: order_bound dependency=Size(K) < 2^target excludes weak-GP8.
    shortcut: order_bound dependency=Size(K) < 2^target excludes weak-GP8.
    shortcut: order_bound dependency=Size(K) < 2^target excludes weak-GP8.
    shortcut: order_bound dependency=Size(K) < 2^target excludes weak-GP8.
    shortcut: order_bound dependency=Size(K) < 2^target excludes weak-GP8.
    shortcut: order_bound dependency=Size(K) < 2^target excludes weak-GP8.
    shortcut: order_bound dependency=Size(K) < 2^target excludes weak-GP8.
    shortcut: order_bound dependency=Size(K) < 2^target excludes weak-GP8.
    shortcut: order_bound dependency=Size(K) < 2^target excludes weak-GP8.
    shortcut: order_bound dependency=Size(K) < 2^target excludes weak-GP8.
    shortcut: order_bound dependency=Size(K) < 2^target excludes weak-GP8.
    shortcut: order_bound dependency=Size(K) < 2^target excludes weak-GP8.
    shortcut: order_bound dependency=Size(K) < 2^target excludes weak-GP8.
    shortcut: order_bound dependency=Size(K) < 2^target excludes weak-GP8.
    shortcut: order_bound dependency=Size(K) < 2^target excludes weak-GP8.
    shortcut: order_bound dependency=Size(K) < 2^target excludes weak-GP8.
    shortcut: order_bound dependency=Size(K) < 2^target excludes weak-GP8.
    shortcut: order_bound dependency=Size(K) < 2^target excludes weak-GP8.
    shortcut: order_bound dependency=Size(K) < 2^target excludes weak-GP8.
  checked=475 top_class=3 local_index=975 size=64 struct=D8 : (C4 x C2)
    shortcut: order_bound dependency=Size(K) < 2^target excludes weak-GP8.
    shortcut: order_bound dependency=Size(K) < 2^target excludes weak-GP8.
    shortcut: order_bound dependency=Size(K) < 2^target excludes weak-GP8.
    shortcut: order_bound dependency=Size(K) < 2^target excludes weak-GP8.
    shortcut: order_bound dependency=Size(K) < 2^target excludes weak-GP8.
    shortcut: order_bound dependency=Size(K) < 2^target excludes weak-GP8.
    shortcut: order_bound dependency=Size(K) < 2^target excludes weak-GP8.
    shortcut: order_bound dependency=Size(K) < 2^target excludes weak-GP8.
    shortcut: order_bound dependency=Size(K) < 2^target excludes weak-GP8.
    shortcut: order_bound dependency=Size(K) < 2^target excludes weak-GP8.
    shortcut: order_bound dependency=Size(K) < 2^target excludes weak-GP8.
    shortcut: order_bound dependency=Size(K) < 2^target excludes weak-GP8.
    shortcut: order_bound dependency=Size(K) < 2^target excludes weak-GP8.
    shortcut: order_bound dependency=Size(K) < 2^target excludes weak-GP8.
    shortcut: order_bound dependency=Size(K) < 2^target excludes weak-GP8.
    shortcut: order_bound dependency=Size(K) < 2^target excludes weak-GP8.
    shortcut: order_bound dependency=Size(K) < 2^target excludes weak-GP8.
    shortcut: order_bound dependency=Size(K) < 2^target excludes weak-GP8.
    shortcut: order_bound dependency=Size(K) < 2^target excludes weak-GP8.
    shortcut: order_bound dependency=Size(K) < 2^target excludes weak-GP8.
    shortcut: order_bound dependency=Size(K) < 2^target excludes weak-GP8.
    shortcut: order_bound dependency=Size(K) < 2^target excludes weak-GP8.
    shortcut: order_bound dependency=Size(K) < 2^target excludes weak-GP8.
    shortcut: order_bound dependency=Size(K) < 2^target excludes weak-GP8.
    shortcut: order_bound dependency=Size(K) < 2^target excludes weak-GP8.
  checked=500 top_class=3 local_index=1000 size=
64 struct=((C4 x C2) : C2) : (C2 x C2)
    shortcut: order_bound dependency=Size(K) < 2^target excludes weak-GP8.
  completed M24 maximal class 3 checked=500 requested_range=[501, 
1000] no weak-GP8 found.
Checked subgroup-class representatives = 500
SUCCESS: no proper subgroup of M24 has weak-GP
8; hence every proper subgroup has i <= 7.
