Built M24, order = 244823040
GAP version = 4.15.1
Target proper-subgroup weak-GP exclusion length = 8
Selected top maximal classes = [ 8, 9 ]
Subgroup index range = [1, infinity]
M24 maximal subgroup classes = 9
1: size=10200960 index=24 struct=M23
2: size=887040 index=276 struct=M22 : C2
3: size=322560 index=759 struct=(C2 x C2 x C2 x C2) : A8
4: size=190080 index=1288 struct=M12 : C2
5: size=138240 index=
1771 struct=(C2 x C2 x C2 x C2 x C2 x C2) : ((C3 . A6) : C2)
6: size=120960 index=2024 struct=PSL(3,4) : S3
7: size=64512 index=
3795 struct=(C2 x C2 x C2 x C2 x C2 x C2) : (PSL(3,2) x S3)
8: size=6072 index=40320 struct=PSL(2,23)
9: size=168 index=1457280 struct=PSL(3,2)
Checking M24 maximal class 8: size=6072 struct=PSL(2,23) target_no_weakGP=8
  subgroup class representatives = 23 enumeration_ms=40
  checking local_subgroup_index=1 checked_in_range=1 size=1 struct=1
  checking local_subgroup_index=5 checked_in_range=5 size=4 struct=C2 x C2
  checking local_subgroup_index=10 checked_in_range=10 size=8 struct=D8
  checking local_subgroup_index=15 checked_in_range=15 size=12 struct=A4
  checking local_subgroup_index=20 checked_in_range=20 size=24 struct=S4
  completed M24 maximal class 8 checked=23 requested_range=[1, 23] no weak-GP
8 found.
Checking M24 maximal class 9: size=168 struct=PSL(3,2) target_no_weakGP=8
  subgroup class representatives = 15 enumeration_ms=19
  checking local_subgroup_index=1 checked_in_range=1 size=1 struct=1
  checking local_subgroup_index=5 checked_in_range=5 size=4 struct=C2 x C2
  checking local_subgroup_index=10 checked_in_range=10 size=12 struct=A4
  checking local_subgroup_index=15 checked_in_range=15 size=
168 struct=PSL(3,2)
  completed M24 maximal class 9 checked=15 requested_range=[1, 15] no weak-GP
8 found.
SUCCESS: selected M24 maximal classes have no subgroup with weak-GP
8 in the checked ranges.
When run for all classes 2..9 with TargetProperUpper=8, this proves every prop\
er subgroup of M24 has i <= 7, using the previous M23 verification for class 1\
.
When run for non-exceptional classes 4,6,7,8,9 with TargetProperUpper=7, this \
excludes those classes from a hypothetical weak-GP8 family of maximal subgroup\
s of M24.
        2.27 real         1.93 user         0.07 sys
           163151872  maximum resident set size
                   0  average shared memory size
                   0  average unshared data size
                   0  average unshared stack size
               27551  page reclaims
                  36  page faults
                   0  swaps
                   0  block input operations
                   0  block output operations
                  16  messages sent
                  31  messages received
                   0  signals received
                  41  voluntary context switches
                1739  involuntary context switches
         31981402542  instructions retired
          7976750346  cycles elapsed
           160989664  peak memory footprint
