Built McL, order = 898128000, degree = 275
GAP version = 4.15.1
Target weak-GP length = 7
UsePrebuiltActionData = true
UseCanonicalIndexOrder = false
UseRankMonotoneOrder = true
UseMovedPointCandidateFilter = true
UseOmegaPrune = true
UseDeadSetCache = true min_depth=3
Selected maximal classes = [ 1, 2, 3, 6, 7, 8, 9, 10 ]
Total selected maximal subgroups = 108825
Using prebuilt conjugation action: degree = 108825 size = 898128000
Verified selected maximal class representatives are self-normalizing for moved\
-point filtering.
Branch minimum_selected_rank=1 class=1 first_index=1
Next orbit representatives for firstRank=1: 
[ 2, 3, 276, 278, 911, 2301, 2303, 2306, 4326, 4333, 4378, 4438, 19726, 
  19728, 20368, 20507, 42001, 42023, 64276, 64278, 64281, 69641, 86551, 
  86553, 86555, 90212 ]
Next classes: [ 1, 1, 2, 2, 2, 3, 3, 3, 6, 6, 6, 6, 7, 7, 7, 7, 8, 8, 9, 9, 
  9, 9, 10, 10, 10, 10 ]
Branch minimum_selected_rank=2 class=2 first_index=276
Next orbit representatives for firstRank=2: 
[ 277, 279, 917, 2301, 2304, 2350, 2486, 4326, 4327, 4438, 4440, 4552, 19726, 
  19727, 19893, 19896, 20211, 42001, 42043, 64276, 64281, 64302, 64304, 
  64870, 86551, 86553, 86572, 86786, 87121 ]
Next classes: [ 2, 2, 2, 3, 3, 3, 3, 6, 6, 6, 6, 6, 7, 7, 7, 7, 7, 8, 8, 9, 
  9, 9, 9, 9, 10, 10, 10, 10, 10 ]
Branch minimum_selected_rank=3 class=3 first_index=2301
Next orbit representatives for firstRank=3: [ 2302, 2303, 2838, 4326, 4340, 
  4346, 5434, 5448, 19726, 19727, 19888, 19895, 20210, 42007, 42016, 64279, 
  64283, 64284, 66458, 66481, 86551, 86558, 86561, 87667, 87668 ]
Next classes: [ 3, 3, 3, 6, 6, 6, 6, 6, 7, 7, 7, 7, 7, 8, 8, 9, 9, 9, 9, 9, 
  10, 10, 10, 10, 10 ]
Branch minimum_selected_rank=4 class=6 first_index=4326
Next orbit representatives for firstRank=4: [ 4327, 4329, 4584, 15761, 19727, 
  19734, 19996, 21659, 42136, 64282, 64286, 64304, 65411, 86551, 87680, 
  87829, 91550 ]
Next classes: [ 6, 6, 6, 6, 7, 7, 7, 7, 8, 9, 9, 9, 9, 10, 10, 10, 10 ]
Branch minimum_selected_rank=5 class=7 first_index=19726
Next orbit representatives for firstRank=5: 
[ 19727, 19741, 20071, 20080, 39854, 42057, 47311, 64320, 64323, 64367, 
  64871, 65957, 86552, 86568, 86858, 87170, 87223 ]
Next classes: [ 7, 7, 7, 7, 7, 8, 8, 9, 9, 9, 9, 9, 10, 10, 10, 10, 10 ]
Branch minimum_selected_rank=6 class=8 first_index=42001
Next orbit representatives for firstRank=6: 
[ 42008, 64408, 68032, 86789, 92056 ]
Next classes: [ 8, 9, 9, 10, 10 ]
Branch minimum_selected_rank=7 class=9 first_index=64276
Next orbit representatives for firstRank=7: 
[ 64277, 64408, 66012, 67958, 86573, 86581, 86593, 86603, 87099, 87220 ]
Next classes: [ 9, 9, 9, 9, 10, 10, 10, 10, 10, 10 ]
Branch minimum_selected_rank=8 class=10 first_index=86551
Next orbit representatives for firstRank=8: [ 86552, 86782, 88342, 89254 ]
Next classes: [ 10, 10, 10, 10 ]
LISTING_COMPLETE: depth-2 representatives listed for McL. This is not an upper\
-bound certificate.
