Framework cached upper-bound run for McL
GAP version = 4.15.1
UB framework version = 2026-05-12-known-i-shortcut
Target weak-GP length = 7
Prebuilt selected maximal classes = [ 1, 2, 3, 6, 7, 8, 9, 10 ]
Total prebuilt maximal subgroups = 108825
Action degree = 108825 size = 898128000
UseRankMonotoneOrder = true
UseMovedPointCandidateFilter = true
UseDeadSetCache = true min_depth=3
FixedPrefixes count = 4
Using fixed prefix: [ 4326, 65945 ] classes=[ 6, 9 ]
Using fixed prefix: [ 4326, 86551 ] classes=[ 6, 10 ]
Using fixed prefix: [ 4326, 87734 ] classes=[ 6, 10 ]
Using fixed prefix: [ 4326, 87756 ] classes=[ 6, 10 ]
RESULT=partial_success
NODES=47
NODES_BY_DEPTH=[ 0, 4, 22, 21, 0, 0, 0 ]
BRANCH_STATS=[ 0, 0, 22, 21, 0, 0, 0 ]
SUCCESS: framework cached no weak-GP
7 run completed for McL with status partial_success.
