Built McL, order = 898128000, degree = 275
GAP version = 4.15.1
Member witness length = 6
MaxDimSearchNodeLimit = 500000
Top class 1: size=3265920 struct=PSU(4,3)
  subgroup class reps = 381
  checked 25/381
  checked 50/381
  checked 75/381
  checked 100/381
  checked 125/381
  checked 150/381
  checked 175/381
  checked 200/381
  checked 225/381
  checked 250/381
  checked 275/381
  checked 300/381
  KEEP class 1: subgroup index 302 size=
324 struct=C3 x ((C3 x C3 x C3) : (C2 x C2)) has weak-GP6 classPattern=
[ 1, 4, 5, 5, 6, 7 ]
Top class 2: size=443520 struct=M22
  subgroup class reps = 156
  checked 25/156
  checked 50/156
  checked 75/156
  checked 100/156
  checked 125/156
  checked 150/156
  KEEP class 2: subgroup index 156 size=443520 struct=M22 has weak-GP
6 classPattern=[ 1, 1, 2, 2, 2, 2 ]
Top class 3: size=443520 struct=M22
  subgroup class reps = 156
  checked 25/156
  checked 50/156
  checked 75/156
  checked 100/156
  checked 125/156
  checked 150/156
  KEEP class 3: subgroup index 156 size=443520 struct=M22 has weak-GP
6 classPattern=[ 1, 1, 2, 2, 2, 2 ]
Top class 4: size=126000 struct=PSU(3,5)
  subgroup class reps = 80
  checked 25/80
  checked 50/80
  checked 75/80
  EXCLUDE class 4: no subgroup class representative has weak-GP6.
Top class 5: size=
58320 struct=((C3 x ((C3 x C3) : C3)) : C3) : (C2 . S5 = SL(2,5) . C2)
  subgroup class reps = 160
  checked 25/160
  checked 50/160
  checked 75/160
  checked 100/160
  checked 125/160
  checked 150/160
  EXCLUDE class 5: no subgroup class representative has weak-GP6.
Top class 6: size=58320 struct=(C3 x C3 x C3 x C3) : (A6 . C2)
  subgroup class reps = 236
  checked 25/236
  checked 50/236
  checked 75/236
  checked 100/236
  checked 125/236
  checked 150/236
  checked 175/236
  KEEP class 6: subgroup index 195 size=
324 struct=C3 x ((C3 x C3 x C3) : (C2 x C2)) has weak-GP6 classPattern=
[ 1, 4, 5, 6, 7, 7 ]
Top class 7: size=40320 struct=PSL(3,4) : C2
  subgroup class reps = 152
  checked 25/152
  checked 50/152
  checked 75/152
  checked 100/152
  checked 125/152
  checked 150/152
  KEEP class 7: subgroup index 152 size=40320 struct=PSL(3,4) : C2 has weak-GP
6 classPattern=[ 1, 2, 3, 4, 4, 5 ]
Top class 8: size=40320 struct=C2 . A8
  subgroup class reps = 168
  checked 25/168
  checked 50/168
  checked 75/168
  checked 100/168
  checked 125/168
  checked 150/168
  KEEP class 8: subgroup index 168 size=40320 struct=C2 . A8 has weak-GP
6 classPattern=[ 1, 4, 4, 5, 6, 6 ]
Top class 9: size=40320 struct=(C2 x C2 x C2 x C2) : A7
  subgroup class reps = 189
  checked 25/189
  checked 50/189
  checked 75/189
  checked 100/189
  checked 125/189
  checked 150/189
  checked 175/189
  KEEP class 9: subgroup index 189 size=
40320 struct=(C2 x C2 x C2 x C2) : A7 has weak-GP6 classPattern=
[ 1, 2, 5, 5, 6, 6 ]
Top class 10: size=40320 struct=(C2 x C2 x C2 x C2) : A7
  subgroup class reps = 189
  checked 25/189
  checked 50/189
  checked 75/189
  checked 100/189
  checked 125/189
  checked 150/189
  checked 175/189
  KEEP class 10: subgroup index 189 size=
40320 struct=(C2 x C2 x C2 x C2) : A7 has weak-GP6 classPattern=
[ 1, 2, 3, 3, 4, 4 ]
Top class 11: size=7920 struct=M11
  subgroup class reps = 39
  checked 25/39
  EXCLUDE class 11: no subgroup class representative has weak-GP6.
Top class 12: size=3000 struct=((C5 x C5) : C5) : (C3 : C8)
  subgroup class reps = 30
  checked 25/30
  EXCLUDE class 12: no subgroup class representative has weak-GP6.
SURVIVORS=[ 1, 2, 3, 6, 7, 8, 9, 10 ]
EXCLUDED=[ 4, 5, 11, 12 ]
SUCCESS: member-i filter complete for McL.
