Framework cached upper-bound run for McL
GAP version = 4.15.1
UB framework version = 2026-05-12-known-i-shortcut
Target weak-GP length = 7
Prebuilt selected maximal classes = [ 1, 2, 3, 6, 7, 8, 9, 10 ]
Total prebuilt maximal subgroups = 108825
Action degree = 108825 size = 898128000
UseRankMonotoneOrder = true
UseMovedPointCandidateFilter = true
UseDeadSetCache = true min_depth=3
FixedPrefixes count = 4
Using fixed prefix: [ 19726, 87170 ] classes=[ 7, 10 ]
Using fixed prefix: [ 19726, 87223 ] classes=[ 7, 10 ]
Using fixed prefix: [ 42001, 42008 ] classes=[ 8, 8 ]
Using fixed prefix: [ 42001, 64408 ] classes=[ 8, 9 ]
RESULT=partial_success
NODES=139
NODES_BY_DEPTH=[ 0, 4, 43, 75, 17, 0, 0 ]
BRANCH_STATS=[ 0, 0, 43, 75, 17, 0, 0 ]
SUCCESS: framework cached no weak-GP
7 run completed for McL with status partial_success.
