Max class 1: 112 conjugates, size 29160, (C3 x C3 x C3 x C3) : A6
Building conjugation action on selected maximal subgroups...
Action degree = 112 size = 3265920 build_ms = 107
Built U4(3), order = 3265920
GAP version = 4.15.1
Target weak-GP length = 7
UsePrebuiltActionData = false
UseCanonicalIndexOrder = false
UseRankMonotoneOrder = true
UseMovedPointCandidateFilter = true
UseOmegaPrune = true
UseDeadSetCache = true min_depth=3
Selected maximal classes = [ 1 ]
Total selected maximal subgroups = 112
Verified selected maximal class representatives are self-normalizing for moved\
-point filtering.
Branch minimum_selected_rank=1 class=1 first_index=1
Completed branch minimum_selected_rank=1 class=1 nodes=7 nodes_by_depth=
[ 1, 2, 4, 0, 0, 0, 0 ] orbit_reps_by_next_depth=[ 0, 2, 4, 0, 0, 0, 0 ]
SUCCESS: no weak-GP7 family exists in U4(3) among selected maximal classes 
[ 1 ].
